Archive member included to satisfy reference by file (symbol)

/usr/lib/gcc/arm-none-eabi/4.8/armv7e-m/libgcc.a(_arm_addsubdf3.o)
                              build/obj/chprintf.o (__aeabi_dsub)
/usr/lib/gcc/arm-none-eabi/4.8/armv7e-m/libgcc.a(_arm_muldivdf3.o)
                              build/obj/chprintf.o (__aeabi_dmul)
/usr/lib/gcc/arm-none-eabi/4.8/armv7e-m/libgcc.a(_arm_fixdfsi.o)
                              build/obj/chprintf.o (__aeabi_d2iz)
/usr/lib/gcc/arm-none-eabi/4.8/armv7e-m/libgcc.a(_arm_truncdfsf2.o)
                              build/obj/chprintf.o (__aeabi_d2f)
/usr/lib/gcc/arm-none-eabi/4.8/../../../arm-none-eabi/lib/armv7e-m/libc.a(lib_a-memcpy.o)
                              build/obj/memstreams.o (memcpy)
/usr/lib/gcc/arm-none-eabi/4.8/../../../arm-none-eabi/lib/armv7e-m/libc.a(lib_a-memset.o)
                              build/obj/usb.o (memset)

Discarded input sections

 .text          0x0000000000000000        0x0 build/obj/crt0.o
 .data          0x0000000000000000        0x0 build/obj/crt0.o
 .bss           0x0000000000000000        0x0 build/obj/crt0.o
 .text.__early_init
                0x0000000000000000       0x10 build/obj/crt0.o
 .text          0x0000000000000000        0x0 build/obj/vectors.o
 .data          0x0000000000000000        0x0 build/obj/vectors.o
 .bss           0x0000000000000000        0x0 build/obj/vectors.o
 .text          0x0000000000000000        0x0 build/obj/chcore.o
 .data          0x0000000000000000        0x0 build/obj/chcore.o
 .bss           0x0000000000000000        0x0 build/obj/chcore.o
 .text          0x0000000000000000        0x0 build/obj/chcore_v7m.o
 .data          0x0000000000000000        0x0 build/obj/chcore_v7m.o
 .bss           0x0000000000000000        0x0 build/obj/chcore_v7m.o
 .text          0x0000000000000000        0x0 build/obj/nvic.o
 .data          0x0000000000000000        0x0 build/obj/nvic.o
 .bss           0x0000000000000000        0x0 build/obj/nvic.o
 .text.nvicDisableVector
                0x0000000000000000       0x50 build/obj/nvic.o
 .text          0x0000000000000000        0x0 build/obj/chsys.o
 .data          0x0000000000000000        0x0 build/obj/chsys.o
 .bss           0x0000000000000000        0x0 build/obj/chsys.o
 .text          0x0000000000000000        0x0 build/obj/chdebug.o
 .data          0x0000000000000000        0x0 build/obj/chdebug.o
 .bss           0x0000000000000000        0x0 build/obj/chdebug.o
 .text.dbg_check_disable
                0x0000000000000000       0x30 build/obj/chdebug.o
 .text.dbg_check_suspend
                0x0000000000000000       0x30 build/obj/chdebug.o
 .text          0x0000000000000000        0x0 build/obj/chlists.o
 .data          0x0000000000000000        0x0 build/obj/chlists.o
 .bss           0x0000000000000000        0x0 build/obj/chlists.o
 .debug_info    0x0000000000000000       0x79 build/obj/chlists.o
 .debug_abbrev  0x0000000000000000       0x26 build/obj/chlists.o
 .debug_aranges
                0x0000000000000000       0x18 build/obj/chlists.o
 .debug_line    0x0000000000000000       0x1d build/obj/chlists.o
 .debug_str     0x0000000000000000      0x1f2 build/obj/chlists.o
 .comment       0x0000000000000000       0x21 build/obj/chlists.o
 .ARM.attributes
                0x0000000000000000       0x37 build/obj/chlists.o
 .text          0x0000000000000000        0x0 build/obj/chvt.o
 .data          0x0000000000000000        0x0 build/obj/chvt.o
 .bss           0x0000000000000000        0x0 build/obj/chvt.o
 .text.chTimeIsWithin
                0x0000000000000000       0x30 build/obj/chvt.o
 .text          0x0000000000000000        0x0 build/obj/chschd.o
 .data          0x0000000000000000        0x0 build/obj/chschd.o
 .bss           0x0000000000000000        0x0 build/obj/chschd.o
 .text.chSchRescheduleS
                0x0000000000000000       0x30 build/obj/chschd.o
 .text          0x0000000000000000        0x0 build/obj/chthreads.o
 .data          0x0000000000000000        0x0 build/obj/chthreads.o
 .bss           0x0000000000000000        0x0 build/obj/chthreads.o
 .text._thread_memfill
                0x0000000000000000       0x10 build/obj/chthreads.o
 .text.chThdSetPriority
                0x0000000000000000       0x50 build/obj/chthreads.o
 .text.chThdResume
                0x0000000000000000       0x40 build/obj/chthreads.o
 .text.chThdTerminate
                0x0000000000000000       0x30 build/obj/chthreads.o
 .text.chThdSleepUntil
                0x0000000000000000       0x30 build/obj/chthreads.o
 .text.chThdYield
                0x0000000000000000       0x30 build/obj/chthreads.o
 .text.chThdWait
                0x0000000000000000       0x80 build/obj/chthreads.o
 .text          0x0000000000000000        0x0 build/obj/chdynamic.o
 .data          0x0000000000000000        0x0 build/obj/chdynamic.o
 .bss           0x0000000000000000        0x0 build/obj/chdynamic.o
 .text.chThdAddRef
[...]
Memory Configuration

Name             Origin             Length             Attributes
flash            0x0000000008000000 0x0000000000040000
ram              0x0000000020000000 0x000000000000a000
ccmram           0x0000000010000000 0x0000000000002000
*default*        0x0000000000000000 0xffffffffffffffff

Linker script and memory map

LOAD build/obj/crt0.o
LOAD build/obj/vectors.o
LOAD build/obj/chcore.o
LOAD build/obj/chcore_v7m.o
LOAD build/obj/nvic.o
LOAD build/obj/chsys.o
LOAD build/obj/chdebug.o
LOAD build/obj/chlists.o
LOAD build/obj/chvt.o
LOAD build/obj/chschd.o
LOAD build/obj/chthreads.o
LOAD build/obj/chdynamic.o
LOAD build/obj/chregistry.o
LOAD build/obj/chsem.o
LOAD build/obj/chmtx.o
LOAD build/obj/chcond.o
LOAD build/obj/chevents.o
LOAD build/obj/chmsg.o
LOAD build/obj/chmboxes.o
LOAD build/obj/chqueues.o
LOAD build/obj/chmemcore.o
LOAD build/obj/chheap.o
LOAD build/obj/chmempools.o
LOAD build/obj/hal.o
LOAD build/obj/adc.o
LOAD build/obj/can.o
LOAD build/obj/ext.o
LOAD build/obj/gpt.o
LOAD build/obj/i2c.o
LOAD build/obj/icu.o
LOAD build/obj/mac.o
LOAD build/obj/mmc_spi.o
LOAD build/obj/mmcsd.o
LOAD build/obj/pal.o
LOAD build/obj/pwm.o
LOAD build/obj/rtc.o
LOAD build/obj/sdc.o
LOAD build/obj/serial.o
LOAD build/obj/serial_usb.o
LOAD build/obj/spi.o
LOAD build/obj/tm.o
LOAD build/obj/uart.o
LOAD build/obj/usb.o
LOAD build/obj/stm32_dma.o
LOAD build/obj/hal_lld.o
LOAD build/obj/adc_lld.o
LOAD build/obj/ext_lld_isr.o
LOAD build/obj/can_lld.o
LOAD build/obj/ext_lld.o
LOAD build/obj/gpt_lld.o
LOAD build/obj/icu_lld.o
LOAD build/obj/pwm_lld.o
LOAD build/obj/pal_lld.o
LOAD build/obj/i2c_lld.o
LOAD build/obj/rtc_lld.o
LOAD build/obj/spi_lld.o
LOAD build/obj/serial_lld.o
LOAD build/obj/uart_lld.o
LOAD build/obj/usb_lld.o
LOAD build/obj/board.o
LOAD build/obj/syscalls.o
LOAD build/obj/evtimer.o
LOAD build/obj/chprintf.o
LOAD build/obj/memstreams.o
LOAD build/obj/usbcfg.o
LOAD build/obj/main.o
LOAD build/obj/adc_it.o
LOAD build/obj/my_process.o
LOAD build/obj/my_kirim.o
LOAD build/obj/my_pin.o
LOAD build/obj/stm32f30x_adc.o
LOAD build/obj/stm32f30x_can.o
LOAD build/obj/stm32f30x_crc.o
LOAD build/obj/stm32f30x_comp.o
LOAD build/obj/stm32f30x_dac.o
LOAD build/obj/stm32f30x_dbgmcu.o
LOAD build/obj/stm32f30x_dma.o
LOAD build/obj/stm32f30x_exti.o
LOAD build/obj/stm32f30x_flash.o
LOAD build/obj/stm32f30x_gpio.o
LOAD build/obj/stm32f30x_syscfg.o
LOAD build/obj/stm32f30x_iwdg.o
LOAD build/obj/stm32f30x_opamp.o
LOAD build/obj/stm32f30x_pwr.o
LOAD build/obj/stm32f30x_rtc.o
LOAD build/obj/stm32f30x_spi.o
LOAD build/obj/stm32f30x_tim.o
LOAD build/obj/stm32f30x_usart.o
LOAD build/obj/stm32f30x_wwdg.o
LOAD build/obj/stm32f30x_misc.o
START GROUP
LOAD /usr/lib/gcc/arm-none-eabi/4.8/armv7e-m/libgcc.a
LOAD /usr/lib/gcc/arm-none-eabi/4.8/../../../arm-none-eabi/lib/armv7e-m/libc.a
END GROUP
                0x0000000000000400                __main_stack_size__ = 0x400
                0x0000000000000400                __process_stack_size__ = 0x400
                0x0000000020000000                __ram_start__ = ORIGIN (ram)
                0x000000000000a000                __ram_size__ = 0xa000
                0x000000002000a000                __ram_end__ = (__ram_start__ + __ram_size__)
                0x0000000000000000                . = 0x0
                0x0000000000000000                _text = .

startup         0x0000000008000000      0x188
 *(vectors)
 vectors        0x0000000008000000      0x188 build/obj/vectors.o
                0x0000000008000000                _vectors

constructors    0x0000000008000188        0x0
                0x0000000008000188                PROVIDE (__init_array_start, .)
 *(SORT(.init_array.*))
 *(.init_array)
                0x0000000008000188                PROVIDE (__init_array_end, .)

destructors     0x0000000008000188        0x0
                0x0000000008000188                PROVIDE (__fini_array_start, .)
 *(.fini_array)
 *(SORT(.fini_array.*))
                0x0000000008000188                PROVIDE (__fini_array_end, .)

.text           0x0000000008000190     0x7700
 *(.text.startup.*)
 .text.startup.main
                0x0000000008000190      0x590 build/obj/main.o
                0x0000000008000190                main
 *(.text)
 .text          0x0000000008000720      0x370 /usr/lib/gcc/arm-none-eabi/4.8/armv7e-m/libgcc.a(_arm_addsubdf3.o)
                0x0000000008000720                __aeabi_drsub
                0x0000000008000728                __aeabi_dsub
                0x0000000008000728                __subdf3
                0x000000000800072c                __adddf3
                0x000000000800072c                __aeabi_dadd
                0x00000000080009a4                __aeabi_ui2d
                0x00000000080009a4                __floatunsidf
                0x00000000080009c4                __floatsidf
                0x00000000080009c4                __aeabi_i2d
                0x00000000080009e8                __extendsfdf2
                0x00000000080009e8                __aeabi_f2d
                0x0000000008000a24                __aeabi_ul2d
                0x0000000008000a24                __floatundidf
                0x0000000008000a34                __floatdidf
                0x0000000008000a34                __aeabi_l2d
 .text          0x0000000008000a90      0x424 /usr/lib/gcc/arm-none-eabi/4.8/armv7e-m/libgcc.a(_arm_muldivdf3.o)
                0x0000000008000a90                __aeabi_dmul
                0x0000000008000a90                __muldf3
                0x0000000008000ce4                __aeabi_ddiv
                0x0000000008000ce4                __divdf3
 *fill*         0x0000000008000eb4        0xc 
 .text          0x0000000008000ec0       0x50 /usr/lib/gcc/arm-none-eabi/4.8/armv7e-m/libgcc.a(_arm_fixdfsi.o)
                0x0000000008000ec0                __fixdfsi
                0x0000000008000ec0                __aeabi_d2iz
 .text          0x0000000008000f10       0xa0 /usr/lib/gcc/arm-none-eabi/4.8/armv7e-m/libgcc.a(_arm_truncdfsf2.o)
                0x0000000008000f10                __aeabi_d2f
                0x0000000008000f10                __truncdfsf2
 *(.text.*)
 .text.__late_init
                0x0000000008000fb0       0x10 build/obj/crt0.o
                0x0000000008000fb0                __late_init
 .text._default_exit
                0x0000000008000fc0       0x10 build/obj/crt0.o
                0x0000000008000fc0                _default_exit
 .text.ResetHandler
                0x0000000008000fd0      0x120 build/obj/crt0.o
                0x0000000008000fd0                ResetHandler
 .text._unhandled_exception
                0x00000000080010f0       0x10 build/obj/vectors.o
                0x00000000080010f0                Vector58
                0x00000000080010f0                VectorE8
                0x00000000080010f0                Vector9C
                0x00000000080010f0                Vector5C
                0x00000000080010f0                NMIVector
                0x00000000080010f0                Vector11C
                0x00000000080010f0                Vector110
                0x00000000080010f0                VectorC8
                0x00000000080010f0                VectorA8
                0x00000000080010f0                Vector160
                0x00000000080010f0                VectorEC
                0x00000000080010f0                UsageFaultVector
                0x00000000080010f0                DebugMonitorVector
                0x00000000080010f0                Vector40
                0x00000000080010f0                Vector108
                0x00000000080010f0                VectorBC
                0x00000000080010f0                Vector150
                0x00000000080010f0                Vector148
                0x00000000080010f0                PendSVVector
                0x00000000080010f0                Vector118
                0x00000000080010f0                Vector64
                0x00000000080010f0                VectorCC
                0x00000000080010f0                Vector54
                0x00000000080010f0                Vector138
                0x00000000080010f0                Vector24
                0x00000000080010f0                Vector178
                0x00000000080010f0                BusFaultVector
                0x00000000080010f0                VectorD0
                0x00000000080010f0                Vector140
                0x00000000080010f0                VectorE4
                0x00000000080010f0                VectorC0
                0x00000000080010f0                Vector158
                0x00000000080010f0                HardFaultVector
                0x00000000080010f0                Vector134
                0x00000000080010f0                Vector13C
                0x00000000080010f0                Vector100
                0x00000000080010f0                VectorE0
                0x00000000080010f0                VectorF4
                0x00000000080010f0                MemManageVector
                0x00000000080010f0                VectorA0
                0x00000000080010f0                VectorC4
                0x00000000080010f0                Vector180
                0x00000000080010f0                Vector114
                0x00000000080010f0                Vector164
                0x00000000080010f0                Vector60
                0x00000000080010f0                Vector1C
                0x00000000080010f0                Vector17C
                0x00000000080010f0                Vector48
                0x00000000080010f0                Vector4C
                0x00000000080010f0                Vector144
                0x00000000080010f0                Vector15C
                0x00000000080010f0                Vector68
                0x00000000080010f0                _unhandled_exception
                0x00000000080010f0                Vector170
                0x00000000080010f0                Vector104
                0x00000000080010f0                Vector184
                0x00000000080010f0                Vector10C
                0x00000000080010f0                Vector14C
                0x00000000080010f0                Vector50
                0x00000000080010f0                Vector154
                0x00000000080010f0                Vector44
                0x00000000080010f0                Vector28
                0x00000000080010f0                Vector34
                0x00000000080010f0                Vector20
                0x00000000080010f0                Vector174
 .text.port_halt
                0x0000000008001100       0x10 build/obj/chcore.o
                0x0000000008001100                port_halt
 .text._port_switch_from_isr
                0x0000000008001110       0x10 build/obj/chcore_v7m.o
                0x0000000008001110                _port_switch_from_isr
 .text.SVCallVector
                0x0000000008001120       0x30 build/obj/chcore_v7m.o
                0x0000000008001120                SVCallVector
 .text._port_init
                0x0000000008001150       0x40 build/obj/chcore_v7m.o
                0x0000000008001150                _port_init
 .text._port_irq_epilogue
                0x0000000008001190       0x90 build/obj/chcore_v7m.o
                0x0000000008001190                _port_irq_epilogue
 .text.SysTickVector
                0x0000000008001220       0x30 build/obj/chcore_v7m.o
                0x0000000008001220                SysTickVector
 .text._port_switch
                0x0000000008001250       0x20 build/obj/chcore_v7m.o
                0x0000000008001250                _port_switch
 .text._port_thread_start
                0x0000000008001270       0x20 build/obj/chcore_v7m.o
                0x0000000008001270                _port_thread_start
 .text.nvicEnableVector
                0x0000000008001290       0x50 build/obj/nvic.o
                0x0000000008001290                nvicEnableVector
 .text.nvicSetSystemHandlerPriority
                0x00000000080012e0       0x30 build/obj/nvic.o
                0x00000000080012e0                nvicSetSystemHandlerPriority
 .text._idle_thread
                0x0000000008001310       0x20 build/obj/chsys.o
                0x0000000008001310                _idle_thread
 .text.chSysInit
                0x0000000008001330       0x70 build/obj/chsys.o
                0x0000000008001330                chSysInit
 .text.chSysTimerHandlerI
                0x00000000080013a0       0x70 build/obj/chsys.o
                0x00000000080013a0                chSysTimerHandlerI
 .text.dbg_check_enable
                0x0000000008001410       0x30 build/obj/chdebug.o
                0x0000000008001410                dbg_check_enable
 .text.dbg_check_lock
                0x0000000008001440       0x30 build/obj/chdebug.o
                0x0000000008001440                dbg_check_lock
 .text.dbg_check_unlock
                0x0000000008001470       0x40 build/obj/chdebug.o
                0x0000000008001470                dbg_check_unlock
 .text.dbg_check_lock_from_isr
                0x00000000080014b0       0x30 build/obj/chdebug.o
                0x00000000080014b0                dbg_check_lock_from_isr
 .text.dbg_check_unlock_from_isr
                0x00000000080014e0       0x40 build/obj/chdebug.o
                0x00000000080014e0                dbg_check_unlock_from_isr
 .text.dbg_check_enter_isr
                0x0000000008001520       0x40 build/obj/chdebug.o
                0x0000000008001520                dbg_check_enter_isr
 .text.dbg_check_leave_isr
                0x0000000008001560       0x40 build/obj/chdebug.o
                0x0000000008001560                dbg_check_leave_isr
 .text.chDbgCheckClassI
                0x00000000080015a0       0x30 build/obj/chdebug.o
                0x00000000080015a0                chDbgCheckClassI
 .text.chDbgCheckClassS
                0x00000000080015d0       0x30 build/obj/chdebug.o
                0x00000000080015d0                chDbgCheckClassS
 .text._trace_init
                0x0000000008001600       0x20 build/obj/chdebug.o
                0x0000000008001600                _trace_init
 .text.dbg_trace
                0x0000000008001620       0x40 build/obj/chdebug.o
                0x0000000008001620                dbg_trace
 .text.chDbgPanic
                0x0000000008001660       0x10 build/obj/chdebug.o
                0x0000000008001660                chDbgPanic
 .text._vt_init
                0x0000000008001670       0x20 build/obj/chvt.o
                0x0000000008001670                _vt_init
 .text.chVTSetI
                0x0000000008001690       0x60 build/obj/chvt.o
                0x0000000008001690                chVTSetI
 .text.chVTResetI
                0x00000000080016f0       0x50 build/obj/chvt.o
                0x00000000080016f0                chVTResetI
 .text._scheduler_init
                0x0000000008001740       0x20 build/obj/chschd.o
                0x0000000008001740                _scheduler_init
 .text.chSchReadyI
                0x0000000008001760       0x50 build/obj/chschd.o
                0x0000000008001760                chSchReadyI
 .text.wakeup   0x00000000080017b0       0x60 build/obj/chschd.o
 .text.chSchGoSleepS
                0x0000000008001810       0x50 build/obj/chschd.o
                0x0000000008001810                chSchGoSleepS
 .text.chSchGoSleepTimeoutS
                0x0000000008001860       0x50 build/obj/chschd.o
                0x0000000008001860                chSchGoSleepTimeoutS
 .text.chSchWakeupS
                0x00000000080018b0       0x70 build/obj/chschd.o
                0x00000000080018b0                chSchWakeupS
 .text.chSchDoRescheduleBehind
                0x0000000008001920       0x50 build/obj/chschd.o
                0x0000000008001920                chSchDoRescheduleBehind
 .text.chSchDoRescheduleAhead
                0x0000000008001970       0x60 build/obj/chschd.o
                0x0000000008001970                chSchDoRescheduleAhead
 .text.chSchDoReschedule
                0x00000000080019d0       0x20 build/obj/chschd.o
                0x00000000080019d0                chSchDoReschedule
 .text._thread_init
                0x00000000080019f0       0x60 build/obj/chthreads.o
                0x00000000080019f0                _thread_init
 .text.chThdCreateI
                0x0000000008001a50       0xb0 build/obj/chthreads.o
                0x0000000008001a50                chThdCreateI
 .text.chThdCreateStatic
                0x0000000008001b00       0x70 build/obj/chthreads.o
                0x0000000008001b00                chThdCreateStatic
 .text.chThdSleep
                0x0000000008001b70       0x30 build/obj/chthreads.o
                0x0000000008001b70                chThdSleep
 .text.chThdExitS
                0x0000000008001ba0       0x50 build/obj/chthreads.o
                0x0000000008001ba0                chThdExitS
 .text.chThdExit
                0x0000000008001bf0       0x20 build/obj/chthreads.o
                0x0000000008001bf0                chThdExit
 .text.chSemInit
                0x0000000008001c10       0x30 build/obj/chsem.o
                0x0000000008001c10                chSemInit
 .text.chSemSignalI
                0x0000000008001c40       0x60 build/obj/chsem.o
                0x0000000008001c40                chSemSignalI
 .text.chMtxInit
                0x0000000008001ca0       0x20 build/obj/chmtx.o
                0x0000000008001ca0                chMtxInit
 .text.chEvtSignalI
                0x0000000008001cc0       0x50 build/obj/chevents.o
                0x0000000008001cc0                chEvtSignalI
 .text.chEvtBroadcastFlagsI
                0x0000000008001d10       0x40 build/obj/chevents.o
                0x0000000008001d10                chEvtBroadcastFlagsI
 .text.qwait    0x0000000008001d50       0x30 build/obj/chqueues.o
 .text.chIQInit
                0x0000000008001d80       0x20 build/obj/chqueues.o
                0x0000000008001d80                chIQInit
 .text.chIQResetI
                0x0000000008001da0       0x30 build/obj/chqueues.o
                0x0000000008001da0                chIQResetI
 .text.chIQPutI
                0x0000000008001dd0       0x60 build/obj/chqueues.o
                0x0000000008001dd0                chIQPutI
 .text.chIQGetTimeout
                0x0000000008001e30       0x70 build/obj/chqueues.o
                0x0000000008001e30                chIQGetTimeout
 .text.chIQReadTimeout
                0x0000000008001ea0       0xa0 build/obj/chqueues.o
                0x0000000008001ea0                chIQReadTimeout
 .text.chOQInit
                0x0000000008001f40       0x20 build/obj/chqueues.o
                0x0000000008001f40                chOQInit
 .text.chOQResetI
                0x0000000008001f60       0x40 build/obj/chqueues.o
                0x0000000008001f60                chOQResetI
 .text.chOQPutTimeout
                0x0000000008001fa0       0x70 build/obj/chqueues.o
                0x0000000008001fa0                chOQPutTimeout
 .text.chOQGetI
                0x0000000008002010       0x50 build/obj/chqueues.o
                0x0000000008002010                chOQGetI
 .text.chOQWriteTimeout
                0x0000000008002060       0xa0 build/obj/chqueues.o
                0x0000000008002060                chOQWriteTimeout
 .text._core_init
                0x0000000008002100       0x30 build/obj/chmemcore.o
                0x0000000008002100                _core_init
 .text.chCoreAllocI
                0x0000000008002130       0x30 build/obj/chmemcore.o
                0x0000000008002130                chCoreAllocI
 .text.chCoreAlloc
                0x0000000008002160       0x30 build/obj/chmemcore.o
                0x0000000008002160                chCoreAlloc
 .text._heap_init
                0x0000000008002190       0x20 build/obj/chheap.o
                0x0000000008002190                _heap_init
 .text.halInit  0x00000000080021b0       0x40 build/obj/hal.o
                0x00000000080021b0                halInit
 .text.halPolledDelay
                0x00000000080021f0       0x40 build/obj/hal.o
                0x00000000080021f0                halPolledDelay
 .text.adcInit  0x0000000008002230       0x10 build/obj/adc.o
                0x0000000008002230                adcInit
 .text.adcObjectInit
                0x0000000008002240       0x20 build/obj/adc.o
                0x0000000008002240                adcObjectInit
 .text.adcStart
                0x0000000008002260       0x50 build/obj/adc.o
                0x0000000008002260                adcStart
 .text.adcStartConversionI
                0x00000000080022b0       0x60 build/obj/adc.o
                0x00000000080022b0                adcStartConversionI
 .text.adcStartConversion
                0x0000000008002310       0x30 build/obj/adc.o
                0x0000000008002310                adcStartConversion
 .text.canInit  0x0000000008002340       0x10 build/obj/can.o
                0x0000000008002340                canInit
 .text.canObjectInit
                0x0000000008002350       0x40 build/obj/can.o
                0x0000000008002350                canObjectInit
 .text.icuInit  0x0000000008002390       0x10 build/obj/icu.o
                0x0000000008002390                icuInit
 .text.icuObjectInit
                0x00000000080023a0       0x10 build/obj/icu.o
                0x00000000080023a0                icuObjectInit
 .text.pwmInit  0x00000000080023b0       0x10 build/obj/pwm.o
                0x00000000080023b0                pwmInit
 .text.pwmObjectInit
                0x00000000080023c0       0x10 build/obj/pwm.o
                0x00000000080023c0                pwmObjectInit
 .text.readt    0x00000000080023d0       0x10 build/obj/serial.o
 .text.read     0x00000000080023e0       0x10 build/obj/serial.o
 .text.writet   0x00000000080023f0       0x10 build/obj/serial.o
 .text.write    0x0000000008002400       0x10 build/obj/serial.o
 .text.gett     0x0000000008002410       0x10 build/obj/serial.o
 .text.get      0x0000000008002420       0x10 build/obj/serial.o
 .text.putt     0x0000000008002430       0x10 build/obj/serial.o
 .text.put      0x0000000008002440       0x10 build/obj/serial.o
 .text.sdInit   0x0000000008002450       0x10 build/obj/serial.o
                0x0000000008002450                sdInit
 .text.sdObjectInit
                0x0000000008002460       0x40 build/obj/serial.o
                0x0000000008002460                sdObjectInit
 .text.sdStart  0x00000000080024a0       0x50 build/obj/serial.o
                0x00000000080024a0                sdStart
 .text.sdIncomingDataI
                0x00000000080024f0       0x50 build/obj/serial.o
                0x00000000080024f0                sdIncomingDataI
 .text.onotify  0x0000000008002540       0x70 build/obj/serial_usb.o
 .text.inotify  0x00000000080025b0       0x80 build/obj/serial_usb.o
 .text.readt    0x0000000008002630       0x10 build/obj/serial_usb.o
 .text.read     0x0000000008002640       0x10 build/obj/serial_usb.o
 .text.writet   0x0000000008002650       0x10 build/obj/serial_usb.o
 .text.write    0x0000000008002660       0x10 build/obj/serial_usb.o
 .text.gett     0x0000000008002670       0x10 build/obj/serial_usb.o
 .text.get      0x0000000008002680       0x10 build/obj/serial_usb.o
 .text.putt     0x0000000008002690       0x10 build/obj/serial_usb.o
 .text.put      0x00000000080026a0       0x10 build/obj/serial_usb.o
 .text.sduInit  0x00000000080026b0       0x10 build/obj/serial_usb.o
                0x00000000080026b0                sduInit
 .text.sduObjectInit
                0x00000000080026c0       0x50 build/obj/serial_usb.o
                0x00000000080026c0                sduObjectInit
 .text.sduStart
                0x0000000008002710       0x60 build/obj/serial_usb.o
                0x0000000008002710                sduStart
 .text.sduConfigureHookI
                0x0000000008002770       0x50 build/obj/serial_usb.o
                0x0000000008002770                sduConfigureHookI
 .text.sduRequestsHook
                0x00000000080027c0       0x40 build/obj/serial_usb.o
                0x00000000080027c0                sduRequestsHook
 .text.sduDataTransmitted
                0x0000000008002800       0x90 build/obj/serial_usb.o
                0x0000000008002800                sduDataTransmitted
 .text.sduDataReceived
                0x0000000008002890       0x80 build/obj/serial_usb.o
                0x0000000008002890                sduDataReceived
 .text.sduInterruptTransmitted
                0x0000000008002910       0x10 build/obj/serial_usb.o
                0x0000000008002910                sduInterruptTransmitted
 .text.tm_start
                0x0000000008002920       0x10 build/obj/tm.o
 .text.tm_stop  0x0000000008002930       0x40 build/obj/tm.o
 .text.tmInit   0x0000000008002970       0x40 build/obj/tm.o
                0x0000000008002970                tmInit
 .text.set_address
                0x00000000080029b0       0x30 build/obj/usb.o
 .text.usbInit  0x00000000080029e0       0x10 build/obj/usb.o
                0x00000000080029e0                usbInit
 .text.usbObjectInit
                0x00000000080029f0       0x20 build/obj/usb.o
                0x00000000080029f0                usbObjectInit
 .text.usbStart
                0x0000000008002a10       0x60 build/obj/usb.o
                0x0000000008002a10                usbStart
 .text.usbInitEndpointI
                0x0000000008002a70       0x70 build/obj/usb.o
                0x0000000008002a70                usbInitEndpointI
 .text.usbPrepareQueuedReceive
                0x0000000008002ae0       0x20 build/obj/usb.o
                0x0000000008002ae0                usbPrepareQueuedReceive
 .text.usbPrepareQueuedTransmit
                0x0000000008002b00       0x20 build/obj/usb.o
                0x0000000008002b00                usbPrepareQueuedTransmit
 .text.usbStartReceiveI
                0x0000000008002b20       0x40 build/obj/usb.o
                0x0000000008002b20                usbStartReceiveI
 .text.usbStartTransmitI
                0x0000000008002b60       0x40 build/obj/usb.o
                0x0000000008002b60                usbStartTransmitI
 .text._usb_reset
                0x0000000008002ba0       0x30 build/obj/usb.o
                0x0000000008002ba0                _usb_reset
 .text._usb_ep0setup
                0x0000000008002bd0      0x360 build/obj/usb.o
                0x0000000008002bd0                _usb_ep0setup
 .text._usb_ep0in
                0x0000000008002f30       0xe0 build/obj/usb.o
                0x0000000008002f30                _usb_ep0in
 .text._usb_ep0out
                0x0000000008003010       0x90 build/obj/usb.o
                0x0000000008003010                _usb_ep0out
 .text.Vector6C
                0x00000000080030a0       0x30 build/obj/stm32_dma.o
                0x00000000080030a0                Vector6C
 .text.Vector70
                0x00000000080030d0       0x30 build/obj/stm32_dma.o
                0x00000000080030d0                Vector70
 .text.Vector74
                0x0000000008003100       0x40 build/obj/stm32_dma.o
                0x0000000008003100                Vector74
 .text.Vector78
                0x0000000008003140       0x40 build/obj/stm32_dma.o
                0x0000000008003140                Vector78
 .text.Vector7C
                0x0000000008003180       0x40 build/obj/stm32_dma.o
                0x0000000008003180                Vector7C
 .text.Vector80
                0x00000000080031c0       0x40 build/obj/stm32_dma.o
                0x00000000080031c0                Vector80
 .text.Vector84
                0x0000000008003200       0x40 build/obj/stm32_dma.o
                0x0000000008003200                Vector84
 .text.Vector120
                0x0000000008003240       0x30 build/obj/stm32_dma.o
                0x0000000008003240                Vector120
 .text.Vector124
                0x0000000008003270       0x30 build/obj/stm32_dma.o
                0x0000000008003270                Vector124
 .text.Vector128
                0x00000000080032a0       0x40 build/obj/stm32_dma.o
                0x00000000080032a0                Vector128
 .text.Vector12C
                0x00000000080032e0       0x40 build/obj/stm32_dma.o
                0x00000000080032e0                Vector12C
 .text.Vector130
                0x0000000008003320       0x40 build/obj/stm32_dma.o
                0x0000000008003320                Vector130
 .text.dmaInit  0x0000000008003360       0x50 build/obj/stm32_dma.o
                0x0000000008003360                dmaInit
 .text.dmaStreamAllocate
                0x00000000080033b0       0xb0 build/obj/stm32_dma.o
                0x00000000080033b0                dmaStreamAllocate
 .text.hal_lld_init
                0x0000000008003460       0xb0 build/obj/hal_lld.o
                0x0000000008003460                hal_lld_init
 .text.stm32_clock_init
                0x0000000008003510       0xa0 build/obj/hal_lld.o
                0x0000000008003510                stm32_clock_init
 .text.adc_lld_init
                0x00000000080035b0       0x60 build/obj/adc_lld.o
                0x00000000080035b0                adc_lld_init
 .text.adc_lld_start
                0x0000000008003610       0xd0 build/obj/adc_lld.o
                0x0000000008003610                adc_lld_start
 .text.adc_lld_start_conversion
                0x00000000080036e0       0xb0 build/obj/adc_lld.o
                0x00000000080036e0                adc_lld_start_conversion
 .text.adc_lld_stop_conversion
                0x0000000008003790       0x40 build/obj/adc_lld.o
                0x0000000008003790                adc_lld_stop_conversion
 .text.adc_lld_serve_interrupt
                0x00000000080037d0      0x160 build/obj/adc_lld.o
 .text.Vector88
                0x0000000008003930       0x30 build/obj/adc_lld.o
                0x0000000008003930                Vector88
 .text.VectorFC
                0x0000000008003960       0x30 build/obj/adc_lld.o
                0x0000000008003960                VectorFC
 .text.adc_lld_serve_dma_interrupt
                0x0000000008003990      0x100 build/obj/adc_lld.o
 .text.can_lld_set_filters
                0x0000000008003a90      0x120 build/obj/can_lld.o
 .text.Vector8C
                0x0000000008003bb0       0x60 build/obj/can_lld.o
                0x0000000008003bb0                Vector8C
 .text.Vector94
                0x0000000008003c10       0x90 build/obj/can_lld.o
                0x0000000008003c10                Vector94
 .text.Vector98
                0x0000000008003ca0       0x90 build/obj/can_lld.o
                0x0000000008003ca0                Vector98
 .text.can_lld_init
                0x0000000008003d30       0x30 build/obj/can_lld.o
                0x0000000008003d30                can_lld_init
 .text.icu_lld_serve_interrupt
                0x0000000008003d60       0x80 build/obj/icu_lld.o
 .text.VectorA4
                0x0000000008003de0       0x20 build/obj/icu_lld.o
                0x0000000008003de0                VectorA4
 .text.VectorAC
                0x0000000008003e00       0x20 build/obj/icu_lld.o
                0x0000000008003e00                VectorAC
 .text.VectorB4
                0x0000000008003e20       0x20 build/obj/icu_lld.o
                0x0000000008003e20                VectorB4
 .text.VectorB8
                0x0000000008003e40       0x20 build/obj/icu_lld.o
                0x0000000008003e40                VectorB8
 .text.VectorF0
                0x0000000008003e60       0x20 build/obj/icu_lld.o
                0x0000000008003e60                VectorF0
 .text.VectorF8
                0x0000000008003e80       0x20 build/obj/icu_lld.o
                0x0000000008003e80                VectorF8
 .text.icu_lld_init
                0x0000000008003ea0       0x60 build/obj/icu_lld.o
                0x0000000008003ea0                icu_lld_init
 .text.VectorB0
                0x0000000008003f00       0x70 build/obj/pwm_lld.o
                0x0000000008003f00                VectorB0
 .text.pwm_lld_init
                0x0000000008003f70       0x20 build/obj/pwm_lld.o
                0x0000000008003f70                pwm_lld_init
 .text._pal_lld_init
                0x0000000008003f90      0x100 build/obj/pal_lld.o
                0x0000000008003f90                _pal_lld_init
 .text._pal_lld_setgroupmode
                0x0000000008004090       0xd0 build/obj/pal_lld.o
                0x0000000008004090                _pal_lld_setgroupmode
 .text.notify1  0x0000000008004160       0x10 build/obj/serial_lld.o
 .text.notify2  0x0000000008004170       0x10 build/obj/serial_lld.o
 .text.notify3  0x0000000008004180       0x10 build/obj/serial_lld.o
 .text.serve_interrupt
                0x0000000008004190      0x110 build/obj/serial_lld.o
 .text.VectorD4
                0x00000000080042a0       0x20 build/obj/serial_lld.o
                0x00000000080042a0                VectorD4
 .text.VectorD8
                0x00000000080042c0       0x20 build/obj/serial_lld.o
                0x00000000080042c0                VectorD8
 .text.VectorDC
                0x00000000080042e0       0x20 build/obj/serial_lld.o
                0x00000000080042e0                VectorDC
 .text.sd_lld_init
                0x0000000008004300       0x70 build/obj/serial_lld.o
                0x0000000008004300                sd_lld_init
 .text.sd_lld_start
                0x0000000008004370       0xb0 build/obj/serial_lld.o
                0x0000000008004370                sd_lld_start
 .text.usb_packet_write_from_queue
                0x0000000008004420       0xb0 build/obj/usb_lld.o
 .text.Vector168
                0x00000000080044d0       0x20 build/obj/usb_lld.o
                0x00000000080044d0                Vector168
 .text.Vector16C
                0x00000000080044f0      0x380 build/obj/usb_lld.o
                0x00000000080044f0                Vector16C
 .text.usb_lld_init
                0x0000000008004870       0x10 build/obj/usb_lld.o
                0x0000000008004870                usb_lld_init
 .text.usb_lld_start
                0x0000000008004880       0x50 build/obj/usb_lld.o
                0x0000000008004880                usb_lld_start
 .text.usb_lld_set_address
                0x00000000080048d0       0x20 build/obj/usb_lld.o
                0x00000000080048d0                usb_lld_set_address
 .text.usb_lld_init_endpoint
                0x00000000080048f0       0xf0 build/obj/usb_lld.o
                0x00000000080048f0                usb_lld_init_endpoint
 .text.usb_lld_reset
                0x00000000080049e0       0x40 build/obj/usb_lld.o
                0x00000000080049e0                usb_lld_reset
 .text.usb_lld_get_status_out
                0x0000000008004a20       0x20 build/obj/usb_lld.o
                0x0000000008004a20                usb_lld_get_status_out
 .text.usb_lld_get_status_in
                0x0000000008004a40       0x20 build/obj/usb_lld.o
                0x0000000008004a40                usb_lld_get_status_in
 .text.usb_lld_read_setup
                0x0000000008004a60       0x40 build/obj/usb_lld.o
                0x0000000008004a60                usb_lld_read_setup
 .text.usb_lld_prepare_receive
                0x0000000008004aa0       0x20 build/obj/usb_lld.o
                0x0000000008004aa0                usb_lld_prepare_receive
 .text.usb_lld_prepare_transmit
                0x0000000008004ac0       0x80 build/obj/usb_lld.o
                0x0000000008004ac0                usb_lld_prepare_transmit
 .text.usb_lld_start_out
                0x0000000008004b40       0x20 build/obj/usb_lld.o
                0x0000000008004b40                usb_lld_start_out
 .text.usb_lld_start_in
                0x0000000008004b60       0x20 build/obj/usb_lld.o
                0x0000000008004b60                usb_lld_start_in
 .text.usb_lld_stall_out
                0x0000000008004b80       0x20 build/obj/usb_lld.o
                0x0000000008004b80                usb_lld_stall_out
 .text.usb_lld_stall_in
                0x0000000008004ba0       0x20 build/obj/usb_lld.o
                0x0000000008004ba0                usb_lld_stall_in
 .text.usb_lld_clear_out
                0x0000000008004bc0       0x30 build/obj/usb_lld.o
                0x0000000008004bc0                usb_lld_clear_out
 .text.usb_lld_clear_in
                0x0000000008004bf0       0x30 build/obj/usb_lld.o
                0x0000000008004bf0                usb_lld_clear_in
 .text.__early_init
                0x0000000008004c20       0x10 build/obj/board.o
                0x0000000008004c20                __early_init
 .text.boardInit
                0x0000000008004c30       0x10 build/obj/board.o
                0x0000000008004c30                boardInit
 .text.long_to_string_with_divisor
                0x0000000008004c40       0x50 build/obj/chprintf.o
 .text.chvprintf
                0x0000000008004c90      0x330 build/obj/chprintf.o
                0x0000000008004c90                chvprintf
 .text.get_descriptor
                0x0000000008004fc0       0x40 build/obj/usbcfg.o
 .text.usb_event
                0x0000000008005000       0x50 build/obj/usbcfg.o
 .text.ThreadBMS
                0x0000000008005050      0x290 build/obj/main.o
 .text.Bacacurrent
                0x00000000080052e0      0x530 build/obj/main.o
 .text.Bacavolt
                0x0000000008005810      0x410 build/obj/main.o
 .text.chprintf.constprop.0
                0x0000000008005c20       0x30 build/obj/main.o
 .text.Vector90
                0x0000000008005c50      0x170 build/obj/main.o
                0x0000000008005c50                Vector90
 .text.adcThread
                0x0000000008005dc0       0x40 build/obj/adc_it.o
 .text.adccallback
                0x0000000008005e00      0x330 build/obj/adc_it.o
 .text.Adc_Init
                0x0000000008006130      0x130 build/obj/adc_it.o
                0x0000000008006130                Adc_Init
 .text.fungsi_rata2
                0x0000000008006260      0x1e0 build/obj/my_process.o
                0x0000000008006260                fungsi_rata2
 .text.milisecThread
                0x0000000008006440       0x10 build/obj/my_process.o
 .text.current_sensor
                0x0000000008006450       0xa0 build/obj/my_process.o
                0x0000000008006450                current_sensor
 .text.voltage_sensor
                0x00000000080064f0       0x70 build/obj/my_process.o
                0x00000000080064f0                voltage_sensor
 .text.daya     0x0000000008006560       0x80 build/obj/my_process.o
                0x0000000008006560                daya
 .text.jouleThread
                0x00000000080065e0       0xc0 build/obj/my_process.o
 .text.process_running
                0x00000000080066a0       0x40 build/obj/my_process.o
                0x00000000080066a0                process_running
 .text.kirim_data_usart1
                0x00000000080066e0       0x10 build/obj/my_kirim.o
                0x00000000080066e0                kirim_data_usart1
 .text.CAN_Init
                0x00000000080066f0      0x120 build/obj/stm32f30x_can.o
                0x00000000080066f0                CAN_Init
 .text.CAN_FilterInit
                0x0000000008006810      0x100 build/obj/stm32f30x_can.o
                0x0000000008006810                CAN_FilterInit
 .text.CAN_StructInit
                0x0000000008006910       0x30 build/obj/stm32f30x_can.o
                0x0000000008006910                CAN_StructInit
 .text.CAN_Receive
                0x0000000008006940       0xc0 build/obj/stm32f30x_can.o
                0x0000000008006940                CAN_Receive
 .text.CAN_ITConfig
                0x0000000008006a00       0x20 build/obj/stm32f30x_can.o
                0x0000000008006a00                CAN_ITConfig
 .text.GPIO_Init
                0x0000000008006a20       0xc0 build/obj/stm32f30x_gpio.o
                0x0000000008006a20                GPIO_Init
 .text.GPIO_PinAFConfig
                0x0000000008006ae0       0x30 build/obj/stm32f30x_gpio.o
                0x0000000008006ae0                GPIO_PinAFConfig
 .text.memset   0x0000000008006b10       0x94 /usr/lib/gcc/arm-none-eabi/4.8/../../../arm-none-eabi/lib/armv7e-m/libc.a(lib_a-memset.o)
                0x0000000008006b10                memset
 *(.rodata)
 *(.rodata.*)
 *fill*         0x0000000008006ba4        0xc 
 .rodata.str1.4
                0x0000000008006bb0        0x5 build/obj/chsys.o
                                          0x8 (size before relaxing)
 *fill*         0x0000000008006bb5        0xb 
 .rodata.str1.4
                0x0000000008006bc0       0x56 build/obj/chdebug.o
                                         0x58 (size before relaxing)
 *fill*         0x0000000008006c16        0xa 
 .rodata.str1.4
                0x0000000008006c20       0x31 build/obj/chvt.o
                                         0x34 (size before relaxing)
 *fill*         0x0000000008006c51        0xf 
 .rodata.str1.4
                0x0000000008006c60       0x23 build/obj/chschd.o
                                         0x24 (size before relaxing)
 *fill*         0x0000000008006c83        0xd 
 .rodata.str1.4
                0x0000000008006c90       0x94 build/obj/chthreads.o
 *fill*         0x0000000008006d24        0xc 
 .rodata.ch_debug
                0x0000000008006d30       0x18 build/obj/chregistry.o
                0x0000000008006d30                ch_debug
 *fill*         0x0000000008006d48        0x8 
 .rodata.str1.4
                0x0000000008006d50      0x146 build/obj/chsem.o
                                        0x148 (size before relaxing)
 *fill*         0x0000000008006e96        0xa 
 .rodata.str1.4
                0x0000000008006ea0       0xab build/obj/chmtx.o
                                         0xac (size before relaxing)
 *fill*         0x0000000008006f4b        0x5 
 .rodata.str1.4
                0x0000000008006f50       0x90 build/obj/chevents.o
 .rodata.str1.4
                0x0000000008006fe0       0x29 build/obj/chqueues.o
                                         0x2c (size before relaxing)
 *fill*         0x0000000008007009        0x7 
 .rodata.str1.4
                0x0000000008007010      0x10e build/obj/adc.o
                                        0x110 (size before relaxing)
 *fill*         0x000000000800711e        0x2 
 .rodata.str1.4
                0x0000000008007120       0x5f build/obj/serial.o
                                         0x60 (size before relaxing)
 *fill*         0x000000000800717f        0x1 
 .rodata.vmt    0x0000000008007180       0x20 build/obj/serial.o
 .rodata.str1.4
                0x00000000080071a0       0x2e build/obj/serial_usb.o
                                         0x30 (size before relaxing)
 *fill*         0x00000000080071ce        0x2 
 .rodata.vmt    0x00000000080071d0       0x20 build/obj/serial_usb.o
 .rodata.zero_status
                0x00000000080071f0        0x4 build/obj/usb.o
 *fill*         0x00000000080071f4        0xc 
 .rodata.active_status
                0x0000000008007200        0x4 build/obj/usb.o
 *fill*         0x0000000008007204        0xc 
 .rodata.str1.4
                0x0000000008007210      0x122 build/obj/usb.o
                                        0x124 (size before relaxing)
 *fill*         0x0000000008007332        0xe 
 .rodata.halted_status
                0x0000000008007340        0x4 build/obj/usb.o
 *fill*         0x0000000008007344        0xc 
 .rodata.str1.4
                0x0000000008007350       0x47 build/obj/stm32_dma.o
                                         0x48 (size before relaxing)
 *fill*         0x0000000008007397        0x9 
 .rodata._stm32_dma_streams
                0x00000000080073a0       0x90 build/obj/stm32_dma.o
                0x00000000080073a0                _stm32_dma_streams
 .rodata.str1.4
                0x0000000008007430       0x40 build/obj/adc_lld.o
 .rodata.default_config
                0x0000000008007470        0xc build/obj/serial_lld.o
 *fill*         0x000000000800747c        0x4 
 .rodata.str1.4
                0x0000000008007480       0x13 build/obj/usb_lld.o
                                         0x14 (size before relaxing)
 *fill*         0x0000000008007493        0xd 
 .rodata.CSWTCH.21
                0x00000000080074a0        0x8 build/obj/usb_lld.o
 *fill*         0x00000000080074a8        0x8 
 .rodata.ep0config
                0x00000000080074b0       0x24 build/obj/usb_lld.o
 *fill*         0x00000000080074d4        0xc 
 .rodata.pal_default_config
                0x00000000080074e0       0xa8 build/obj/board.o
                0x00000000080074e0                pal_default_config
 *fill*         0x0000000008007588        0x8 
 .rodata.str1.4
                0x0000000008007590        0x7 build/obj/chprintf.o
                                          0x8 (size before relaxing)
 *fill*         0x0000000008007597        0x9 
 .rodata.ep1config
                0x00000000080075a0       0x24 build/obj/usbcfg.o
 *fill*         0x00000000080075c4        0xc 
 .rodata.vcom_configuration_descriptor
                0x00000000080075d0        0x8 build/obj/usbcfg.o
 *fill*         0x00000000080075d8        0x8 
 .rodata.ep2config
                0x00000000080075e0       0x24 build/obj/usbcfg.o
 *fill*         0x0000000008007604        0xc 
 .rodata.usbcfg
                0x0000000008007610       0x10 build/obj/usbcfg.o
                0x0000000008007610                usbcfg
 .rodata.vcom_configuration_descriptor_data
                0x0000000008007620       0x44 build/obj/usbcfg.o
 *fill*         0x0000000008007664        0xc 
 .rodata.vcom_device_descriptor_data
                0x0000000008007670       0x14 build/obj/usbcfg.o
 *fill*         0x0000000008007684        0xc 
 .rodata.vcom_string0
                0x0000000008007690        0x4 build/obj/usbcfg.o
 *fill*         0x0000000008007694        0xc 
 .rodata.vcom_string1
                0x00000000080076a0       0x28 build/obj/usbcfg.o
 *fill*         0x00000000080076c8        0x8 
 .rodata.vcom_string2
                0x00000000080076d0       0x38 build/obj/usbcfg.o
 *fill*         0x0000000008007708        0x8 
 .rodata.vcom_string3
                0x0000000008007710        0x8 build/obj/usbcfg.o
 *fill*         0x0000000008007718        0x8 
 .rodata.vcom_strings
                0x0000000008007720       0x20 build/obj/usbcfg.o
 .rodata.serusbcfg
                0x0000000008007740        0x8 build/obj/usbcfg.o
                0x0000000008007740                serusbcfg
 *fill*         0x0000000008007748        0x8 
 .rodata.vcom_device_descriptor
                0x0000000008007750        0x8 build/obj/usbcfg.o
 *fill*         0x0000000008007758        0x8 
 .rodata.str1.4
                0x0000000008007760       0xc8 build/obj/main.o
 *fill*         0x0000000008007828        0x8 
 .rodata.adcgrpcfg
                0x0000000008007830       0x30 build/obj/adc_it.o
 .rodata.adcgrpcfg3
                0x0000000008007860       0x30 build/obj/adc_it.o
 *(.glue_7t)
 .glue_7t       0x0000000008007890        0x0 linker stubs
 *(.glue_7)
 .glue_7        0x0000000008007890        0x0 linker stubs
 *(.gcc*)

.vfp11_veneer   0x0000000008007890        0x0
 .vfp11_veneer  0x0000000008007890        0x0 linker stubs

.v4_bx          0x0000000008007890        0x0
 .v4_bx         0x0000000008007890        0x0 linker stubs

.iplt           0x0000000008007890        0x0
 .iplt          0x0000000008007890        0x0 build/obj/crt0.o

.rel.dyn        0x0000000008007890        0x0
 .rel.iplt      0x0000000008007890        0x0 build/obj/crt0.o

.ARM.extab
 *(.ARM.extab* .gnu.linkonce.armextab.*)

.ARM.exidx      0x0000000008007890        0x0
                0x0000000008007890                PROVIDE (__exidx_start, .)
 *(.ARM.exidx* .gnu.linkonce.armexidx.*)
                0x0000000008007890                PROVIDE (__exidx_end, .)

.eh_frame_hdr
 *(.eh_frame_hdr)

.eh_frame
 *(.eh_frame)

.textalign      0x0000000008007890        0x0
                0x0000000008007890                . = ALIGN (0x8)
                0x0000000008007890                _etext = .
                0x0000000008007890                _textdata = _etext

.stacks         0x0000000020000000      0x800
                0x0000000020000000                . = ALIGN (0x8)
                0x0000000020000000                __main_stack_base__ = .
                0x0000000020000400                . = (. + __main_stack_size__)
 *fill*         0x0000000020000000      0x400 
                0x0000000020000400                . = ALIGN (0x8)
                0x0000000020000400                __main_stack_end__ = .
                0x0000000020000400                __process_stack_base__ = .
                0x0000000020000400                __main_thread_stack_base__ = .
                0x0000000020000800                . = (. + __process_stack_size__)
 *fill*         0x0000000020000400      0x400 
                0x0000000020000800                . = ALIGN (0x8)
                0x0000000020000800                __process_stack_end__ = .
                0x0000000020000800                __main_thread_stack_end__ = .

.data           0x0000000020000800        0x8 load address 0x0000000008007890
                0x0000000020000800                . = ALIGN (0x4)
                0x0000000020000800                PROVIDE (_data, .)
 *(.data)
                0x0000000020000800                . = ALIGN (0x4)
 *(.data.*)
 .data.linecoding
                0x0000000020000800        0x8 build/obj/serial_usb.o
                0x0000000020000808                . = ALIGN (0x4)
 *(.ramtext)
                0x0000000020000808                . = ALIGN (0x4)
                0x0000000020000808                PROVIDE (_edata, .)

.igot.plt       0x0000000020000808        0x0 load address 0x0000000008007898
 .igot.plt      0x0000000020000808        0x0 build/obj/crt0.o

.bss            0x0000000020000808     0x28b0 load address 0x0000000008007898
                0x0000000020000808                . = ALIGN (0x4)
                0x0000000020000808                PROVIDE (_bss_start, .)
 *(.bss)
                0x0000000020000808                . = ALIGN (0x4)
 *(.bss.*)
 .bss.mainthread.4882
                0x0000000020000808       0x4c build/obj/chsys.o
 *fill*         0x0000000020000854        0x4 
 .bss._idle_thread_wa
                0x0000000020000858      0x148 build/obj/chsys.o
                0x0000000020000858                _idle_thread_wa
 .bss.dbg_isr_cnt
                0x00000000200009a0        0x4 build/obj/chdebug.o
                0x00000000200009a0                dbg_isr_cnt
 .bss.dbg_trace_buffer
                0x00000000200009a4      0x408 build/obj/chdebug.o
                0x00000000200009a4                dbg_trace_buffer
 .bss.dbg_lock_cnt
                0x0000000020000dac        0x4 build/obj/chdebug.o
                0x0000000020000dac                dbg_lock_cnt
 .bss.dbg_panic_msg
                0x0000000020000db0        0x4 build/obj/chdebug.o
                0x0000000020000db0                dbg_panic_msg
 .bss.vtlist    0x0000000020000db4       0x10 build/obj/chvt.o
                0x0000000020000db4                vtlist
 .bss.rlist     0x0000000020000dc4       0x1c build/obj/chschd.o
                0x0000000020000dc4                rlist
 .bss.endmem    0x0000000020000de0        0x4 build/obj/chmemcore.o
 .bss.nextmem   0x0000000020000de4        0x4 build/obj/chmemcore.o
 .bss.default_heap
                0x0000000020000de8       0x20 build/obj/chheap.o
 .bss.measurement_offset
                0x0000000020000e08        0x4 build/obj/tm.o
 .bss.dma_isr_redir
                0x0000000020000e0c       0x60 build/obj/stm32_dma.o
 .bss.dma_streams_mask
                0x0000000020000e6c        0x4 build/obj/stm32_dma.o
 .bss.ADCD1     0x0000000020000e70       0x38 build/obj/adc_lld.o
                0x0000000020000e70                ADCD1
 .bss.ADCD3     0x0000000020000ea8       0x38 build/obj/adc_lld.o
                0x0000000020000ea8                ADCD3
 .bss.CAND1     0x0000000020000ee0       0x38 build/obj/can_lld.o
                0x0000000020000ee0                CAND1
 .bss.ICUD3     0x0000000020000f18       0x18 build/obj/icu_lld.o
                0x0000000020000f18                ICUD3
 .bss.ICUD4     0x0000000020000f30       0x18 build/obj/icu_lld.o
                0x0000000020000f30                ICUD4
 .bss.ICUD8     0x0000000020000f48       0x18 build/obj/icu_lld.o
                0x0000000020000f48                ICUD8
 .bss.ICUD1     0x0000000020000f60       0x18 build/obj/icu_lld.o
                0x0000000020000f60                ICUD1
 .bss.PWMD2     0x0000000020000f78       0x14 build/obj/pwm_lld.o
                0x0000000020000f78                PWMD2
 .bss.SD1       0x0000000020000f8c       0x7c build/obj/serial_lld.o
                0x0000000020000f8c                SD1
 .bss.SD2       0x0000000020001008       0x7c build/obj/serial_lld.o
                0x0000000020001008                SD2
 .bss.SD3       0x0000000020001084       0x7c build/obj/serial_lld.o
                0x0000000020001084                SD3
 .bss.USBD1     0x0000000020001100       0x84 build/obj/usb_lld.o
                0x0000000020001100                USBD1
 .bss.ep0_state
                0x0000000020001184       0x14 build/obj/usb_lld.o
 .bss.ep0setup_buffer
                0x0000000020001198        0x8 build/obj/usb_lld.o
 .bss.ep2instate
                0x00000000200011a0       0x10 build/obj/usbcfg.o
 .bss.ep1instate
                0x00000000200011b0       0x10 build/obj/usbcfg.o
 .bss.ep1outstate
                0x00000000200011c0       0x14 build/obj/usbcfg.o
 .bss.currentMPPT3_1
                0x00000000200011d4        0x4 build/obj/main.o
                0x00000000200011d4                currentMPPT3_1
 .bss.currentMPPT3_2
                0x00000000200011d8        0x4 build/obj/main.o
                0x00000000200011d8                currentMPPT3_2
 .bss.highvolt1
                0x00000000200011dc        0x4 build/obj/main.o
                0x00000000200011dc                highvolt1
 .bss.voltMPPT6_1
                0x00000000200011e0        0x4 build/obj/main.o
                0x00000000200011e0                voltMPPT6_1
 .bss.voltMPPT6_2
                0x00000000200011e4        0x4 build/obj/main.o
                0x00000000200011e4                voltMPPT6_2
 .bss.packDODraw
                0x00000000200011e8        0x4 build/obj/main.o
                0x00000000200011e8                packDODraw
 .bss.packcurrentraw
                0x00000000200011ec        0x4 build/obj/main.o
                0x00000000200011ec                packcurrentraw
 .bss.mppt10_i  0x00000000200011f0        0x4 build/obj/main.o
                0x00000000200011f0                mppt10_i
 .bss.currentMPPT13_1
                0x00000000200011f4        0x4 build/obj/main.o
                0x00000000200011f4                currentMPPT13_1
 .bss.mppt9_v   0x00000000200011f8        0x4 build/obj/main.o
                0x00000000200011f8                mppt9_v
 .bss.RxMessage3CB
                0x00000000200011fc       0x20 build/obj/main.o
                0x00000000200011fc                RxMessage3CB
 .bss.mppt3_i   0x000000002000121c        0x4 build/obj/main.o
                0x000000002000121c                mppt3_i
 .bss.mppt10_v  0x0000000020001220        0x4 build/obj/main.o
                0x0000000020001220                mppt10_v
 .bss.currentMPPT13_2
                0x0000000020001224        0x4 build/obj/main.o
                0x0000000020001224                currentMPPT13_2
 .bss.avgtemp   0x0000000020001228        0x4 build/obj/main.o
                0x0000000020001228                avgtemp
 .bss.mppt3_v   0x000000002000122c        0x4 build/obj/main.o
                0x000000002000122c                mppt3_v
 .bss.currentMPPT8_1
                0x0000000020001230        0x4 build/obj/main.o
                0x0000000020001230                currentMPPT8_1
 .bss.currentMPPT8_2
                0x0000000020001234        0x4 build/obj/main.o
                0x0000000020001234                currentMPPT8_2
 .bss.RxMessage44
                0x0000000020001238       0x20 build/obj/main.o
                0x0000000020001238                RxMessage44
 .bss.mppt12_v  0x0000000020001258        0x4 build/obj/main.o
                0x0000000020001258                mppt12_v
 .bss.mppt15_i  0x000000002000125c        0x4 build/obj/main.o
                0x000000002000125c                mppt15_i
 .bss.voltMPPT1_1
                0x0000000020001260        0x4 build/obj/main.o
                0x0000000020001260                voltMPPT1_1
 .bss.voltMPPT1_2
                0x0000000020001264        0x4 build/obj/main.o
                0x0000000020001264                voltMPPT1_2
 .bss.mppt8_i   0x0000000020001268        0x4 build/obj/main.o
                0x0000000020001268                mppt8_i
 .bss.highvolt  0x000000002000126c        0x4 build/obj/main.o
                0x000000002000126c                highvolt
 .bss.voltMPPT11_1
                0x0000000020001270        0x4 build/obj/main.o
                0x0000000020001270                voltMPPT11_1
 .bss.voltMPPT11_2
                0x0000000020001274        0x4 build/obj/main.o
                0x0000000020001274                voltMPPT11_2
 .bss.mppt8_v   0x0000000020001278        0x4 build/obj/main.o
                0x0000000020001278                mppt8_v
 .bss.currentMPPT2_1
                0x000000002000127c        0x4 build/obj/main.o
                0x000000002000127c                currentMPPT2_1
 .bss.currentMPPT2_2
                0x0000000020001280        0x4 build/obj/main.o
                0x0000000020001280                currentMPPT2_2
 .bss.lowvolt   0x0000000020001284        0x4 build/obj/main.o
                0x0000000020001284                lowvolt
 .bss.voltMPPT5_1
                0x0000000020001288        0x4 build/obj/main.o
                0x0000000020001288                voltMPPT5_1
 .bss.voltMPPT5_2
                0x000000002000128c        0x4 build/obj/main.o
                0x000000002000128c                voltMPPT5_2
 .bss.supply12vraw
                0x0000000020001290        0x4 build/obj/main.o
                0x0000000020001290                supply12vraw
 .bss.lowvoltcell
                0x0000000020001294        0x4 build/obj/main.o
                0x0000000020001294                lowvoltcell
 .bss.currentMPPT12_1
                0x0000000020001298        0x4 build/obj/main.o
                0x0000000020001298                currentMPPT12_1
 .bss.currentMPPT12_2
                0x000000002000129c        0x4 build/obj/main.o
                0x000000002000129c                currentMPPT12_2
 .bss.currentMPPT9_2
                0x00000000200012a0        0x4 build/obj/main.o
                0x00000000200012a0                currentMPPT9_2
 *fill*         0x00000000200012a4        0x4 
 .bss.waThreadBMS
                0x00000000200012a8      0x538 build/obj/main.o
 .bss.RxMessage55
                0x00000000200017e0       0x20 build/obj/main.o
                0x00000000200017e0                RxMessage55
 .bss.mppt2_i   0x0000000020001800        0x4 build/obj/main.o
                0x0000000020001800                mppt2_i
 .bss.RxMessage88
                0x0000000020001804       0x20 build/obj/main.o
                0x0000000020001804                RxMessage88
 .bss.mppt2_v   0x0000000020001824        0x4 build/obj/main.o
                0x0000000020001824                mppt2_v
 .bss.voltMPPT16_1
                0x0000000020001828        0x4 build/obj/main.o
                0x0000000020001828                voltMPPT16_1
 .bss.voltMPPT16_2
                0x000000002000182c        0x4 build/obj/main.o
                0x000000002000182c                voltMPPT16_2
 .bss.currentMPPT7_1
                0x0000000020001830        0x4 build/obj/main.o
                0x0000000020001830                currentMPPT7_1
 .bss.currentMPPT7_2
                0x0000000020001834        0x4 build/obj/main.o
                0x0000000020001834                currentMPPT7_2
 .bss.hightemp  0x0000000020001838        0x4 build/obj/main.o
                0x0000000020001838                hightemp
 .bss.voltMPPT1
                0x000000002000183c        0x4 build/obj/main.o
                0x000000002000183c                voltMPPT1
 .bss.mppt14_i  0x0000000020001840        0x4 build/obj/main.o
                0x0000000020001840                mppt14_i
 .bss.voltMPPT3
                0x0000000020001844        0x4 build/obj/main.o
                0x0000000020001844                voltMPPT3
 .bss.voltMPPT4
                0x0000000020001848        0x4 build/obj/main.o
                0x0000000020001848                voltMPPT4
 .bss.voltMPPT5
                0x000000002000184c        0x4 build/obj/main.o
                0x000000002000184c                voltMPPT5
 .bss.voltMPPT6
                0x0000000020001850        0x4 build/obj/main.o
                0x0000000020001850                voltMPPT6
 .bss.voltMPPT7
                0x0000000020001854        0x4 build/obj/main.o
                0x0000000020001854                voltMPPT7
 .bss.voltMPPT8
                0x0000000020001858        0x4 build/obj/main.o
                0x0000000020001858                voltMPPT8
 .bss.voltMPPT9
                0x000000002000185c        0x4 build/obj/main.o
                0x000000002000185c                voltMPPT9
 .bss.mppt7_i   0x0000000020001860        0x4 build/obj/main.o
                0x0000000020001860                mppt7_i
 .bss.voltMPPT2
                0x0000000020001864        0x4 build/obj/main.o
                0x0000000020001864                voltMPPT2
 .bss.lowtemp   0x0000000020001868        0x4 build/obj/main.o
                0x0000000020001868                lowtemp
 .bss.avgcellvolt1
                0x000000002000186c        0x4 build/obj/main.o
                0x000000002000186c                avgcellvolt1
 .bss.RxMessage6B2
                0x0000000020001870       0x20 build/obj/main.o
                0x0000000020001870                RxMessage6B2
 .bss.voltMPPT10_1
                0x0000000020001890        0x4 build/obj/main.o
                0x0000000020001890                voltMPPT10_1
 .bss.voltMPPT10_2
                0x0000000020001894        0x4 build/obj/main.o
                0x0000000020001894                voltMPPT10_2
 .bss.mppt7_v   0x0000000020001898        0x4 build/obj/main.o
                0x0000000020001898                mppt7_v
 .bss.currentMPPT1_1
                0x000000002000189c        0x4 build/obj/main.o
                0x000000002000189c                currentMPPT1_1
 .bss.currentMPPT1_2
                0x00000000200018a0        0x4 build/obj/main.o
                0x00000000200018a0                currentMPPT1_2
 .bss.RxMessage66
                0x00000000200018a4       0x20 build/obj/main.o
                0x00000000200018a4                RxMessage66
 .bss.RxMessage11
                0x00000000200018c4       0x20 build/obj/main.o
                0x00000000200018c4                RxMessage11
 .bss.voltMPPT4_1
                0x00000000200018e4        0x4 build/obj/main.o
                0x00000000200018e4                voltMPPT4_1
 .bss.voltMPPT4_2
                0x00000000200018e8        0x4 build/obj/main.o
                0x00000000200018e8                voltMPPT4_2
 .bss.currentMPPT14_2
                0x00000000200018ec        0x4 build/obj/main.o
                0x00000000200018ec                currentMPPT14_2
 .bss.currentMPPT11_1
                0x00000000200018f0        0x4 build/obj/main.o
                0x00000000200018f0                currentMPPT11_1
 .bss.currentMPPT11_2
                0x00000000200018f4        0x4 build/obj/main.o
                0x00000000200018f4                currentMPPT11_2
 .bss.amphours1
                0x00000000200018f8        0x4 build/obj/main.o
                0x00000000200018f8                amphours1
 .bss.amphours2
                0x00000000200018fc        0x4 build/obj/main.o
                0x00000000200018fc                amphours2
 .bss.mppt1_i   0x0000000020001900        0x4 build/obj/main.o
                0x0000000020001900                mppt1_i
 .bss.currentMPPT5_1
                0x0000000020001904        0x4 build/obj/main.o
                0x0000000020001904                currentMPPT5_1
 .bss.mppt15_v  0x0000000020001908        0x4 build/obj/main.o
                0x0000000020001908                mppt15_v
 .bss.RxMessage1B
                0x000000002000190c       0x20 build/obj/main.o
                0x000000002000190c                RxMessage1B
 .bss.packCCL   0x000000002000192c        0x4 build/obj/main.o
                0x000000002000192c                packCCL
 .bss.voltMPPT15_1
                0x0000000020001930        0x4 build/obj/main.o
                0x0000000020001930                voltMPPT15_1
 .bss.voltMPPT15_2
                0x0000000020001934        0x4 build/obj/main.o
                0x0000000020001934                voltMPPT15_2
 .bss.currentMPPT6_1
                0x0000000020001938        0x4 build/obj/main.o
                0x0000000020001938                currentMPPT6_1
 .bss.currentMPPT6_2
                0x000000002000193c        0x4 build/obj/main.o
                0x000000002000193c                currentMPPT6_2
 .bss.packDCL   0x0000000020001940        0x4 build/obj/main.o
                0x0000000020001940                packDCL
 .bss.voltMPPT9_1
                0x0000000020001944        0x4 build/obj/main.o
                0x0000000020001944                voltMPPT9_1
 .bss.voltMPPT9_2
                0x0000000020001948        0x4 build/obj/main.o
                0x0000000020001948                voltMPPT9_2
 .bss.avgcellvolt
                0x000000002000194c        0x4 build/obj/main.o
                0x000000002000194c                avgcellvolt
 .bss.highvolt2
                0x0000000020001950        0x4 build/obj/main.o
                0x0000000020001950                highvolt2
 .bss.packcurrent
                0x0000000020001954        0x4 build/obj/main.o
                0x0000000020001954                packcurrent
 .bss.packvoltraw
                0x0000000020001958        0x4 build/obj/main.o
                0x0000000020001958                packvoltraw
 .bss.mppt13_i  0x000000002000195c        0x4 build/obj/main.o
                0x000000002000195c                mppt13_i
 .bss.RxMessage77
                0x0000000020001960       0x20 build/obj/main.o
                0x0000000020001960                RxMessage77
 .bss.amphours  0x0000000020001980        0x4 build/obj/main.o
                0x0000000020001980                amphours
 .bss.mppt6_i   0x0000000020001984        0x4 build/obj/main.o
                0x0000000020001984                mppt6_i
 .bss.mppt13_v  0x0000000020001988        0x4 build/obj/main.o
                0x0000000020001988                mppt13_v
 .bss.lowvolt1  0x000000002000198c        0x4 build/obj/main.o
                0x000000002000198c                lowvolt1
 .bss.lowvolt2  0x0000000020001990        0x4 build/obj/main.o
                0x0000000020001990                lowvolt2
 .bss.currentMPPT5_2
                0x0000000020001994        0x4 build/obj/main.o
                0x0000000020001994                currentMPPT5_2
 .bss.mppt6_v   0x0000000020001998        0x4 build/obj/main.o
                0x0000000020001998                mppt6_v
 .bss.voltMPPT3_1
                0x000000002000199c        0x4 build/obj/main.o
                0x000000002000199c                voltMPPT3_1
 .bss.voltMPPT3_2
                0x00000000200019a0        0x4 build/obj/main.o
                0x00000000200019a0                voltMPPT3_2
 .bss.currentMPPT3
                0x00000000200019a4        0x4 build/obj/main.o
                0x00000000200019a4                currentMPPT3
 .bss.amphoursraw
                0x00000000200019a8        0x4 build/obj/main.o
                0x00000000200019a8                amphoursraw
 .bss.currentMPPT6
                0x00000000200019ac        0x4 build/obj/main.o
                0x00000000200019ac                currentMPPT6
 .bss.deltacellvolt
                0x00000000200019b0        0x4 build/obj/main.o
                0x00000000200019b0                deltacellvolt
 *fill*         0x00000000200019b4        0x4 
 .bss.waBacacurrent
                0x00000000200019b8      0x538 build/obj/main.o
 .bss.currentMPPT9
                0x0000000020001ef0        0x4 build/obj/main.o
                0x0000000020001ef0                currentMPPT9
 .bss.currentMPPT10_1
                0x0000000020001ef4        0x4 build/obj/main.o
                0x0000000020001ef4                currentMPPT10_1
 .bss.currentMPPT10_2
                0x0000000020001ef8        0x4 build/obj/main.o
                0x0000000020001ef8                currentMPPT10_2
 .bss.currentMPPT10
                0x0000000020001efc        0x4 build/obj/main.o
                0x0000000020001efc                currentMPPT10
 .bss.currentMPPT11
                0x0000000020001f00        0x4 build/obj/main.o
                0x0000000020001f00                currentMPPT11
 .bss.currentMPPT12
                0x0000000020001f04        0x4 build/obj/main.o
                0x0000000020001f04                currentMPPT12
 .bss.currentMPPT13
                0x0000000020001f08        0x4 build/obj/main.o
                0x0000000020001f08                currentMPPT13
 .bss.currentMPPT14
                0x0000000020001f0c        0x4 build/obj/main.o
                0x0000000020001f0c                currentMPPT14
 .bss.currentMPPT15
                0x0000000020001f10        0x4 build/obj/main.o
                0x0000000020001f10                currentMPPT15
 .bss.voltMPPT10
                0x0000000020001f14        0x4 build/obj/main.o
                0x0000000020001f14                voltMPPT10
 .bss.voltMPPT11
                0x0000000020001f18        0x4 build/obj/main.o
                0x0000000020001f18                voltMPPT11
 .bss.voltMPPT12
                0x0000000020001f1c        0x4 build/obj/main.o
                0x0000000020001f1c                voltMPPT12
 .bss.voltMPPT13
                0x0000000020001f20        0x4 build/obj/main.o
                0x0000000020001f20                voltMPPT13
 .bss.avgcellvolt2
                0x0000000020001f24        0x4 build/obj/main.o
                0x0000000020001f24                avgcellvolt2
 .bss.voltMPPT15
                0x0000000020001f28        0x4 build/obj/main.o
                0x0000000020001f28                voltMPPT15
 .bss.voltMPPT16
                0x0000000020001f2c        0x4 build/obj/main.o
                0x0000000020001f2c                voltMPPT16
 .bss.voltMPPT8_1
                0x0000000020001f30        0x4 build/obj/main.o
                0x0000000020001f30                voltMPPT8_1
 .bss.voltMPPT8_2
                0x0000000020001f34        0x4 build/obj/main.o
                0x0000000020001f34                voltMPPT8_2
 .bss.mppt1_v   0x0000000020001f38        0x4 build/obj/main.o
                0x0000000020001f38                mppt1_v
 .bss.packcurrent1
                0x0000000020001f3c        0x4 build/obj/main.o
                0x0000000020001f3c                packcurrent1
 .bss.packcurrent2
                0x0000000020001f40        0x4 build/obj/main.o
                0x0000000020001f40                packcurrent2
 .bss.mppt12_i  0x0000000020001f44        0x4 build/obj/main.o
                0x0000000020001f44                mppt12_i
 .bss.currentMPPT15_1
                0x0000000020001f48        0x4 build/obj/main.o
                0x0000000020001f48                currentMPPT15_1
 .bss.currentMPPT15_2
                0x0000000020001f4c        0x4 build/obj/main.o
                0x0000000020001f4c                currentMPPT15_2
 .bss.mppt5_i   0x0000000020001f50        0x4 build/obj/main.o
                0x0000000020001f50                mppt5_i
 .bss.currentMPPT1
                0x0000000020001f54        0x4 build/obj/main.o
                0x0000000020001f54                currentMPPT1
 .bss.currentMPPT2
                0x0000000020001f58        0x4 build/obj/main.o
                0x0000000020001f58                currentMPPT2
 .bss.SDU1      0x0000000020001f5c      0x258 build/obj/main.o
                0x0000000020001f5c                SDU1
 .bss.currentMPPT4
                0x00000000200021b4        0x4 build/obj/main.o
                0x00000000200021b4                currentMPPT4
 .bss.currentMPPT5
                0x00000000200021b8        0x4 build/obj/main.o
                0x00000000200021b8                currentMPPT5
 .bss.highvoltcell
                0x00000000200021bc        0x4 build/obj/main.o
                0x00000000200021bc                highvoltcell
 .bss.currentMPPT7
                0x00000000200021c0        0x4 build/obj/main.o
                0x00000000200021c0                currentMPPT7
 .bss.currentMPPT8
                0x00000000200021c4        0x4 build/obj/main.o
                0x00000000200021c4                currentMPPT8
 .bss.packvolt  0x00000000200021c8        0x4 build/obj/main.o
                0x00000000200021c8                packvolt
 .bss.mppt5_v   0x00000000200021cc        0x4 build/obj/main.o
                0x00000000200021cc                mppt5_v
 .bss.voltMPPT2_1
                0x00000000200021d0        0x4 build/obj/main.o
                0x00000000200021d0                voltMPPT2_1
 .bss.voltMPPT2_2
                0x00000000200021d4        0x4 build/obj/main.o
                0x00000000200021d4                voltMPPT2_2
 .bss.RxMessage99
                0x00000000200021d8       0x20 build/obj/main.o
                0x00000000200021d8                RxMessage99
 .bss.packsoc   0x00000000200021f8        0x4 build/obj/main.o
                0x00000000200021f8                packsoc
 .bss.voltMPPT13_1
                0x00000000200021fc        0x4 build/obj/main.o
                0x00000000200021fc                voltMPPT13_1
 .bss.voltMPPT13_2
                0x0000000020002200        0x4 build/obj/main.o
                0x0000000020002200                voltMPPT13_2
 .bss.currentMPPT4_1
                0x0000000020002204        0x4 build/obj/main.o
                0x0000000020002204                currentMPPT4_1
 .bss.currentMPPT4_2
                0x0000000020002208        0x4 build/obj/main.o
                0x0000000020002208                currentMPPT4_2
 .bss.packDOD   0x000000002000220c        0x4 build/obj/main.o
                0x000000002000220c                packDOD
 .bss.voltMPPT7_1
                0x0000000020002210        0x4 build/obj/main.o
                0x0000000020002210                voltMPPT7_1
 .bss.voltMPPT7_2
                0x0000000020002214        0x4 build/obj/main.o
                0x0000000020002214                voltMPPT7_2
 .bss.mppt11_i  0x0000000020002218        0x4 build/obj/main.o
                0x0000000020002218                mppt11_i
 .bss.currentMPPT14_1
                0x000000002000221c        0x4 build/obj/main.o
                0x000000002000221c                currentMPPT14_1
 .bss.supply12v
                0x0000000020002220        0x4 build/obj/main.o
                0x0000000020002220                supply12v
 .bss.mppt4_i   0x0000000020002224        0x4 build/obj/main.o
                0x0000000020002224                mppt4_i
 .bss.mppt11_v  0x0000000020002228        0x4 build/obj/main.o
                0x0000000020002228                mppt11_v
 .bss.mppt4_v   0x000000002000222c        0x4 build/obj/main.o
                0x000000002000222c                mppt4_v
 .bss.currentMPPT9_1
                0x0000000020002230        0x4 build/obj/main.o
                0x0000000020002230                currentMPPT9_1
 .bss.packvolt1
                0x0000000020002234        0x4 build/obj/main.o
                0x0000000020002234                packvolt1
 .bss.packvolt2
                0x0000000020002238        0x4 build/obj/main.o
                0x0000000020002238                packvolt2
 .bss.avgcellvoltraw
                0x000000002000223c        0x4 build/obj/main.o
                0x000000002000223c                avgcellvoltraw
 .bss.RawMessage
                0x0000000020002240       0x20 build/obj/main.o
                0x0000000020002240                RawMessage
 .bss.RxMessage33
                0x0000000020002260       0x20 build/obj/main.o
                0x0000000020002260                RxMessage33
 .bss.mppt9_i   0x0000000020002280        0x4 build/obj/main.o
                0x0000000020002280                mppt9_i
 *fill*         0x0000000020002284        0x4 
 .bss.waBacavolt
                0x0000000020002288      0x538 build/obj/main.o
 .bss.mppt16_v  0x00000000200027c0        0x4 build/obj/main.o
                0x00000000200027c0                mppt16_v
 .bss.voltMPPT12_1
                0x00000000200027c4        0x4 build/obj/main.o
                0x00000000200027c4                voltMPPT12_1
 .bss.voltMPPT12_2
                0x00000000200027c8        0x4 build/obj/main.o
                0x00000000200027c8                voltMPPT12_2
 .bss.packsocraw
                0x00000000200027cc        0x4 build/obj/main.o
                0x00000000200027cc                packsocraw
 .bss.RxMessage3B
                0x00000000200027d0       0x20 build/obj/main.o
                0x00000000200027d0                RxMessage3B
 .bss.adc_buff8
                0x00000000200027f0        0x4 build/obj/adc_it.o
                0x00000000200027f0                adc_buff8
 .bss.adc_buff9
                0x00000000200027f4        0x4 build/obj/adc_it.o
                0x00000000200027f4                adc_buff9
 .bss.adc_val19
                0x00000000200027f8        0x2 build/obj/adc_it.o
                0x00000000200027f8                adc_val19
 .bss.adc_val20
                0x00000000200027fa        0x2 build/obj/adc_it.o
                0x00000000200027fa                adc_val20
 *fill*         0x00000000200027fc        0x4 
 .bss.wa_adcThread
                0x0000000020002800      0x1b8 build/obj/adc_it.o
 .bss.samples3  0x00000000200029b8       0xdc build/obj/adc_it.o
 .bss.adc_val10
                0x0000000020002a94        0x2 build/obj/adc_it.o
                0x0000000020002a94                adc_val10
 .bss.adc_val11
                0x0000000020002a96        0x2 build/obj/adc_it.o
                0x0000000020002a96                adc_val11
 .bss.adc_val12
                0x0000000020002a98        0x2 build/obj/adc_it.o
                0x0000000020002a98                adc_val12
 .bss.adc_val9  0x0000000020002a9a        0x2 build/obj/adc_it.o
                0x0000000020002a9a                adc_val9
 .bss.adc_val14
                0x0000000020002a9c        0x2 build/obj/adc_it.o
                0x0000000020002a9c                adc_val14
 *fill*         0x0000000020002a9e        0x2 
 .bss.adc_buff10
                0x0000000020002aa0        0x4 build/obj/adc_it.o
                0x0000000020002aa0                adc_buff10
 .bss.adc_buff11
                0x0000000020002aa4        0x4 build/obj/adc_it.o
                0x0000000020002aa4                adc_buff11
 .bss.adc_buff12
                0x0000000020002aa8        0x4 build/obj/adc_it.o
                0x0000000020002aa8                adc_buff12
 .bss.adc_buff13
                0x0000000020002aac        0x4 build/obj/adc_it.o
                0x0000000020002aac                adc_buff13
 .bss.adc_buff14
                0x0000000020002ab0        0x4 build/obj/adc_it.o
                0x0000000020002ab0                adc_buff14
 .bss.adc_buff15
                0x0000000020002ab4        0x4 build/obj/adc_it.o
                0x0000000020002ab4                adc_buff15
 .bss.adc_buff20
                0x0000000020002ab8        0x4 build/obj/adc_it.o
                0x0000000020002ab8                adc_buff20
 .bss.adc_buff17
                0x0000000020002abc        0x4 build/obj/adc_it.o
                0x0000000020002abc                adc_buff17
 .bss.adc_buff18
                0x0000000020002ac0        0x4 build/obj/adc_it.o
                0x0000000020002ac0                adc_buff18
 .bss.adc_buff19
                0x0000000020002ac4        0x4 build/obj/adc_it.o
                0x0000000020002ac4                adc_buff19
 .bss.adc_val13
                0x0000000020002ac8        0x2 build/obj/adc_it.o
                0x0000000020002ac8                adc_val13
 .bss.adc_val18
                0x0000000020002aca        0x2 build/obj/adc_it.o
                0x0000000020002aca                adc_val18
 .bss.adc_val16
                0x0000000020002acc        0x2 build/obj/adc_it.o
                0x0000000020002acc                adc_val16
 .bss.adc_val15
                0x0000000020002ace        0x2 build/obj/adc_it.o
                0x0000000020002ace                adc_val15
 .bss.adc_val2  0x0000000020002ad0        0x2 build/obj/adc_it.o
                0x0000000020002ad0                adc_val2
 .bss.adc_val3  0x0000000020002ad2        0x2 build/obj/adc_it.o
                0x0000000020002ad2                adc_val3
 .bss.adc_val4  0x0000000020002ad4        0x2 build/obj/adc_it.o
                0x0000000020002ad4                adc_val4
 .bss.adc_val5  0x0000000020002ad6        0x2 build/obj/adc_it.o
                0x0000000020002ad6                adc_val5
 .bss.adc_val6  0x0000000020002ad8        0x2 build/obj/adc_it.o
                0x0000000020002ad8                adc_val6
 .bss.adc_val7  0x0000000020002ada        0x2 build/obj/adc_it.o
                0x0000000020002ada                adc_val7
 .bss.adc_val8  0x0000000020002adc        0x2 build/obj/adc_it.o
                0x0000000020002adc                adc_val8
 *fill*         0x0000000020002ade        0x2 
 .bss.samples   0x0000000020002ae0       0xb4 build/obj/adc_it.o
 .bss.adc_val   0x0000000020002b94        0x2 build/obj/adc_it.o
                0x0000000020002b94                adc_val
 *fill*         0x0000000020002b96        0x2 
 .bss.adc_buff16
                0x0000000020002b98        0x4 build/obj/adc_it.o
                0x0000000020002b98                adc_buff16
 .bss.adc_val17
                0x0000000020002b9c        0x2 build/obj/adc_it.o
                0x0000000020002b9c                adc_val17
 *fill*         0x0000000020002b9e        0x2 
 .bss.adc_buff  0x0000000020002ba0        0x4 build/obj/adc_it.o
                0x0000000020002ba0                adc_buff
 .bss.adc_buff2
                0x0000000020002ba4        0x4 build/obj/adc_it.o
                0x0000000020002ba4                adc_buff2
 .bss.adc_buff3
                0x0000000020002ba8        0x4 build/obj/adc_it.o
                0x0000000020002ba8                adc_buff3
 .bss.adc_buff4
                0x0000000020002bac        0x4 build/obj/adc_it.o
                0x0000000020002bac                adc_buff4
 .bss.adc_buff5
                0x0000000020002bb0        0x4 build/obj/adc_it.o
                0x0000000020002bb0                adc_buff5
 .bss.adc_buff6
                0x0000000020002bb4        0x4 build/obj/adc_it.o
                0x0000000020002bb4                adc_buff6
 .bss.adc_buff7
                0x0000000020002bb8        0x4 build/obj/adc_it.o
                0x0000000020002bb8                adc_buff7
 .bss.current2_adc_rata
                0x0000000020002bbc        0x4 build/obj/my_process.o
                0x0000000020002bbc                current2_adc_rata
 .bss.jam       0x0000000020002bc0        0x4 build/obj/my_process.o
                0x0000000020002bc0                jam
 .bss.voltage1_adc_10mstick
                0x0000000020002bc4        0x4 build/obj/my_process.o
 .bss.energy3_wh
                0x0000000020002bc8        0x4 build/obj/my_process.o
                0x0000000020002bc8                energy3_wh
 .bss.current3  0x0000000020002bcc        0x4 build/obj/my_process.o
                0x0000000020002bcc                current3
 .bss.wa_milisecThread
                0x0000000020002bd0      0x238 build/obj/my_process.o
 .bss.current3_adc_total
                0x0000000020002e08        0x4 build/obj/my_process.o
                0x0000000020002e08                current3_adc_total
 .bss.voltage2_adc_10mstick
                0x0000000020002e0c        0x4 build/obj/my_process.o
 .bss.current1  0x0000000020002e10        0x4 build/obj/my_process.o
                0x0000000020002e10                current1
 .bss.current2  0x0000000020002e14        0x4 build/obj/my_process.o
                0x0000000020002e14                current2
 .bss.voltage3_adc_10mstick
                0x0000000020002e18        0x4 build/obj/my_process.o
 .bss.milidetik
                0x0000000020002e1c        0x4 build/obj/my_process.o
                0x0000000020002e1c                milidetik
 .bss.voltage2_adc_total
                0x0000000020002e20        0x4 build/obj/my_process.o
                0x0000000020002e20                voltage2_adc_total
 .bss.voltage1_adc_rata
                0x0000000020002e24        0x4 build/obj/my_process.o
                0x0000000020002e24                voltage1_adc_rata
 .bss.current1_adc_rata
                0x0000000020002e28        0x4 build/obj/my_process.o
                0x0000000020002e28                current1_adc_rata
 .bss.menit     0x0000000020002e2c        0x4 build/obj/my_process.o
                0x0000000020002e2c                menit
 .bss.current2_adc_total
                0x0000000020002e30        0x4 build/obj/my_process.o
                0x0000000020002e30                current2_adc_total
 .bss.voltage2_adc_rata
                0x0000000020002e34        0x4 build/obj/my_process.o
                0x0000000020002e34                voltage2_adc_rata
 .bss.voltage1_adc_total
                0x0000000020002e38        0x4 build/obj/my_process.o
                0x0000000020002e38                voltage1_adc_total
 .bss.detik     0x0000000020002e3c        0x4 build/obj/my_process.o
                0x0000000020002e3c                detik
 .bss.current2_adc_10mstick
                0x0000000020002e40        0x4 build/obj/my_process.o
 .bss.daya1     0x0000000020002e44        0x4 build/obj/my_process.o
                0x0000000020002e44                daya1
 .bss.daya2     0x0000000020002e48        0x4 build/obj/my_process.o
                0x0000000020002e48                daya2
 .bss.daya3     0x0000000020002e4c        0x4 build/obj/my_process.o
                0x0000000020002e4c                daya3
 .bss.voltage3_adc_rata
                0x0000000020002e50        0x4 build/obj/my_process.o
                0x0000000020002e50                voltage3_adc_rata
 .bss.current3_adc_rata
                0x0000000020002e54        0x4 build/obj/my_process.o
                0x0000000020002e54                current3_adc_rata
 .bss.current3_adc_10mstick
                0x0000000020002e58        0x4 build/obj/my_process.o
 .bss.energy1_wh
                0x0000000020002e5c        0x4 build/obj/my_process.o
                0x0000000020002e5c                energy1_wh
 .bss.voltage3_adc_total
                0x0000000020002e60        0x4 build/obj/my_process.o
                0x0000000020002e60                voltage3_adc_total
 .bss.energy2_wh
                0x0000000020002e64        0x4 build/obj/my_process.o
                0x0000000020002e64                energy2_wh
 .bss.voltage1  0x0000000020002e68        0x4 build/obj/my_process.o
                0x0000000020002e68                voltage1
 .bss.voltage2  0x0000000020002e6c        0x4 build/obj/my_process.o
                0x0000000020002e6c                voltage2
 .bss.voltage3  0x0000000020002e70        0x4 build/obj/my_process.o
                0x0000000020002e70                voltage3
 *fill*         0x0000000020002e74        0x4 
 .bss.wa_jouleThread
                0x0000000020002e78      0x238 build/obj/my_process.o
 .bss.current1_adc_total
                0x00000000200030b0        0x4 build/obj/my_process.o
                0x00000000200030b0                current1_adc_total
 .bss.current1_adc_10mstick
                0x00000000200030b4        0x4 build/obj/my_process.o
                0x00000000200030b8                . = ALIGN (0x4)
 *(COMMON)
                0x00000000200030b8                . = ALIGN (0x4)
                0x00000000200030b8                PROVIDE (_bss_end, .)
                0x00000000200030b8                PROVIDE (end, .)
                0x00000000200030b8                _end = .
                0x00000000200030b8                __heap_base__ = _end
                0x000000002000a000                __heap_end__ = __ram_end__
OUTPUT(build/main.elf elf32-littlearm)

.debug_info     0x0000000000000000    0x21419
 .debug_info    0x0000000000000000      0x2b1 build/obj/crt0.o
 .debug_info    0x00000000000002b1      0x1cd build/obj/vectors.o
 .debug_info    0x000000000000047e       0x92 build/obj/chcore.o
 .debug_info    0x0000000000000510      0xabd build/obj/chcore_v7m.o
 .debug_info    0x0000000000000fcd      0x406 build/obj/nvic.o
 .debug_info    0x00000000000013d3      0x97d build/obj/chsys.o
 .debug_info    0x0000000000001d50      0xa1a build/obj/chdebug.o
 .debug_info    0x000000000000276a      0x2c5 build/obj/chvt.o
 .debug_info    0x0000000000002a2f      0xbc3 build/obj/chschd.o
 .debug_info    0x00000000000035f2      0xeca build/obj/chthreads.o
 .debug_info    0x00000000000044bc      0x78b build/obj/chregistry.o
 .debug_info    0x0000000000004c47      0xde8 build/obj/chsem.o
 .debug_info    0x0000000000005a2f      0xc0a build/obj/chmtx.o
 .debug_info    0x0000000000006639     0x10c7 build/obj/chevents.o
 .debug_info    0x0000000000007700      0xdc0 build/obj/chqueues.o
 .debug_info    0x00000000000084c0      0x224 build/obj/chmemcore.o
 .debug_info    0x00000000000086e4      0x82e build/obj/chheap.o
 .debug_info    0x0000000000008f12      0x3dc build/obj/hal.o
 .debug_info    0x00000000000092ee     0x11d0 build/obj/adc.o
 .debug_info    0x000000000000a4be     0x130e build/obj/can.o
 .debug_info    0x000000000000b7cc      0x78b build/obj/icu.o
 .debug_info    0x000000000000bf57      0x87c build/obj/pwm.o
 .debug_info    0x000000000000c7d3     0x11d7 build/obj/serial.o
 .debug_info    0x000000000000d9aa     0x19ea build/obj/serial_usb.o
 .debug_info    0x000000000000f394      0x2d8 build/obj/tm.o
 .debug_info    0x000000000000f66c     0x1c60 build/obj/usb.o
 .debug_info    0x00000000000112cc      0x94f build/obj/stm32_dma.o
 .debug_info    0x0000000000011c1b      0x417 build/obj/hal_lld.o
 .debug_info    0x0000000000012032     0x1664 build/obj/adc_lld.o
 .debug_info    0x0000000000013696     0x151b build/obj/can_lld.o
 .debug_info    0x0000000000014bb1      0xa04 build/obj/icu_lld.o
 .debug_info    0x00000000000155b5      0x782 build/obj/pwm_lld.o
 .debug_info    0x0000000000015d37      0x564 build/obj/pal_lld.o
 .debug_info    0x000000000001629b     0x1149 build/obj/serial_lld.o
 .debug_info    0x00000000000173e4     0x1908 build/obj/usb_lld.o
 .debug_info    0x0000000000018cec      0x1d0 build/obj/board.o
 .debug_info    0x0000000000018ebc      0x696 build/obj/chprintf.o
 .debug_info    0x0000000000019552     0x10f1 build/obj/usbcfg.o
 .debug_info    0x000000000001a643     0x2d9a build/obj/main.o
 .debug_info    0x000000000001d3dd     0x12f5 build/obj/adc_it.o
 .debug_info    0x000000000001e6d2      0x9ae build/obj/my_process.o
 .debug_info    0x000000000001f080      0xc21 build/obj/my_kirim.o
 .debug_info    0x000000000001fca1      0xc7c build/obj/stm32f30x_can.o
 .debug_info    0x000000000002091d      0x751 build/obj/stm32f30x_gpio.o
 .debug_info    0x000000000002106e       0xa5 /usr/lib/gcc/arm-none-eabi/4.8/armv7e-m/libgcc.a(_arm_addsubdf3.o)
 .debug_info    0x0000000000021113       0xa5 /usr/lib/gcc/arm-none-eabi/4.8/armv7e-m/libgcc.a(_arm_muldivdf3.o)
 .debug_info    0x00000000000211b8       0xa5 /usr/lib/gcc/arm-none-eabi/4.8/armv7e-m/libgcc.a(_arm_fixdfsi.o)
 .debug_info    0x000000000002125d       0xa5 /usr/lib/gcc/arm-none-eabi/4.8/armv7e-m/libgcc.a(_arm_truncdfsf2.o)
 .debug_info    0x0000000000021302      0x117 /usr/lib/gcc/arm-none-eabi/4.8/../../../arm-none-eabi/lib/armv7e-m/libc.a(lib_a-memset.o)

.debug_abbrev   0x0000000000000000     0x68c6
 .debug_abbrev  0x0000000000000000       0xd6 build/obj/crt0.o
 .debug_abbrev  0x00000000000000d6       0xaf build/obj/vectors.o
 .debug_abbrev  0x0000000000000185       0x42 build/obj/chcore.o
 .debug_abbrev  0x00000000000001c7      0x1c8 build/obj/chcore_v7m.o
 .debug_abbrev  0x000000000000038f      0x10e build/obj/nvic.o
 .debug_abbrev  0x000000000000049d      0x1f2 build/obj/chsys.o
 .debug_abbrev  0x000000000000068f      0x21b build/obj/chdebug.o
 .debug_abbrev  0x00000000000008aa      0x18b build/obj/chvt.o
 .debug_abbrev  0x0000000000000a35      0x31b build/obj/chschd.o
 .debug_abbrev  0x0000000000000d50      0x375 build/obj/chthreads.o
 .debug_abbrev  0x00000000000010c5      0x1ba build/obj/chregistry.o
 .debug_abbrev  0x000000000000127f      0x30c build/obj/chsem.o
 .debug_abbrev  0x000000000000158b      0x2d1 build/obj/chmtx.o
 .debug_abbrev  0x000000000000185c      0x2cc build/obj/chevents.o
 .debug_abbrev  0x0000000000001b28      0x341 build/obj/chqueues.o
 .debug_abbrev  0x0000000000001e69      0x13b build/obj/chmemcore.o
 .debug_abbrev  0x0000000000001fa4      0x1f2 build/obj/chheap.o
 .debug_abbrev  0x0000000000002196      0x1bb build/obj/hal.o
 .debug_abbrev  0x0000000000002351      0x2e0 build/obj/adc.o
 .debug_abbrev  0x0000000000002631      0x2ef build/obj/can.o
 .debug_abbrev  0x0000000000002920      0x1f1 build/obj/icu.o
 .debug_abbrev  0x0000000000002b11      0x1f1 build/obj/pwm.o
 .debug_abbrev  0x0000000000002d02      0x2c0 build/obj/serial.o
 .debug_abbrev  0x0000000000002fc2      0x3af build/obj/serial_usb.o
 .debug_abbrev  0x0000000000003371      0x19a build/obj/tm.o
 .debug_abbrev  0x000000000000350b      0x3ef build/obj/usb.o
 .debug_abbrev  0x00000000000038fa      0x250 build/obj/stm32_dma.o
 .debug_abbrev  0x0000000000003b4a      0x128 build/obj/hal_lld.o
 .debug_abbrev  0x0000000000003c72      0x392 build/obj/adc_lld.o
 .debug_abbrev  0x0000000000004004      0x403 build/obj/can_lld.o
 .debug_abbrev  0x0000000000004407      0x275 build/obj/icu_lld.o
 .debug_abbrev  0x000000000000467c      0x283 build/obj/pwm_lld.o