Archive member included to satisfy reference by file (symbol)

/usr/lib/gcc/arm-none-eabi/4.8/armv7e-m/libgcc.a(_arm_addsubdf3.o)
                              build/obj/chprintf.o (__aeabi_dsub)
/usr/lib/gcc/arm-none-eabi/4.8/armv7e-m/libgcc.a(_arm_muldivdf3.o)
                              build/obj/chprintf.o (__aeabi_dmul)
/usr/lib/gcc/arm-none-eabi/4.8/armv7e-m/libgcc.a(_arm_fixdfsi.o)
                              build/obj/chprintf.o (__aeabi_d2iz)
/usr/lib/gcc/arm-none-eabi/4.8/armv7e-m/libgcc.a(_arm_truncdfsf2.o)
                              build/obj/chprintf.o (__aeabi_d2f)
/usr/lib/gcc/arm-none-eabi/4.8/../../../arm-none-eabi/lib/armv7e-m/libc.a(lib_a-memcpy.o)
                              build/obj/memstreams.o (memcpy)
/usr/lib/gcc/arm-none-eabi/4.8/../../../arm-none-eabi/lib/armv7e-m/libc.a(lib_a-memset.o)
                              build/obj/usb.o (memset)
/usr/lib/gcc/arm-none-eabi/4.8/../../../arm-none-eabi/lib/armv7e-m/libc.a(lib_a-strcasecmp.o)
                              build/obj/shell.o (strcasecmp)
/usr/lib/gcc/arm-none-eabi/4.8/../../../arm-none-eabi/lib/armv7e-m/libc.a(lib_a-strpbrk.o)
                              build/obj/shell.o (strpbrk)
/usr/lib/gcc/arm-none-eabi/4.8/../../../arm-none-eabi/lib/armv7e-m/libc.a(lib_a-strspn.o)
                              build/obj/shell.o (strspn)
/usr/lib/gcc/arm-none-eabi/4.8/../../../arm-none-eabi/lib/armv7e-m/libc.a(lib_a-ctype_.o)
                              /usr/lib/gcc/arm-none-eabi/4.8/../../../arm-none-eabi/lib/armv7e-m/libc.a(lib_a-strcasecmp.o) (__ctype_ptr__)

Discarded input sections

 .text          0x0000000000000000        0x0 build/obj/crt0.o
 .data          0x0000000000000000        0x0 build/obj/crt0.o
 .bss           0x0000000000000000        0x0 build/obj/crt0.o
 .text.__early_init
                0x0000000000000000       0x10 build/obj/crt0.o
 .text          0x0000000000000000        0x0 build/obj/vectors.o
 .data          0x0000000000000000        0x0 build/obj/vectors.o
 .bss           0x0000000000000000        0x0 build/obj/vectors.o
 .text          0x0000000000000000        0x0 build/obj/chcore.o
 .data          0x0000000000000000        0x0 build/obj/chcore.o
 .bss           0x0000000000000000        0x0 build/obj/chcore.o
 .text          0x0000000000000000        0x0 build/obj/chcore_v7m.o
 .data          0x0000000000000000        0x0 build/obj/chcore_v7m.o
 .bss           0x0000000000000000        0x0 build/obj/chcore_v7m.o
 .text          0x0000000000000000        0x0 build/obj/nvic.o
 .data          0x0000000000000000        0x0 build/obj/nvic.o
 .bss           0x0000000000000000        0x0 build/obj/nvic.o
 .text.nvicDisableVector
                0x0000000000000000       0x50 build/obj/nvic.o
 .text          0x0000000000000000        0x0 build/obj/chsys.o
 .data          0x0000000000000000        0x0 build/obj/chsys.o
 .bss           0x0000000000000000        0x0 build/obj/chsys.o
 .text          0x0000000000000000        0x0 build/obj/chdebug.o
 .data          0x0000000000000000        0x0 build/obj/chdebug.o
 .bss           0x0000000000000000        0x0 build/obj/chdebug.o
 .text.dbg_check_disable
                0x0000000000000000       0x30 build/obj/chdebug.o
 .text.dbg_check_suspend
                0x0000000000000000       0x30 build/obj/chdebug.o
 .text          0x0000000000000000        0x0 build/obj/chlists.o
 .data          0x0000000000000000        0x0 build/obj/chlists.o
 .bss           0x0000000000000000        0x0 build/obj/chlists.o
 .debug_info    0x0000000000000000       0x79 build/obj/chlists.o
 .debug_abbrev  0x0000000000000000       0x26 build/obj/chlists.o
 .debug_aranges
                0x0000000000000000       0x18 build/obj/chlists.o
 .debug_line    0x0000000000000000       0x1d build/obj/chlists.o
 .debug_str     0x0000000000000000      0x217 build/obj/chlists.o
 .comment       0x0000000000000000       0x21 build/obj/chlists.o
 .ARM.attributes
                0x0000000000000000       0x37 build/obj/chlists.o
 .text          0x0000000000000000        0x0 build/obj/chvt.o
 .data          0x0000000000000000        0x0 build/obj/chvt.o
 .bss           0x0000000000000000        0x0 build/obj/chvt.o
 .text.chTimeIsWithin
                0x0000000000000000       0x30 build/obj/chvt.o
 .text          0x0000000000000000        0x0 build/obj/chschd.o
 .data          0x0000000000000000        0x0 build/obj/chschd.o
 .bss           0x0000000000000000        0x0 build/obj/chschd.o
 .text.chSchRescheduleS
                0x0000000000000000       0x30 build/obj/chschd.o
 .text          0x0000000000000000        0x0 build/obj/chthreads.o
 .data          0x0000000000000000        0x0 build/obj/chthreads.o
 .bss           0x0000000000000000        0x0 build/obj/chthreads.o
 .text.chThdSetPriority
                0x0000000000000000       0x50 build/obj/chthreads.o
 .text.chThdResume
                0x0000000000000000       0x40 build/obj/chthreads.o
 .text.chThdTerminate
[...]
Memory Configuration

Name             Origin             Length             Attributes
flash            0x0000000008000000 0x0000000000040000
ram              0x0000000020000000 0x000000000000a000
ccmram           0x0000000010000000 0x0000000000002000
*default*        0x0000000000000000 0xffffffffffffffff

Linker script and memory map

LOAD build/obj/crt0.o
LOAD build/obj/vectors.o
LOAD build/obj/chcore.o
LOAD build/obj/chcore_v7m.o
LOAD build/obj/nvic.o
LOAD build/obj/chsys.o
LOAD build/obj/chdebug.o
LOAD build/obj/chlists.o
LOAD build/obj/chvt.o
LOAD build/obj/chschd.o
LOAD build/obj/chthreads.o
LOAD build/obj/chdynamic.o
LOAD build/obj/chregistry.o
LOAD build/obj/chsem.o
LOAD build/obj/chmtx.o
LOAD build/obj/chcond.o
LOAD build/obj/chevents.o
LOAD build/obj/chmsg.o
LOAD build/obj/chmboxes.o
LOAD build/obj/chqueues.o
LOAD build/obj/chmemcore.o
LOAD build/obj/chheap.o
LOAD build/obj/chmempools.o
LOAD build/obj/hal.o
LOAD build/obj/adc.o
LOAD build/obj/can.o
LOAD build/obj/ext.o
LOAD build/obj/gpt.o
LOAD build/obj/i2c.o
LOAD build/obj/icu.o
LOAD build/obj/mac.o
LOAD build/obj/mmc_spi.o
LOAD build/obj/mmcsd.o
LOAD build/obj/pal.o
LOAD build/obj/pwm.o
LOAD build/obj/rtc.o
LOAD build/obj/sdc.o
LOAD build/obj/serial.o
LOAD build/obj/serial_usb.o
LOAD build/obj/spi.o
LOAD build/obj/tm.o
LOAD build/obj/uart.o
LOAD build/obj/usb.o
LOAD build/obj/stm32_dma.o
LOAD build/obj/hal_lld.o
LOAD build/obj/adc_lld.o
LOAD build/obj/ext_lld_isr.o
LOAD build/obj/can_lld.o
LOAD build/obj/ext_lld.o
LOAD build/obj/gpt_lld.o
LOAD build/obj/icu_lld.o
LOAD build/obj/pwm_lld.o
LOAD build/obj/pal_lld.o
LOAD build/obj/i2c_lld.o
LOAD build/obj/rtc_lld.o
LOAD build/obj/spi_lld.o
LOAD build/obj/serial_lld.o
LOAD build/obj/uart_lld.o
LOAD build/obj/usb_lld.o
LOAD build/obj/board.o
LOAD build/obj/shell.o
LOAD build/obj/syscalls.o
LOAD build/obj/evtimer.o
LOAD build/obj/chprintf.o
LOAD build/obj/memstreams.o
LOAD build/obj/usbcfg.o
LOAD build/obj/main.o
LOAD build/obj/stm32f30x_adc.o
LOAD build/obj/stm32f30x_can.o
LOAD build/obj/stm32f30x_crc.o
LOAD build/obj/stm32f30x_comp.o
LOAD build/obj/stm32f30x_dac.o
LOAD build/obj/stm32f30x_dbgmcu.o
LOAD build/obj/stm32f30x_dma.o
LOAD build/obj/stm32f30x_exti.o
LOAD build/obj/stm32f30x_flash.o
LOAD build/obj/stm32f30x_gpio.o
LOAD build/obj/stm32f30x_syscfg.o
LOAD build/obj/stm32f30x_iwdg.o
LOAD build/obj/stm32f30x_opamp.o
LOAD build/obj/stm32f30x_pwr.o
LOAD build/obj/stm32f30x_rtc.o
LOAD build/obj/stm32f30x_spi.o
LOAD build/obj/stm32f30x_tim.o
LOAD build/obj/stm32f30x_usart.o
LOAD build/obj/stm32f30x_wwdg.o
LOAD build/obj/stm32f30x_misc.o
START GROUP
LOAD /usr/lib/gcc/arm-none-eabi/4.8/armv7e-m/libgcc.a
LOAD /usr/lib/gcc/arm-none-eabi/4.8/../../../arm-none-eabi/lib/armv7e-m/libc.a
END GROUP
                0x0000000000000400                __main_stack_size__ = 0x400
                0x0000000000000400                __process_stack_size__ = 0x400
                0x0000000020000000                __ram_start__ = ORIGIN (ram)
                0x000000000000a000                __ram_size__ = 0xa000
                0x000000002000a000                __ram_end__ = (__ram_start__ + __ram_size__)
                0x0000000000000000                . = 0x0
                0x0000000000000000                _text = .

startup         0x0000000008000000      0x188
 *(vectors)
 vectors        0x0000000008000000      0x188 build/obj/vectors.o
                0x0000000008000000                _vectors

constructors    0x0000000008000188        0x0
                0x0000000008000188                PROVIDE (__init_array_start, .)
 *(SORT(.init_array.*))
 *(.init_array)
                0x0000000008000188                PROVIDE (__init_array_end, .)

destructors     0x0000000008000188        0x0
                0x0000000008000188                PROVIDE (__fini_array_start, .)
 *(.fini_array)
 *(SORT(.fini_array.*))
                0x0000000008000188                PROVIDE (__fini_array_end, .)

.text           0x0000000008000190     0x63d4
 *(.text.startup.*)
 .text.startup.main
                0x0000000008000190      0x1c0 build/obj/main.o
                0x0000000008000190                main
 *(.text)
 .text          0x0000000008000350      0x370 /usr/lib/gcc/arm-none-eabi/4.8/armv7e-m/libgcc.a(_arm_addsubdf3.o)
                0x0000000008000350                __aeabi_drsub
                0x0000000008000358                __aeabi_dsub
                0x0000000008000358                __subdf3
                0x000000000800035c                __adddf3
                0x000000000800035c                __aeabi_dadd
                0x00000000080005d4                __aeabi_ui2d
                0x00000000080005d4                __floatunsidf
                0x00000000080005f4                __floatsidf
                0x00000000080005f4                __aeabi_i2d
                0x0000000008000618                __extendsfdf2
                0x0000000008000618                __aeabi_f2d
                0x0000000008000654                __aeabi_ul2d
                0x0000000008000654                __floatundidf
                0x0000000008000664                __floatdidf
                0x0000000008000664                __aeabi_l2d
 .text          0x00000000080006c0      0x424 /usr/lib/gcc/arm-none-eabi/4.8/armv7e-m/libgcc.a(_arm_muldivdf3.o)
                0x00000000080006c0                __aeabi_dmul
                0x00000000080006c0                __muldf3
                0x0000000008000914                __aeabi_ddiv
                0x0000000008000914                __divdf3
 *fill*         0x0000000008000ae4        0xc 
 .text          0x0000000008000af0       0x50 /usr/lib/gcc/arm-none-eabi/4.8/armv7e-m/libgcc.a(_arm_fixdfsi.o)
                0x0000000008000af0                __fixdfsi
                0x0000000008000af0                __aeabi_d2iz
 .text          0x0000000008000b40       0xa0 /usr/lib/gcc/arm-none-eabi/4.8/armv7e-m/libgcc.a(_arm_truncdfsf2.o)
                0x0000000008000b40                __aeabi_d2f
                0x0000000008000b40                __truncdfsf2
 *(.text.*)
 .text.__late_init
                0x0000000008000be0       0x10 build/obj/crt0.o
                0x0000000008000be0                __late_init
 .text._default_exit
                0x0000000008000bf0       0x10 build/obj/crt0.o
                0x0000000008000bf0                _default_exit
 .text.ResetHandler
                0x0000000008000c00      0x120 build/obj/crt0.o
                0x0000000008000c00                ResetHandler
 .text._unhandled_exception
                0x0000000008000d20       0x10 build/obj/vectors.o
                0x0000000008000d20                Vector58
                0x0000000008000d20                VectorE8
                0x0000000008000d20                Vector9C
                0x0000000008000d20                Vector5C
                0x0000000008000d20                NMIVector
                0x0000000008000d20                Vector11C
                0x0000000008000d20                Vector110
                0x0000000008000d20                VectorC8
                0x0000000008000d20                VectorA8
                0x0000000008000d20                Vector160
                0x0000000008000d20                VectorEC
                0x0000000008000d20                UsageFaultVector
                0x0000000008000d20                DebugMonitorVector
                0x0000000008000d20                Vector40
                0x0000000008000d20                Vector108
                0x0000000008000d20                VectorBC
                0x0000000008000d20                Vector150
                0x0000000008000d20                Vector148
                0x0000000008000d20                PendSVVector
                0x0000000008000d20                Vector118
                0x0000000008000d20                Vector64
                0x0000000008000d20                VectorCC
                0x0000000008000d20                Vector54
                0x0000000008000d20                Vector138
                0x0000000008000d20                Vector24
                0x0000000008000d20                Vector178
                0x0000000008000d20                BusFaultVector
                0x0000000008000d20                VectorD0
                0x0000000008000d20                Vector140
                0x0000000008000d20                VectorE4
                0x0000000008000d20                VectorC0
                0x0000000008000d20                Vector158
                0x0000000008000d20                HardFaultVector
                0x0000000008000d20                Vector134
                0x0000000008000d20                Vector13C
                0x0000000008000d20                Vector100
                0x0000000008000d20                VectorE0
                0x0000000008000d20                VectorF4
                0x0000000008000d20                MemManageVector
                0x0000000008000d20                VectorA0
                0x0000000008000d20                VectorC4
                0x0000000008000d20                Vector180
                0x0000000008000d20                Vector114
                0x0000000008000d20                Vector164
                0x0000000008000d20                Vector60
                0x0000000008000d20                Vector1C
                0x0000000008000d20                Vector17C
                0x0000000008000d20                Vector48
                0x0000000008000d20                Vector4C
                0x0000000008000d20                Vector144
                0x0000000008000d20                Vector15C
                0x0000000008000d20                Vector68
                0x0000000008000d20                _unhandled_exception
                0x0000000008000d20                Vector170
                0x0000000008000d20                Vector104
                0x0000000008000d20                Vector184
                0x0000000008000d20                Vector10C
                0x0000000008000d20                Vector14C
                0x0000000008000d20                Vector50
                0x0000000008000d20                Vector154
                0x0000000008000d20                Vector44
                0x0000000008000d20                Vector28
                0x0000000008000d20                VectorFC
                0x0000000008000d20                Vector34
                0x0000000008000d20                Vector20
                0x0000000008000d20                Vector174
 .text.port_halt
                0x0000000008000d30       0x10 build/obj/chcore.o
                0x0000000008000d30                port_halt
 .text._port_switch_from_isr
                0x0000000008000d40       0x10 build/obj/chcore_v7m.o
                0x0000000008000d40                _port_switch_from_isr
 .text.SVCallVector
                0x0000000008000d50       0x30 build/obj/chcore_v7m.o
                0x0000000008000d50                SVCallVector
 .text._port_init
                0x0000000008000d80       0x40 build/obj/chcore_v7m.o
                0x0000000008000d80                _port_init
 .text._port_irq_epilogue
                0x0000000008000dc0       0x90 build/obj/chcore_v7m.o
                0x0000000008000dc0                _port_irq_epilogue
 .text.SysTickVector
                0x0000000008000e50       0x30 build/obj/chcore_v7m.o
                0x0000000008000e50                SysTickVector
 .text._port_switch
                0x0000000008000e80       0x20 build/obj/chcore_v7m.o
                0x0000000008000e80                _port_switch
 .text._port_thread_start
                0x0000000008000ea0       0x20 build/obj/chcore_v7m.o
                0x0000000008000ea0                _port_thread_start
 .text.nvicEnableVector
                0x0000000008000ec0       0x50 build/obj/nvic.o
                0x0000000008000ec0                nvicEnableVector
 .text.nvicSetSystemHandlerPriority
                0x0000000008000f10       0x30 build/obj/nvic.o
                0x0000000008000f10                nvicSetSystemHandlerPriority
 .text._idle_thread
                0x0000000008000f40       0x20 build/obj/chsys.o
                0x0000000008000f40                _idle_thread
 .text.chSysInit
                0x0000000008000f60       0x70 build/obj/chsys.o
                0x0000000008000f60                chSysInit
 .text.chSysTimerHandlerI
                0x0000000008000fd0       0x70 build/obj/chsys.o
                0x0000000008000fd0                chSysTimerHandlerI
 .text.dbg_check_enable
                0x0000000008001040       0x30 build/obj/chdebug.o
                0x0000000008001040                dbg_check_enable
 .text.dbg_check_lock
                0x0000000008001070       0x30 build/obj/chdebug.o
                0x0000000008001070                dbg_check_lock
 .text.dbg_check_unlock
                0x00000000080010a0       0x40 build/obj/chdebug.o
                0x00000000080010a0                dbg_check_unlock
 .text.dbg_check_lock_from_isr
                0x00000000080010e0       0x30 build/obj/chdebug.o
                0x00000000080010e0                dbg_check_lock_from_isr
 .text.dbg_check_unlock_from_isr
                0x0000000008001110       0x40 build/obj/chdebug.o
                0x0000000008001110                dbg_check_unlock_from_isr
 .text.dbg_check_enter_isr
                0x0000000008001150       0x40 build/obj/chdebug.o
                0x0000000008001150                dbg_check_enter_isr
 .text.dbg_check_leave_isr
                0x0000000008001190       0x40 build/obj/chdebug.o
                0x0000000008001190                dbg_check_leave_isr
 .text.chDbgCheckClassI
                0x00000000080011d0       0x30 build/obj/chdebug.o
                0x00000000080011d0                chDbgCheckClassI
 .text.chDbgCheckClassS
                0x0000000008001200       0x30 build/obj/chdebug.o
                0x0000000008001200                chDbgCheckClassS
 .text._trace_init
                0x0000000008001230       0x20 build/obj/chdebug.o
                0x0000000008001230                _trace_init
 .text.dbg_trace
                0x0000000008001250       0x40 build/obj/chdebug.o
                0x0000000008001250                dbg_trace
 .text.chDbgPanic
                0x0000000008001290       0x10 build/obj/chdebug.o
                0x0000000008001290                chDbgPanic
 .text._vt_init
                0x00000000080012a0       0x20 build/obj/chvt.o
                0x00000000080012a0                _vt_init
 .text.chVTSetI
                0x00000000080012c0       0x60 build/obj/chvt.o
                0x00000000080012c0                chVTSetI
 .text.chVTResetI
                0x0000000008001320       0x50 build/obj/chvt.o
                0x0000000008001320                chVTResetI
 .text._scheduler_init
                0x0000000008001370       0x20 build/obj/chschd.o
                0x0000000008001370                _scheduler_init
 .text.chSchReadyI
                0x0000000008001390       0x50 build/obj/chschd.o
                0x0000000008001390                chSchReadyI
 .text.wakeup   0x00000000080013e0       0x60 build/obj/chschd.o
 .text.chSchGoSleepS
                0x0000000008001440       0x50 build/obj/chschd.o
                0x0000000008001440                chSchGoSleepS
 .text.chSchGoSleepTimeoutS
                0x0000000008001490       0x50 build/obj/chschd.o
                0x0000000008001490                chSchGoSleepTimeoutS
 .text.chSchWakeupS
                0x00000000080014e0       0x70 build/obj/chschd.o
                0x00000000080014e0                chSchWakeupS
 .text.chSchDoRescheduleBehind
                0x0000000008001550       0x50 build/obj/chschd.o
                0x0000000008001550                chSchDoRescheduleBehind
 .text.chSchDoRescheduleAhead
                0x00000000080015a0       0x60 build/obj/chschd.o
                0x00000000080015a0                chSchDoRescheduleAhead
 .text.chSchDoReschedule
                0x0000000008001600       0x20 build/obj/chschd.o
                0x0000000008001600                chSchDoReschedule
 .text._thread_init
                0x0000000008001620       0x60 build/obj/chthreads.o
                0x0000000008001620                _thread_init
 .text._thread_memfill
                0x0000000008001680       0x10 build/obj/chthreads.o
                0x0000000008001680                _thread_memfill
 .text.chThdCreateI
                0x0000000008001690       0xb0 build/obj/chthreads.o
                0x0000000008001690                chThdCreateI
 .text.chThdCreateStatic
                0x0000000008001740       0x70 build/obj/chthreads.o
                0x0000000008001740                chThdCreateStatic
 .text.chThdSleep
                0x00000000080017b0       0x30 build/obj/chthreads.o
                0x00000000080017b0                chThdSleep
 .text.chThdExitS
                0x00000000080017e0       0x50 build/obj/chthreads.o
                0x00000000080017e0                chThdExitS
 .text.chThdExit
                0x0000000008001830       0x20 build/obj/chthreads.o
                0x0000000008001830                chThdExit
 .text.chThdRelease
                0x0000000008001850       0x80 build/obj/chdynamic.o
                0x0000000008001850                chThdRelease
 .text.chThdCreateFromHeap
                0x00000000080018d0       0x70 build/obj/chdynamic.o
                0x00000000080018d0                chThdCreateFromHeap
 .text.chSemInit
                0x0000000008001940       0x30 build/obj/chsem.o
                0x0000000008001940                chSemInit
 .text.chSemSignalI
                0x0000000008001970       0x60 build/obj/chsem.o
                0x0000000008001970                chSemSignalI
 .text.chMtxInit
                0x00000000080019d0       0x20 build/obj/chmtx.o
                0x00000000080019d0                chMtxInit
 .text.chMtxLockS
                0x00000000080019f0      0x100 build/obj/chmtx.o
                0x00000000080019f0                chMtxLockS
 .text.chMtxLock
                0x0000000008001af0       0x20 build/obj/chmtx.o
                0x0000000008001af0                chMtxLock
 .text.chMtxUnlock
                0x0000000008001b10       0x90 build/obj/chmtx.o
                0x0000000008001b10                chMtxUnlock
 .text.chEvtSignalI
                0x0000000008001ba0       0x50 build/obj/chevents.o
                0x0000000008001ba0                chEvtSignalI
 .text.chEvtBroadcastFlagsI
                0x0000000008001bf0       0x40 build/obj/chevents.o
                0x0000000008001bf0                chEvtBroadcastFlagsI
 .text.qwait    0x0000000008001c30       0x30 build/obj/chqueues.o
 .text.chIQInit
                0x0000000008001c60       0x20 build/obj/chqueues.o
                0x0000000008001c60                chIQInit
 .text.chIQResetI
                0x0000000008001c80       0x30 build/obj/chqueues.o
                0x0000000008001c80                chIQResetI
 .text.chIQPutI
                0x0000000008001cb0       0x60 build/obj/chqueues.o
                0x0000000008001cb0                chIQPutI
 .text.chIQGetTimeout
                0x0000000008001d10       0x70 build/obj/chqueues.o
                0x0000000008001d10                chIQGetTimeout
 .text.chIQReadTimeout
                0x0000000008001d80       0xa0 build/obj/chqueues.o
                0x0000000008001d80                chIQReadTimeout
 .text.chOQInit
                0x0000000008001e20       0x20 build/obj/chqueues.o
                0x0000000008001e20                chOQInit
 .text.chOQResetI
                0x0000000008001e40       0x40 build/obj/chqueues.o
                0x0000000008001e40                chOQResetI
 .text.chOQPutTimeout
                0x0000000008001e80       0x70 build/obj/chqueues.o
                0x0000000008001e80                chOQPutTimeout
 .text.chOQGetI
                0x0000000008001ef0       0x50 build/obj/chqueues.o
                0x0000000008001ef0                chOQGetI
 .text.chOQWriteTimeout
                0x0000000008001f40       0xa0 build/obj/chqueues.o
                0x0000000008001f40                chOQWriteTimeout
 .text._core_init
                0x0000000008001fe0       0x30 build/obj/chmemcore.o
                0x0000000008001fe0                _core_init
 .text.chCoreAllocI
                0x0000000008002010       0x30 build/obj/chmemcore.o
                0x0000000008002010                chCoreAllocI
 .text.chCoreAlloc
                0x0000000008002040       0x30 build/obj/chmemcore.o
                0x0000000008002040                chCoreAlloc
 .text._heap_init
                0x0000000008002070       0x20 build/obj/chheap.o
                0x0000000008002070                _heap_init
 .text.chHeapAlloc
                0x0000000008002090       0x80 build/obj/chheap.o
                0x0000000008002090                chHeapAlloc
 .text.chHeapFree
                0x0000000008002110       0xd0 build/obj/chheap.o
                0x0000000008002110                chHeapFree
 .text.chPoolFreeI
                0x00000000080021e0       0x30 build/obj/chmempools.o
                0x00000000080021e0                chPoolFreeI
 .text.chPoolFree
                0x0000000008002210       0x30 build/obj/chmempools.o
                0x0000000008002210                chPoolFree
 .text.halInit  0x0000000008002240       0x40 build/obj/hal.o
                0x0000000008002240                halInit
 .text.adcInit  0x0000000008002280       0x10 build/obj/adc.o
                0x0000000008002280                adcInit
 .text.adcObjectInit
                0x0000000008002290       0x20 build/obj/adc.o
                0x0000000008002290                adcObjectInit
 .text.canInit  0x00000000080022b0       0x10 build/obj/can.o
                0x00000000080022b0                canInit
 .text.canObjectInit
                0x00000000080022c0       0x40 build/obj/can.o
                0x00000000080022c0                canObjectInit
 .text.icuInit  0x0000000008002300       0x10 build/obj/icu.o
                0x0000000008002300                icuInit
 .text.icuObjectInit
                0x0000000008002310       0x10 build/obj/icu.o
                0x0000000008002310                icuObjectInit
 .text.pwmInit  0x0000000008002320       0x10 build/obj/pwm.o
                0x0000000008002320                pwmInit
 .text.pwmObjectInit
                0x0000000008002330       0x10 build/obj/pwm.o
                0x0000000008002330                pwmObjectInit
 .text.readt    0x0000000008002340       0x10 build/obj/serial.o
 .text.read     0x0000000008002350       0x10 build/obj/serial.o
 .text.writet   0x0000000008002360       0x10 build/obj/serial.o
 .text.write    0x0000000008002370       0x10 build/obj/serial.o
 .text.gett     0x0000000008002380       0x10 build/obj/serial.o
 .text.get      0x0000000008002390       0x10 build/obj/serial.o
 .text.putt     0x00000000080023a0       0x10 build/obj/serial.o
 .text.put      0x00000000080023b0       0x10 build/obj/serial.o
 .text.sdInit   0x00000000080023c0       0x10 build/obj/serial.o
                0x00000000080023c0                sdInit
 .text.sdObjectInit
                0x00000000080023d0       0x40 build/obj/serial.o
                0x00000000080023d0                sdObjectInit
 .text.sdStart  0x0000000008002410       0x50 build/obj/serial.o
                0x0000000008002410                sdStart
 .text.sdIncomingDataI
                0x0000000008002460       0x50 build/obj/serial.o
                0x0000000008002460                sdIncomingDataI
 .text.onotify  0x00000000080024b0       0x70 build/obj/serial_usb.o
 .text.inotify  0x0000000008002520       0x80 build/obj/serial_usb.o
 .text.readt    0x00000000080025a0       0x10 build/obj/serial_usb.o
 .text.read     0x00000000080025b0       0x10 build/obj/serial_usb.o
 .text.writet   0x00000000080025c0       0x10 build/obj/serial_usb.o
 .text.write    0x00000000080025d0       0x10 build/obj/serial_usb.o
 .text.gett     0x00000000080025e0       0x10 build/obj/serial_usb.o
 .text.get      0x00000000080025f0       0x10 build/obj/serial_usb.o
 .text.putt     0x0000000008002600       0x10 build/obj/serial_usb.o
 .text.put      0x0000000008002610       0x10 build/obj/serial_usb.o
 .text.sduInit  0x0000000008002620       0x10 build/obj/serial_usb.o
                0x0000000008002620                sduInit
 .text.sduObjectInit
                0x0000000008002630       0x50 build/obj/serial_usb.o
                0x0000000008002630                sduObjectInit
 .text.sduStart
                0x0000000008002680       0x60 build/obj/serial_usb.o
                0x0000000008002680                sduStart
 .text.sduConfigureHookI
                0x00000000080026e0       0x50 build/obj/serial_usb.o
                0x00000000080026e0                sduConfigureHookI
 .text.sduRequestsHook
                0x0000000008002730       0x40 build/obj/serial_usb.o
                0x0000000008002730                sduRequestsHook
 .text.sduDataTransmitted
                0x0000000008002770       0x90 build/obj/serial_usb.o
                0x0000000008002770                sduDataTransmitted
 .text.sduDataReceived
                0x0000000008002800       0x80 build/obj/serial_usb.o
                0x0000000008002800                sduDataReceived
 .text.sduInterruptTransmitted
                0x0000000008002880       0x10 build/obj/serial_usb.o
                0x0000000008002880                sduInterruptTransmitted
 .text.tm_start
                0x0000000008002890       0x10 build/obj/tm.o
 .text.tm_stop  0x00000000080028a0       0x40 build/obj/tm.o
 .text.tmInit   0x00000000080028e0       0x40 build/obj/tm.o
                0x00000000080028e0                tmInit
 .text.set_address
                0x0000000008002920       0x30 build/obj/usb.o
 .text.usbInit  0x0000000008002950       0x10 build/obj/usb.o
                0x0000000008002950                usbInit
 .text.usbObjectInit
                0x0000000008002960       0x20 build/obj/usb.o
                0x0000000008002960                usbObjectInit
 .text.usbStart
                0x0000000008002980       0x60 build/obj/usb.o
                0x0000000008002980                usbStart
 .text.usbInitEndpointI
                0x00000000080029e0       0x70 build/obj/usb.o
                0x00000000080029e0                usbInitEndpointI
 .text.usbPrepareQueuedReceive
                0x0000000008002a50       0x20 build/obj/usb.o
                0x0000000008002a50                usbPrepareQueuedReceive
 .text.usbPrepareQueuedTransmit
                0x0000000008002a70       0x20 build/obj/usb.o
                0x0000000008002a70                usbPrepareQueuedTransmit
 .text.usbStartReceiveI
                0x0000000008002a90       0x40 build/obj/usb.o
                0x0000000008002a90                usbStartReceiveI
 .text.usbStartTransmitI
                0x0000000008002ad0       0x40 build/obj/usb.o
                0x0000000008002ad0                usbStartTransmitI
 .text._usb_reset
                0x0000000008002b10       0x30 build/obj/usb.o
                0x0000000008002b10                _usb_reset
 .text._usb_ep0setup
                0x0000000008002b40      0x360 build/obj/usb.o
                0x0000000008002b40                _usb_ep0setup
 .text._usb_ep0in
                0x0000000008002ea0       0xe0 build/obj/usb.o
                0x0000000008002ea0                _usb_ep0in
 .text._usb_ep0out
                0x0000000008002f80       0x90 build/obj/usb.o
                0x0000000008002f80                _usb_ep0out
 .text.Vector6C
                0x0000000008003010       0x30 build/obj/stm32_dma.o
                0x0000000008003010                Vector6C
 .text.Vector70
                0x0000000008003040       0x30 build/obj/stm32_dma.o
                0x0000000008003040                Vector70
 .text.Vector74
                0x0000000008003070       0x40 build/obj/stm32_dma.o
                0x0000000008003070                Vector74
 .text.Vector78
                0x00000000080030b0       0x40 build/obj/stm32_dma.o
                0x00000000080030b0                Vector78
 .text.Vector7C
                0x00000000080030f0       0x40 build/obj/stm32_dma.o
                0x00000000080030f0                Vector7C
 .text.Vector80
                0x0000000008003130       0x40 build/obj/stm32_dma.o
                0x0000000008003130                Vector80
 .text.Vector84
                0x0000000008003170       0x40 build/obj/stm32_dma.o
                0x0000000008003170                Vector84
 .text.Vector120
                0x00000000080031b0       0x30 build/obj/stm32_dma.o
                0x00000000080031b0                Vector120
 .text.Vector124
                0x00000000080031e0       0x30 build/obj/stm32_dma.o
                0x00000000080031e0                Vector124
 .text.Vector128
                0x0000000008003210       0x40 build/obj/stm32_dma.o
                0x0000000008003210                Vector128
 .text.Vector12C
                0x0000000008003250       0x40 build/obj/stm32_dma.o
                0x0000000008003250                Vector12C
 .text.Vector130
                0x0000000008003290       0x40 build/obj/stm32_dma.o
                0x0000000008003290                Vector130
 .text.dmaInit  0x00000000080032d0       0x50 build/obj/stm32_dma.o
                0x00000000080032d0                dmaInit
 .text.hal_lld_init
                0x0000000008003320       0xb0 build/obj/hal_lld.o
                0x0000000008003320                hal_lld_init
 .text.stm32_clock_init
                0x00000000080033d0       0xa0 build/obj/hal_lld.o
                0x00000000080033d0                stm32_clock_init
 .text.adc_lld_init
                0x0000000008003470       0x40 build/obj/adc_lld.o
                0x0000000008003470                adc_lld_init
 .text.adc_lld_stop_conversion
                0x00000000080034b0       0x40 build/obj/adc_lld.o
                0x00000000080034b0                adc_lld_stop_conversion
 .text.Vector88
                0x00000000080034f0      0x190 build/obj/adc_lld.o
                0x00000000080034f0                Vector88
 .text.can_lld_set_filters
                0x0000000008003680      0x120 build/obj/can_lld.o
 .text.Vector8C
                0x00000000080037a0       0x60 build/obj/can_lld.o
                0x00000000080037a0                Vector8C
 .text.Vector94
                0x0000000008003800       0x90 build/obj/can_lld.o
                0x0000000008003800                Vector94
 .text.Vector98
                0x0000000008003890       0x90 build/obj/can_lld.o
                0x0000000008003890                Vector98
 .text.can_lld_init
                0x0000000008003920       0x30 build/obj/can_lld.o
                0x0000000008003920                can_lld_init
 .text.icu_lld_serve_interrupt
                0x0000000008003950       0x80 build/obj/icu_lld.o
 .text.VectorA4
                0x00000000080039d0       0x20 build/obj/icu_lld.o
                0x00000000080039d0                VectorA4
 .text.VectorAC
                0x00000000080039f0       0x20 build/obj/icu_lld.o
                0x00000000080039f0                VectorAC
 .text.VectorB4
                0x0000000008003a10       0x20 build/obj/icu_lld.o
                0x0000000008003a10                VectorB4
 .text.VectorB8
                0x0000000008003a30       0x20 build/obj/icu_lld.o
                0x0000000008003a30                VectorB8
 .text.VectorF0
                0x0000000008003a50       0x20 build/obj/icu_lld.o
                0x0000000008003a50                VectorF0
 .text.VectorF8
                0x0000000008003a70       0x20 build/obj/icu_lld.o
                0x0000000008003a70                VectorF8
 .text.icu_lld_init
                0x0000000008003a90       0x60 build/obj/icu_lld.o
                0x0000000008003a90                icu_lld_init
 .text.VectorB0
                0x0000000008003af0       0x70 build/obj/pwm_lld.o
                0x0000000008003af0                VectorB0
 .text.pwm_lld_init
                0x0000000008003b60       0x20 build/obj/pwm_lld.o
                0x0000000008003b60                pwm_lld_init
 .text._pal_lld_init
                0x0000000008003b80      0x100 build/obj/pal_lld.o
                0x0000000008003b80                _pal_lld_init
 .text.notify1  0x0000000008003c80       0x10 build/obj/serial_lld.o
 .text.notify2  0x0000000008003c90       0x10 build/obj/serial_lld.o
 .text.notify3  0x0000000008003ca0       0x10 build/obj/serial_lld.o
 .text.serve_interrupt
                0x0000000008003cb0      0x110 build/obj/serial_lld.o
 .text.VectorD4
                0x0000000008003dc0       0x20 build/obj/serial_lld.o
                0x0000000008003dc0                VectorD4
 .text.VectorD8
                0x0000000008003de0       0x20 build/obj/serial_lld.o
                0x0000000008003de0                VectorD8
 .text.VectorDC
                0x0000000008003e00       0x20 build/obj/serial_lld.o
                0x0000000008003e00                VectorDC
 .text.sd_lld_init
                0x0000000008003e20       0x70 build/obj/serial_lld.o
                0x0000000008003e20                sd_lld_init
 .text.sd_lld_start
                0x0000000008003e90       0xb0 build/obj/serial_lld.o
                0x0000000008003e90                sd_lld_start
 .text.usb_packet_write_from_queue
                0x0000000008003f40       0xb0 build/obj/usb_lld.o
 .text.Vector168
                0x0000000008003ff0       0x20 build/obj/usb_lld.o
                0x0000000008003ff0                Vector168
 .text.Vector16C
                0x0000000008004010      0x380 build/obj/usb_lld.o
                0x0000000008004010                Vector16C
 .text.usb_lld_init
                0x0000000008004390       0x10 build/obj/usb_lld.o
                0x0000000008004390                usb_lld_init
 .text.usb_lld_start
                0x00000000080043a0       0x50 build/obj/usb_lld.o
                0x00000000080043a0                usb_lld_start
 .text.usb_lld_set_address
                0x00000000080043f0       0x20 build/obj/usb_lld.o
                0x00000000080043f0                usb_lld_set_address
 .text.usb_lld_init_endpoint
                0x0000000008004410       0xf0 build/obj/usb_lld.o
                0x0000000008004410                usb_lld_init_endpoint
 .text.usb_lld_reset
                0x0000000008004500       0x40 build/obj/usb_lld.o
                0x0000000008004500                usb_lld_reset
 .text.usb_lld_get_status_out
                0x0000000008004540       0x20 build/obj/usb_lld.o
                0x0000000008004540                usb_lld_get_status_out
 .text.usb_lld_get_status_in
                0x0000000008004560       0x20 build/obj/usb_lld.o
                0x0000000008004560                usb_lld_get_status_in
 .text.usb_lld_read_setup
                0x0000000008004580       0x40 build/obj/usb_lld.o
                0x0000000008004580                usb_lld_read_setup
 .text.usb_lld_prepare_receive
                0x00000000080045c0       0x20 build/obj/usb_lld.o
                0x00000000080045c0                usb_lld_prepare_receive
 .text.usb_lld_prepare_transmit
                0x00000000080045e0       0x80 build/obj/usb_lld.o
                0x00000000080045e0                usb_lld_prepare_transmit
 .text.usb_lld_start_out
                0x0000000008004660       0x20 build/obj/usb_lld.o
                0x0000000008004660                usb_lld_start_out
 .text.usb_lld_start_in
                0x0000000008004680       0x20 build/obj/usb_lld.o
                0x0000000008004680                usb_lld_start_in
 .text.usb_lld_stall_out
                0x00000000080046a0       0x20 build/obj/usb_lld.o
                0x00000000080046a0                usb_lld_stall_out
 .text.usb_lld_stall_in
                0x00000000080046c0       0x20 build/obj/usb_lld.o
                0x00000000080046c0                usb_lld_stall_in
 .text.usb_lld_clear_out
                0x00000000080046e0       0x30 build/obj/usb_lld.o
                0x00000000080046e0                usb_lld_clear_out
 .text.usb_lld_clear_in
                0x0000000008004710       0x30 build/obj/usb_lld.o
                0x0000000008004710                usb_lld_clear_in
 .text.__early_init
                0x0000000008004740       0x10 build/obj/board.o
                0x0000000008004740                __early_init
 .text.boardInit
                0x0000000008004750       0x10 build/obj/board.o
                0x0000000008004750                boardInit
 .text.chprintf
                0x0000000008004760       0x20 build/obj/shell.o
 .text.cmd_systime
                0x0000000008004780       0x30 build/obj/shell.o
 .text.cmd_info
                0x00000000080047b0       0xc0 build/obj/shell.o
 .text._strtok.constprop.2
                0x0000000008004870       0x40 build/obj/shell.o
 .text.shellInit
                0x00000000080048b0       0x10 build/obj/shell.o
                0x00000000080048b0                shellInit
 .text.shellCreate
                0x00000000080048c0       0x20 build/obj/shell.o
                0x00000000080048c0                shellCreate
 .text.shellCreateStatic
                0x00000000080048e0       0x20 build/obj/shell.o
                0x00000000080048e0                shellCreateStatic
 .text.shellGetLine
                0x0000000008004900       0xa0 build/obj/shell.o
                0x0000000008004900                shellGetLine
 .text.shell_thread
                0x00000000080049a0      0x1c0 build/obj/shell.o
 .text.long_to_string_with_divisor
                0x0000000008004b60       0x50 build/obj/chprintf.o
 .text.chvprintf
                0x0000000008004bb0      0x330 build/obj/chprintf.o
                0x0000000008004bb0                chvprintf
 .text.get_descriptor
                0x0000000008004ee0       0x40 build/obj/usbcfg.o
 .text.usb_event
                0x0000000008004f20       0x50 build/obj/usbcfg.o
 .text.send_data
                0x0000000008004f70       0x10 build/obj/main.o
                0x0000000008004f70                send_data
 .text.chprintf.constprop.0
                0x0000000008004f80       0x30 build/obj/main.o
 .text.printCAN
                0x0000000008004fb0       0x80 build/obj/main.o
                0x0000000008004fb0                printCAN
 .text.sendCan  0x0000000008005030       0x10 build/obj/main.o
                0x0000000008005030                sendCan
 .text.Vector90
                0x0000000008005040       0x40 build/obj/main.o
                0x0000000008005040                Vector90
 .text.CAN_Init
                0x0000000008005080      0x120 build/obj/stm32f30x_can.o
                0x0000000008005080                CAN_Init
 .text.CAN_FilterInit
                0x00000000080051a0      0x100 build/obj/stm32f30x_can.o
                0x00000000080051a0                CAN_FilterInit
 .text.CAN_StructInit
                0x00000000080052a0       0x30 build/obj/stm32f30x_can.o
                0x00000000080052a0                CAN_StructInit
 .text.CAN_Transmit
                0x00000000080052d0       0xf0 build/obj/stm32f30x_can.o
                0x00000000080052d0                CAN_Transmit
 .text.CAN_Receive
                0x00000000080053c0       0xc0 build/obj/stm32f30x_can.o
                0x00000000080053c0                CAN_Receive
 .text.CAN_ITConfig
                0x0000000008005480       0x20 build/obj/stm32f30x_can.o
                0x0000000008005480                CAN_ITConfig
 .text.GPIO_Init
                0x00000000080054a0       0xc0 build/obj/stm32f30x_gpio.o
                0x00000000080054a0                GPIO_Init
 .text.GPIO_PinAFConfig
                0x0000000008005560       0x30 build/obj/stm32f30x_gpio.o
                0x0000000008005560                GPIO_PinAFConfig
 .text.memset   0x0000000008005590       0x94 /usr/lib/gcc/arm-none-eabi/4.8/../../../arm-none-eabi/lib/armv7e-m/libc.a(lib_a-memset.o)
                0x0000000008005590                memset
 *fill*         0x0000000008005624        0xc 
 .text.strcasecmp
                0x0000000008005630       0x48 /usr/lib/gcc/arm-none-eabi/4.8/../../../arm-none-eabi/lib/armv7e-m/libc.a(lib_a-strcasecmp.o)
                0x0000000008005630                strcasecmp
 *fill*         0x0000000008005678        0x8 
 .text.strpbrk  0x0000000008005680       0x50 /usr/lib/gcc/arm-none-eabi/4.8/../../../arm-none-eabi/lib/armv7e-m/libc.a(lib_a-strpbrk.o)
                0x0000000008005680                strpbrk
 .text.strspn   0x00000000080056d0       0x40 /usr/lib/gcc/arm-none-eabi/4.8/../../../arm-none-eabi/lib/armv7e-m/libc.a(lib_a-strspn.o)
                0x00000000080056d0                strspn
 *(.rodata)
 *(.rodata.*)
 .rodata.str1.4
                0x0000000008005710        0x5 build/obj/chsys.o
                                          0x8 (size before relaxing)
 *fill*         0x0000000008005715        0xb 
 .rodata.str1.4
                0x0000000008005720       0x56 build/obj/chdebug.o
                                         0x58 (size before relaxing)
 *fill*         0x0000000008005776        0xa 
 .rodata.str1.4
                0x0000000008005780       0x31 build/obj/chvt.o
                                         0x34 (size before relaxing)
 *fill*         0x00000000080057b1        0xf 
 .rodata.str1.4
                0x00000000080057c0       0x23 build/obj/chschd.o
                                         0x24 (size before relaxing)
 *fill*         0x00000000080057e3        0xd 
 .rodata.str1.4
                0x00000000080057f0       0x94 build/obj/chthreads.o
 *fill*         0x0000000008005884        0xc 
 .rodata.str1.4
                0x0000000008005890       0x46 build/obj/chdynamic.o
                                         0x48 (size before relaxing)
 *fill*         0x00000000080058d6        0xa 
 .rodata.ch_debug
                0x00000000080058e0       0x18 build/obj/chregistry.o
                0x00000000080058e0                ch_debug
 *fill*         0x00000000080058f8        0x8 
 .rodata.str1.4
                0x0000000008005900      0x146 build/obj/chsem.o
                                        0x148 (size before relaxing)
 *fill*         0x0000000008005a46        0xa 
 .rodata.str1.4
                0x0000000008005a50       0xab build/obj/chmtx.o
                                         0xac (size before relaxing)
 *fill*         0x0000000008005afb        0x5 
 .rodata.str1.4
                0x0000000008005b00       0x90 build/obj/chevents.o
 .rodata.str1.4
                0x0000000008005b90       0x29 build/obj/chqueues.o
                                         0x2c (size before relaxing)
 *fill*         0x0000000008005bb9        0x7 
 .rodata.str1.4
                0x0000000008005bc0       0x31 build/obj/chheap.o
                                         0x34 (size before relaxing)
 *fill*         0x0000000008005bf1        0xf 
 .rodata.str1.4
                0x0000000008005c00       0x48 build/obj/chmempools.o
 *fill*         0x0000000008005c48        0x8 
 .rodata.str1.4
                0x0000000008005c50       0x5f build/obj/serial.o
                                         0x60 (size before relaxing)
 *fill*         0x0000000008005caf        0x1 
 .rodata.vmt    0x0000000008005cb0       0x20 build/obj/serial.o
 .rodata.str1.4
                0x0000000008005cd0       0x2e build/obj/serial_usb.o
                                         0x30 (size before relaxing)
 *fill*         0x0000000008005cfe        0x2 
 .rodata.vmt    0x0000000008005d00       0x20 build/obj/serial_usb.o
 .rodata.zero_status
                0x0000000008005d20        0x4 build/obj/usb.o
 *fill*         0x0000000008005d24        0xc 
 .rodata.active_status
                0x0000000008005d30        0x4 build/obj/usb.o
 *fill*         0x0000000008005d34        0xc 
 .rodata.str1.4
                0x0000000008005d40      0x122 build/obj/usb.o
                                        0x124 (size before relaxing)
 *fill*         0x0000000008005e62        0xe 
 .rodata.halted_status
                0x0000000008005e70        0x4 build/obj/usb.o
 *fill*         0x0000000008005e74        0xc 
 .rodata._stm32_dma_streams
                0x0000000008005e80       0x90 build/obj/stm32_dma.o
                0x0000000008005e80                _stm32_dma_streams
 .rodata.default_config
                0x0000000008005f10        0xc build/obj/serial_lld.o
 *fill*         0x0000000008005f1c        0x4 
 .rodata.str1.4
                0x0000000008005f20       0x13 build/obj/usb_lld.o
                                         0x14 (size before relaxing)
 *fill*         0x0000000008005f33        0xd 
 .rodata.CSWTCH.21
                0x0000000008005f40        0x8 build/obj/usb_lld.o
 *fill*         0x0000000008005f48        0x8 
 .rodata.ep0config
                0x0000000008005f50       0x24 build/obj/usb_lld.o
 *fill*         0x0000000008005f74        0xc 
 .rodata.pal_default_config
                0x0000000008005f80       0xa8 build/obj/board.o
                0x0000000008005f80                pal_default_config
 *fill*         0x0000000008006028        0x8 
 .rodata.str1.4
                0x0000000008006030      0x1f9 build/obj/shell.o
                                        0x200 (size before relaxing)
 *fill*         0x0000000008006229        0x7 
 .rodata.str1.4
                0x0000000008006230        0x7 build/obj/chprintf.o
                                          0x8 (size before relaxing)
 *fill*         0x0000000008006237        0x9 
 .rodata.ep1config
                0x0000000008006240       0x24 build/obj/usbcfg.o
 *fill*         0x0000000008006264        0xc 
 .rodata.vcom_configuration_descriptor
                0x0000000008006270        0x8 build/obj/usbcfg.o
 *fill*         0x0000000008006278        0x8 
 .rodata.ep2config
                0x0000000008006280       0x24 build/obj/usbcfg.o
 *fill*         0x00000000080062a4        0xc 
 .rodata.usbcfg
                0x00000000080062b0       0x10 build/obj/usbcfg.o
                0x00000000080062b0                usbcfg
 .rodata.vcom_configuration_descriptor_data
                0x00000000080062c0       0x44 build/obj/usbcfg.o
 *fill*         0x0000000008006304        0xc 
 .rodata.vcom_device_descriptor_data
                0x0000000008006310       0x14 build/obj/usbcfg.o
 *fill*         0x0000000008006324        0xc 
 .rodata.vcom_string0
                0x0000000008006330        0x4 build/obj/usbcfg.o
 *fill*         0x0000000008006334        0xc 
 .rodata.vcom_string1
                0x0000000008006340       0x28 build/obj/usbcfg.o
 *fill*         0x0000000008006368        0x8 
 .rodata.vcom_string2
                0x0000000008006370       0x38 build/obj/usbcfg.o
 *fill*         0x00000000080063a8        0x8 
 .rodata.vcom_string3
                0x00000000080063b0        0x8 build/obj/usbcfg.o
 *fill*         0x00000000080063b8        0x8 
 .rodata.vcom_strings
                0x00000000080063c0       0x20 build/obj/usbcfg.o
 .rodata.serusbcfg
                0x00000000080063e0        0x8 build/obj/usbcfg.o
                0x00000000080063e0                serusbcfg
 *fill*         0x00000000080063e8        0x8 
 .rodata.vcom_device_descriptor
                0x00000000080063f0        0x8 build/obj/usbcfg.o
 *fill*         0x00000000080063f8        0x8 
 .rodata.shell_cfg1
                0x0000000008006400        0x8 build/obj/main.o
 *fill*         0x0000000008006408        0x8 
 .rodata.commands
                0x0000000008006410       0x18 build/obj/main.o
 *fill*         0x0000000008006428        0x8 
 .rodata.shell_sd1
                0x0000000008006430        0x8 build/obj/main.o
 *fill*         0x0000000008006438        0x8 
 .rodata.str1.4
                0x0000000008006440       0x1c build/obj/main.o
 *fill*         0x000000000800645c        0x4 
 .rodata._ctype_
                0x0000000008006460      0x104 /usr/lib/gcc/arm-none-eabi/4.8/../../../arm-none-eabi/lib/armv7e-m/libc.a(lib_a-ctype_.o)
                0x0000000008006460                _ctype_
 *(.glue_7t)
 .glue_7t       0x0000000008006564        0x0 linker stubs
 *(.glue_7)
 .glue_7        0x0000000008006564        0x0 linker stubs
 *(.gcc*)

.vfp11_veneer   0x0000000008006564        0x0
 .vfp11_veneer  0x0000000008006564        0x0 linker stubs

.v4_bx          0x0000000008006564        0x0
 .v4_bx         0x0000000008006564        0x0 linker stubs

.iplt           0x0000000008006564        0x0
 .iplt          0x0000000008006564        0x0 build/obj/crt0.o

.rel.dyn        0x0000000008006564        0x0
 .rel.iplt      0x0000000008006564        0x0 build/obj/crt0.o

.ARM.extab
 *(.ARM.extab* .gnu.linkonce.armextab.*)

.ARM.exidx      0x0000000008006564        0x0
                0x0000000008006564                PROVIDE (__exidx_start, .)
 *(.ARM.exidx* .gnu.linkonce.armexidx.*)
                0x0000000008006564                PROVIDE (__exidx_end, .)

.eh_frame_hdr
 *(.eh_frame_hdr)

.eh_frame
 *(.eh_frame)

.textalign      0x0000000008006564        0x4
                0x0000000008006568                . = ALIGN (0x8)
 *fill*         0x0000000008006564        0x4 
                0x0000000008006568                _etext = .
                0x0000000008006568                _textdata = _etext

.stacks         0x0000000020000000      0x800
                0x0000000020000000                . = ALIGN (0x8)
                0x0000000020000000                __main_stack_base__ = .
                0x0000000020000400                . = (. + __main_stack_size__)
 *fill*         0x0000000020000000      0x400 
                0x0000000020000400                . = ALIGN (0x8)
                0x0000000020000400                __main_stack_end__ = .
                0x0000000020000400                __process_stack_base__ = .
                0x0000000020000400                __main_thread_stack_base__ = .
                0x0000000020000800                . = (. + __process_stack_size__)
 *fill*         0x0000000020000400      0x400 
                0x0000000020000800                . = ALIGN (0x8)
                0x0000000020000800                __process_stack_end__ = .
                0x0000000020000800                __main_thread_stack_end__ = .

.data           0x0000000020000800       0x24 load address 0x0000000008006568
                0x0000000020000800                . = ALIGN (0x4)
                0x0000000020000800                PROVIDE (_data, .)
 *(.data)
                0x0000000020000800                . = ALIGN (0x4)
 *(.data.*)
 .data.linecoding
                0x0000000020000800        0x8 build/obj/serial_usb.o
 .data.local_commands
                0x0000000020000808       0x18 build/obj/shell.o
 .data.__ctype_ptr__
                0x0000000020000820        0x4 /usr/lib/gcc/arm-none-eabi/4.8/../../../arm-none-eabi/lib/armv7e-m/libc.a(lib_a-ctype_.o)
                0x0000000020000820                __ctype_ptr__
                0x0000000020000824                . = ALIGN (0x4)
 *(.ramtext)
                0x0000000020000824                . = ALIGN (0x4)
                0x0000000020000824                PROVIDE (_edata, .)

.igot.plt       0x0000000020000824        0x0 load address 0x000000000800658c
 .igot.plt      0x0000000020000824        0x0 build/obj/crt0.o

.bss            0x0000000020000828     0x1570 load address 0x000000000800658c
                0x0000000020000828                . = ALIGN (0x4)
                0x0000000020000828                PROVIDE (_bss_start, .)
 *(.bss)
                0x0000000020000828                . = ALIGN (0x4)
 *(.bss.*)
 .bss.mainthread.4882
                0x0000000020000828       0x4c build/obj/chsys.o
 *fill*         0x0000000020000874        0x4 
 .bss._idle_thread_wa
                0x0000000020000878      0x148 build/obj/chsys.o
                0x0000000020000878                _idle_thread_wa
 .bss.dbg_isr_cnt
                0x00000000200009c0        0x4 build/obj/chdebug.o
                0x00000000200009c0                dbg_isr_cnt
 .bss.dbg_trace_buffer
                0x00000000200009c4      0x408 build/obj/chdebug.o
                0x00000000200009c4                dbg_trace_buffer
 .bss.dbg_lock_cnt
                0x0000000020000dcc        0x4 build/obj/chdebug.o
                0x0000000020000dcc                dbg_lock_cnt
 .bss.dbg_panic_msg
                0x0000000020000dd0        0x4 build/obj/chdebug.o
                0x0000000020000dd0                dbg_panic_msg
 .bss.vtlist    0x0000000020000dd4       0x10 build/obj/chvt.o
                0x0000000020000dd4                vtlist
 .bss.rlist     0x0000000020000de4       0x1c build/obj/chschd.o
                0x0000000020000de4                rlist
 .bss.endmem    0x0000000020000e00        0x4 build/obj/chmemcore.o
 .bss.nextmem   0x0000000020000e04        0x4 build/obj/chmemcore.o
 .bss.default_heap
                0x0000000020000e08       0x20 build/obj/chheap.o
 .bss.measurement_offset
                0x0000000020000e28        0x4 build/obj/tm.o
 .bss.dma_isr_redir
                0x0000000020000e2c       0x60 build/obj/stm32_dma.o
 .bss.dma_streams_mask
                0x0000000020000e8c        0x4 build/obj/stm32_dma.o
 .bss.ADCD1     0x0000000020000e90       0x38 build/obj/adc_lld.o
                0x0000000020000e90                ADCD1
 .bss.CAND1     0x0000000020000ec8       0x38 build/obj/can_lld.o
                0x0000000020000ec8                CAND1
 .bss.ICUD3     0x0000000020000f00       0x18 build/obj/icu_lld.o
                0x0000000020000f00                ICUD3
 .bss.ICUD4     0x0000000020000f18       0x18 build/obj/icu_lld.o
                0x0000000020000f18                ICUD4
 .bss.ICUD8     0x0000000020000f30       0x18 build/obj/icu_lld.o
                0x0000000020000f30                ICUD8
 .bss.ICUD1     0x0000000020000f48       0x18 build/obj/icu_lld.o
                0x0000000020000f48                ICUD1
 .bss.PWMD2     0x0000000020000f60       0x14 build/obj/pwm_lld.o
                0x0000000020000f60                PWMD2
 .bss.SD1       0x0000000020000f74       0x7c build/obj/serial_lld.o
                0x0000000020000f74                SD1
 .bss.SD2       0x0000000020000ff0       0x7c build/obj/serial_lld.o
                0x0000000020000ff0                SD2
 .bss.SD3       0x000000002000106c       0x7c build/obj/serial_lld.o
                0x000000002000106c                SD3
 .bss.USBD1     0x00000000200010e8       0x84 build/obj/usb_lld.o
                0x00000000200010e8                USBD1
 .bss.ep0_state
                0x000000002000116c       0x14 build/obj/usb_lld.o
 .bss.ep0setup_buffer
                0x0000000020001180        0x8 build/obj/usb_lld.o
 .bss.shell_terminated
                0x0000000020001188        0x4 build/obj/shell.o
                0x0000000020001188                shell_terminated
 .bss.ep2instate
                0x000000002000118c       0x10 build/obj/usbcfg.o
 .bss.ep1instate
                0x000000002000119c       0x10 build/obj/usbcfg.o
 .bss.ep1outstate
                0x00000000200011ac       0x14 build/obj/usbcfg.o
 .bss.usb_flag  0x00000000200011c0        0x4 build/obj/main.o
                0x00000000200011c0                usb_flag
 *fill*         0x00000000200011c4        0x4 
 .bss.waShellsd1.9668
                0x00000000200011c8      0x938 build/obj/main.o
 .bss.SDU1      0x0000000020001b00      0x258 build/obj/main.o
                0x0000000020001b00                SDU1
 .bss.TxMessage
                0x0000000020001d58       0x1c build/obj/main.o
                0x0000000020001d58                TxMessage
 .bss.rpm       0x0000000020001d74        0x4 build/obj/main.o
                0x0000000020001d74                rpm
 .bss.RxMessage
                0x0000000020001d78       0x20 build/obj/main.o
                0x0000000020001d78                RxMessage
                0x0000000020001d98                . = ALIGN (0x4)
 *(COMMON)
                0x0000000020001d98                . = ALIGN (0x4)
                0x0000000020001d98                PROVIDE (_bss_end, .)
                0x0000000020001d98                PROVIDE (end, .)
                0x0000000020001d98                _end = .
                0x0000000020001d98                __heap_base__ = _end
                0x000000002000a000                __heap_end__ = __ram_end__
OUTPUT(build/main.elf elf32-littlearm)

.debug_info     0x0000000000000000    0x21edd
 .debug_info    0x0000000000000000      0x2b1 build/obj/crt0.o
 .debug_info    0x00000000000002b1      0x1cd build/obj/vectors.o
 .debug_info    0x000000000000047e       0x92 build/obj/chcore.o
 .debug_info    0x0000000000000510      0xabd build/obj/chcore_v7m.o
 .debug_info    0x0000000000000fcd      0x406 build/obj/nvic.o
 .debug_info    0x00000000000013d3      0x97d build/obj/chsys.o
 .debug_info    0x0000000000001d50      0xa1a build/obj/chdebug.o
 .debug_info    0x000000000000276a      0x2c5 build/obj/chvt.o
 .debug_info    0x0000000000002a2f      0xbc3 build/obj/chschd.o
 .debug_info    0x00000000000035f2      0xeca build/obj/chthreads.o
 .debug_info    0x00000000000044bc      0xacf build/obj/chdynamic.o
 .debug_info    0x0000000000004f8b      0x78b build/obj/chregistry.o
 .debug_info    0x0000000000005716      0xde8 build/obj/chsem.o
 .debug_info    0x00000000000064fe      0xc0a build/obj/chmtx.o
 .debug_info    0x0000000000007108     0x10c7 build/obj/chevents.o
 .debug_info    0x00000000000081cf      0xdc0 build/obj/chqueues.o
 .debug_info    0x0000000000008f8f      0x224 build/obj/chmemcore.o
 .debug_info    0x00000000000091b3      0x82e build/obj/chheap.o
 .debug_info    0x00000000000099e1      0x414 build/obj/chmempools.o
 .debug_info    0x0000000000009df5      0x3dc build/obj/hal.o
 .debug_info    0x000000000000a1d1     0x11d0 build/obj/adc.o
 .debug_info    0x000000000000b3a1     0x130e build/obj/can.o
 .debug_info    0x000000000000c6af      0x78b build/obj/icu.o
 .debug_info    0x000000000000ce3a      0x87c build/obj/pwm.o
 .debug_info    0x000000000000d6b6     0x11d7 build/obj/serial.o
 .debug_info    0x000000000000e88d     0x19ea build/obj/serial_usb.o
 .debug_info    0x0000000000010277      0x2d8 build/obj/tm.o
 .debug_info    0x000000000001054f     0x1c60 build/obj/usb.o
 .debug_info    0x00000000000121af      0x94f build/obj/stm32_dma.o
 .debug_info    0x0000000000012afe      0x417 build/obj/hal_lld.o
 .debug_info    0x0000000000012f15     0x1617 build/obj/adc_lld.o
 .debug_info    0x000000000001452c     0x151b build/obj/can_lld.o
 .debug_info    0x0000000000015a47      0xa04 build/obj/icu_lld.o
 .debug_info    0x000000000001644b      0x782 build/obj/pwm_lld.o
 .debug_info    0x0000000000016bcd      0x564 build/obj/pal_lld.o
 .debug_info    0x0000000000017131     0x1149 build/obj/serial_lld.o
 .debug_info    0x000000000001827a     0x1908 build/obj/usb_lld.o
 .debug_info    0x0000000000019b82      0x1d0 build/obj/board.o
 .debug_info    0x0000000000019d52     0x14ef build/obj/shell.o
 .debug_info    0x000000000001b241      0x696 build/obj/chprintf.o
 .debug_info    0x000000000001b8d7     0x10f1 build/obj/usbcfg.o
 .debug_info    0x000000000001c9c8     0x3a2f build/obj/main.o
 .debug_info    0x00000000000203f7      0xc7c build/obj/stm32f30x_can.o
 .debug_info    0x0000000000021073      0x751 build/obj/stm32f30x_gpio.o
 .debug_info    0x00000000000217c4       0xa5 /usr/lib/gcc/arm-none-eabi/4.8/armv7e-m/libgcc.a(_arm_addsubdf3.o)
 .debug_info    0x0000000000021869       0xa5 /usr/lib/gcc/arm-none-eabi/4.8/armv7e-m/libgcc.a(_arm_muldivdf3.o)
 .debug_info    0x000000000002190e       0xa5 /usr/lib/gcc/arm-none-eabi/4.8/armv7e-m/libgcc.a(_arm_fixdfsi.o)
 .debug_info    0x00000000000219b3       0xa5 /usr/lib/gcc/arm-none-eabi/4.8/armv7e-m/libgcc.a(_arm_truncdfsf2.o)
 .debug_info    0x0000000000021a58      0x117 /usr/lib/gcc/arm-none-eabi/4.8/../../../arm-none-eabi/lib/armv7e-m/libc.a(lib_a-memset.o)
 .debug_info    0x0000000000021b6f      0x15d /usr/lib/gcc/arm-none-eabi/4.8/../../../arm-none-eabi/lib/armv7e-m/libc.a(lib_a-strcasecmp.o)
 .debug_info    0x0000000000021ccc       0xc8 /usr/lib/gcc/arm-none-eabi/4.8/../../../arm-none-eabi/lib/armv7e-m/libc.a(lib_a-strpbrk.o)
 .debug_info    0x0000000000021d94       0xda /usr/lib/gcc/arm-none-eabi/4.8/../../../arm-none-eabi/lib/armv7e-m/libc.a(lib_a-strspn.o)
 .debug_info    0x0000000000021e6e       0x6f /usr/lib/gcc/arm-none-eabi/4.8/../../../arm-none-eabi/lib/armv7e-m/libc.a(lib_a-ctype_.o)

.debug_abbrev   0x0000000000000000     0x6bee
 .debug_abbrev  0x0000000000000000       0xd6 build/obj/crt0.o
 .debug_abbrev  0x00000000000000d6       0xaf build/obj/vectors.o
 .debug_abbrev  0x0000000000000185       0x42 build/obj/chcore.o
 .debug_abbrev  0x00000000000001c7      0x1c8 build/obj/chcore_v7m.o
 .debug_abbrev  0x000000000000038f      0x10e build/obj/nvic.o
 .debug_abbrev  0x000000000000049d      0x1f2 build/obj/chsys.o
 .debug_abbrev  0x000000000000068f      0x21b build/obj/chdebug.o
 .debug_abbrev  0x00000000000008aa      0x18b build/obj/chvt.o
 .debug_abbrev  0x0000000000000a35      0x31b build/obj/chschd.o
 .debug_abbrev  0x0000000000000d50      0x375 build/obj/chthreads.o
 .debug_abbrev  0x00000000000010c5      0x25a build/obj/chdynamic.o
 .debug_abbrev  0x000000000000131f      0x1ba build/obj/chregistry.o
 .debug_abbrev  0x00000000000014d9      0x30c build/obj/chsem.o
 .debug_abbrev  0x00000000000017e5      0x2d1 build/obj/chmtx.o
 .debug_abbrev  0x0000000000001ab6      0x2cc build/obj/chevents.o
 .debug_abbrev  0x0000000000001d82      0x341 build/obj/chqueues.o
 .debug_abbrev  0x00000000000020c3      0x13b build/obj/chmemcore.o
 .debug_abbrev  0x00000000000021fe      0x1f2 build/obj/chheap.o
 .debug_abbrev  0x00000000000023f0      0x19f build/obj/chmempools.o
 .debug_abbrev  0x000000000000258f      0x1bb build/obj/hal.o
 .debug_abbrev  0x000000000000274a      0x2e0 build/obj/adc.o
 .debug_abbrev  0x0000000000002a2a      0x2ef build/obj/can.o
 .debug_abbrev  0x0000000000002d19      0x1f1 build/obj/icu.o
 .debug_abbrev  0x0000000000002f0a      0x1f1 build/obj/pwm.o
 .debug_abbrev  0x00000000000030fb      0x2c0 build/obj/serial.o
 .debug_abbrev  0x00000000000033bb      0x3af build/obj/serial_usb.o
 .debug_abbrev  0x000000000000376a      0x19a build/obj/tm.o
 .debug_abbrev  0x0000000000003904      0x3ef build/obj/usb.o
 .debug_abbrev  0x0000000000003cf3      0x250 build/obj/stm32_dma.o
 .debug_abbrev  0x0000000000003f43      0x128 build/obj/hal_lld.o
 .debug_abbrev  0x000000000000406b      0x3b4 build/obj/adc_lld.o
 .debug_abbrev  0x000000000000441f      0x403 build/obj/can_lld.o
 .debug_abbrev  0x0000000000004822      0x275 build/obj/icu_lld.o
 .debug_abbrev  0x0000000000004a97      0x283 build/obj/pwm_lld.o
 .debug_abbrev  0x0000000000004d1a      0x198 build/obj/pal_lld.o
 .debug_abbrev  0x0000000000004eb2      0x36f build/obj/serial_lld.o
 .debug_abbrev  0x0000000000005221      0x49c build/obj/usb_lld.o
 .debug_abbrev  0x00000000000056bd       0xe3 build/obj/board.o
 .debug_abbrev  0x00000000000057a0      0x387 build/obj/shell.o
 .debug_abbrev  0x0000000000005b27      0x290 build/obj/chprintf.o
 .debug_abbrev  0x0000000000005db7      0x2b8 build/obj/usbcfg.o
 .debug_abbrev  0x000000000000606f      0x3f7 build/obj/main.o
 .debug_abbrev  0x0000000000006466      0x2ab build/obj/stm32f30x_can.o
 .debug_abbrev  0x0000000000006711      0x1e9 build/obj/stm32f30x_gpio.o
 .debug_abbrev  0x00000000000068fa       0x14 /usr/lib/gcc/arm-none-eabi/4.8/armv7e-m/libgcc.a(_arm_addsubdf3.o)
 .debug_abbrev  0x000000000000690e       0x14 /usr/lib/gcc/arm-none-eabi/4.8/armv7e-m/libgcc.a(_arm_muldivdf3.o)
 .debug_abbrev  0x0000000000006922       0x14 /usr/lib/gcc/arm-none-eabi/4.8/armv7e-m/libgcc.a(_arm_fixdfsi.o)
 .debug_abbrev  0x0000000000006936       0x14 /usr/lib/gcc/arm-none-eabi/4.8/armv7e-m/libgcc.a(_arm_truncdfsf2.o)
 .debug_abbrev  0x000000000000694a       0x9f /usr/lib/gcc/arm-none-eabi/4.8/../../../arm-none-eabi/lib/armv7e-m/libc.a(lib_a-memset.o)
 .debug_abbrev  0x00000000000069e9       0xa8 /usr/lib/gcc/arm-none-eabi/4.8/../../../arm-none-eabi/lib/armv7e-m/libc.a(lib_a-strcasecmp.o)
 .debug_abbrev  0x0000000000006a91       0x81 /usr/lib/gcc/arm-none-eabi/4.8/../../../arm-none-eabi/lib/armv7e-m/libc.a(lib_a-strpbrk.o)
 .debug_abbrev  0x0000000000006b12       0x8e /usr/lib/gcc/arm-none-eabi/4.8/../../../arm-none-eabi/lib/armv7e-m/libc.a(lib_a-strspn.o)
 .debug_abbrev  0x0000000000006ba0       0x4e /usr/lib/gcc/arm-none-eabi/4.8/../../../arm-none-eabi/lib/armv7e-m/libc.a(lib_a-ctype_.o)

.debug_loc      0x0000000000000000     0x900f
 .debug_loc     0x0000000000000000       0xdc build/obj/crt0.o
 .debug_loc     0x00000000000000dc       0x7e build/obj/chcore_v7m.o
 .debug_loc     0x000000000000015a      0x159 build/obj/nvic.o
 .debug_loc     0x00000000000002b3       0x26 build/obj/chsys.o
 .debug_loc     0x00000000000002d9       0xc9 build/obj/chdebug.o
 .debug_loc     0x00000000000003a2      0x11e build/obj/chvt.o
 .debug_loc     0x00000000000004c0      0x2a4 build/obj/chschd.o
 .debug_loc     0x0000000000000764      0x41a build/obj/chthreads.o
 .debug_loc     0x0000000000000b7e      0x28c build/obj/chdynamic.o
 .debug_loc     0x0000000000000e0a       0x5b build/obj/chregistry.o
 .debug_loc     0x0000000000000e65      0x5d6 build/obj/chsem.o
 .debug_loc     0x000000000000143b      0x37c build/obj/chmtx.o
 .debug_loc     0x00000000000017b7      0x6a5 build/obj/chevents.o
 .debug_loc     0x0000000000001e5c      0x72f build/obj/chqueues.o
 .debug_loc     0x000000000000258b       0x96 build/obj/chmemcore.o
 .debug_loc     0x0000000000002621      0x3ef build/obj/chheap.o
 .debug_loc     0x0000000000002a10      0x2c8 build/obj/chmempools.o
 .debug_loc     0x0000000000002cd8       0x9d build/obj/hal.o
 .debug_loc     0x0000000000002d75      0x450 build/obj/adc.o
 .debug_loc     0x00000000000031c5      0x36e build/obj/can.o
 .debug_loc     0x0000000000003533      0x104 build/obj/icu.o
 .debug_loc     0x0000000000003637      0x220 build/obj/pwm.o
 .debug_loc     0x0000000000003857      0x4ff build/obj/serial.o
 .debug_loc     0x0000000000003d56      0x6f3 build/obj/serial_usb.o
 .debug_loc     0x0000000000004449       0x4d build/obj/tm.o
 .debug_loc     0x0000000000004496      0xb74 build/obj/usb.o
 .debug_loc     0x000000000000500a      0x20e build/obj/stm32_dma.o
 .debug_loc     0x0000000000005218      0x318 build/obj/adc_lld.o
 .debug_loc     0x0000000000005530      0x575 build/obj/can_lld.o
 .debug_loc     0x0000000000005aa5      0x15c build/obj/icu_lld.o
 .debug_loc     0x0000000000005c01      0x1b6 build/obj/pwm_lld.o
 .debug_loc     0x0000000000005db7      0x1b2 build/obj/pal_lld.o
 .debug_loc     0x0000000000005f69      0x29d build/obj/serial_lld.o
 .debug_loc     0x0000000000006206      0xa2a build/obj/usb_lld.o
 .debug_loc     0x0000000000006c30      0x76e build/obj/shell.o
 .debug_loc     0x000000000000739e      0x930 build/obj/chprintf.o
 .debug_loc     0x0000000000007cce       0xeb build/obj/usbcfg.o
 .debug_loc     0x0000000000007db9      0x112 build/obj/main.o
 .debug_loc     0x0000000000007ecb      0x948 build/obj/stm32f30x_can.o
 .debug_loc     0x0000000000008813      0x337 build/obj/stm32f30x_gpio.o
 .debug_loc     0x0000000000008b4a      0x18b /usr/lib/gcc/arm-none-eabi/4.8/../../../arm-none-eabi/lib/armv7e-m/libc.a(lib_a-memset.o)
 .debug_loc     0x0000000000008cd5      0x191 /usr/lib/gcc/arm-none-eabi/4.8/../../../arm-none-eabi/lib/armv7e-m/libc.a(lib_a-strcasecmp.o)
 .debug_loc     0x0000000000008e66       0xa4 /usr/lib/gcc/arm-none-eabi/4.8/../../../arm-none-eabi/lib/armv7e-m/libc.a(lib_a-strpbrk.o)
 .debug_loc     0x0000000000008f0a      0x105 /usr/lib/gcc/arm-none-eabi/4.8/../../../arm-none-eabi/lib/armv7e-m/libc.a(lib_a-strspn.o)

.debug_aranges  0x0000000000000000     0x10b0
 .debug_aranges
                0x0000000000000000       0x38 build/obj/crt0.o
 .debug_aranges
                0x0000000000000038       0x20 build/obj/vectors.o
 .debug_aranges
                0x0000000000000058       0x20 build/obj/chcore.o
 .debug_aranges
                0x0000000000000078       0x50 build/obj/chcore_v7m.o
 .debug_aranges
                0x00000000000000c8       0x30 build/obj/nvic.o
 .debug_aranges
                0x00000000000000f8       0x30 build/obj/chsys.o
 .debug_aranges
                0x0000000000000128       0x88 build/obj/chdebug.o
 .debug_aranges
                0x00000000000001b0       0x38 build/obj/chvt.o
 .debug_aranges
                0x00000000000001e8       0x68 build/obj/chschd.o
 .debug_aranges
                0x0000000000000250       0x80 build/obj/chthreads.o
 .debug_aranges
                0x00000000000002d0       0x38 build/obj/chdynamic.o
 .debug_aranges
                0x0000000000000308       0x28 build/obj/chregistry.o
 .debug_aranges
                0x0000000000000330       0x70 build/obj/chsem.o
 .debug_aranges
                0x00000000000003a0       0x58 build/obj/chmtx.o
 .debug_aranges
                0x00000000000003f8       0xa0 build/obj/chevents.o
 .debug_aranges
                0x0000000000000498       0x70 build/obj/chqueues.o
 .debug_aranges
                0x0000000000000508       0x38 build/obj/chmemcore.o
 .debug_aranges
                0x0000000000000540       0x40 build/obj/chheap.o
 .debug_aranges
                0x0000000000000580       0x48 build/obj/chmempools.o
 .debug_aranges
                0x00000000000005c8       0x30 build/obj/hal.o
 .debug_aranges
                0x00000000000005f8       0x70 build/obj/adc.o
 .debug_aranges
                0x0000000000000668       0x58 build/obj/can.o
 .debug_aranges
                0x00000000000006c0       0x48 build/obj/icu.o
 .debug_aranges
                0x0000000000000708       0x50 build/obj/pwm.o
 .debug_aranges
                0x0000000000000758       0x88 build/obj/serial.o
 .debug_aranges
                0x00000000000007e0       0xb0 build/obj/serial_usb.o
 .debug_aranges
                0x0000000000000890       0x38 build/obj/tm.o
 .debug_aranges
                0x00000000000008c8       0xb0 build/obj/usb.o
 .debug_aranges
                0x0000000000000978       0x90 build/obj/stm32_dma.o
 .debug_aranges
                0x0000000000000a08       0x28 build/obj/hal_lld.o
 .debug_aranges
                0x0000000000000a30       0x50 build/obj/adc_lld.o
 .debug_aranges
                0x0000000000000a80       0x88 build/obj/can_lld.o
 .debug_aranges
                0x0000000000000b08       0x78 build/obj/icu_lld.o
 .debug_aranges
                0x0000000000000b80       0x48 build/obj/pwm_lld.o
 .debug_aranges
                0x0000000000000bc8       0x28 build/obj/pal_lld.o
 .debug_aranges
                0x0000000000000bf0       0x68 build/obj/serial_lld.o
 .debug_aranges
                0x0000000000000c58       0xc0 build/obj/usb_lld.o
 .debug_aranges
                0x0000000000000d18       0x28 build/obj/board.o
 .debug_aranges
                0x0000000000000d40       0x60 build/obj/shell.o
 .debug_aranges
                0x0000000000000da0       0x30 build/obj/chprintf.o
 .debug_aranges
                0x0000000000000dd0       0x28 build/obj/usbcfg.o
 .debug_aranges
                0x0000000000000df8       0x48 build/obj/main.o
 .debug_aranges
                0x0000000000000e40       0xd8 build/obj/stm32f30x_can.o
 .debug_aranges
                0x0000000000000f18       0x80 build/obj/stm32f30x_gpio.o
 .debug_aranges
                0x0000000000000f98       0x20 /usr/lib/gcc/arm-none-eabi/4.8/armv7e-m/libgcc.a(_arm_addsubdf3.o)
 .debug_aranges
                0x0000000000000fb8       0x20 /usr/lib/gcc/arm-none-eabi/4.8/armv7e-m/libgcc.a(_arm_muldivdf3.o)
 .debug_aranges
                0x0000000000000fd8       0x20 /usr/lib/gcc/arm-none-eabi/4.8/armv7e-m/libgcc.a(_arm_fixdfsi.o)
 .debug_aranges
                0x0000000000000ff8       0x20 /usr/lib/gcc/arm-none-eabi/4.8/armv7e-m/libgcc.a(_arm_truncdfsf2.o)
 .debug_aranges
                0x0000000000001018       0x20 /usr/lib/gcc/arm-none-eabi/4.8/../../../arm-none-eabi/lib/armv7e-m/libc.a(lib_a-memset.o)
 .debug_aranges
                0x0000000000001038       0x20 /usr/lib/gcc/arm-none-eabi/4.8/../../../arm-none-eabi/lib/armv7e-m/libc.a(lib_a-strcasecmp.o)
 .debug_aranges
                0x0000000000001058       0x20 /usr/lib/gcc/arm-none-eabi/4.8/../../../arm-none-eabi/lib/armv7e-m/libc.a(lib_a-strpbrk.o)
 .debug_aranges
                0x0000000000001078       0x20 /usr/lib/gcc/arm-none-eabi/4.8/../../../arm-none-eabi/lib/armv7e-m/libc.a(lib_a-strspn.o)
 .debug_aranges
                0x0000000000001098       0x18 /usr/lib/gcc/arm-none-eabi/4.8/../../../arm-none-eabi/lib/armv7e-m/libc.a(lib_a-ctype_.o)

.debug_ranges   0x0000000000000000     0x1858
 .debug_ranges  0x0000000000000000       0x58 build/obj/crt0.o
 .debug_ranges  0x0000000000000058       0x10 build/obj/vectors.o
 .debug_ranges  0x0000000000000068       0x10 build/obj/chcore.o
 .debug_ranges  0x0000000000000078       0x58 build/obj/chcore_v7m.o
 .debug_ranges  0x00000000000000d0       0x20 build/obj/nvic.o
 .debug_ranges  0x00000000000000f0       0x20 build/obj/chsys.o
 .debug_ranges  0x0000000000000110       0x78 build/obj/chdebug.o
 .debug_ranges  0x0000000000000188       0x28 build/obj/chvt.o
 .debug_ranges  0x00000000000001b0      0x170 build/obj/chschd.o
 .debug_ranges  0x0000000000000320      0x128 build/obj/chthreads.o
 .debug_ranges  0x0000000000000448       0x40 build/obj/chdynamic.o
 .debug_ranges  0x0000000000000488       0x18 build/obj/chregistry.o
 .debug_ranges  0x00000000000004a0      0x128 build/obj/chsem.o
 .debug_ranges  0x00000000000005c8      0x198 build/obj/chmtx.o
 .debug_ranges  0x0000000000000760       0xf0 build/obj/chevents.o
 .debug_ranges  0x0000000000000850       0xd0 build/obj/chqueues.o
 .debug_ranges  0x0000000000000920       0x40 build/obj/chmemcore.o
 .debug_ranges  0x0000000000000960       0x30 build/obj/chheap.o
 .debug_ranges  0x0000000000000990       0x50 build/obj/chmempools.o
 .debug_ranges  0x00000000000009e0       0x38 build/obj/hal.o
 .debug_ranges  0x0000000000000a18       0x78 build/obj/adc.o
 .debug_ranges  0x0000000000000a90       0xc0 build/obj/can.o
 .debug_ranges  0x0000000000000b50       0x38 build/obj/icu.o
 .debug_ranges  0x0000000000000b88       0x40 build/obj/pwm.o
 .debug_ranges  0x0000000000000bc8       0x78 build/obj/serial.o
 .debug_ranges  0x0000000000000c40       0xb8 build/obj/serial_usb.o
 .debug_ranges  0x0000000000000cf8       0x80 build/obj/tm.o
 .debug_ranges  0x0000000000000d78      0x160 build/obj/usb.o
 .debug_ranges  0x0000000000000ed8       0x80 build/obj/stm32_dma.o
 .debug_ranges  0x0000000000000f58       0x30 build/obj/hal_lld.o
 .debug_ranges  0x0000000000000f88       0x98 build/obj/adc_lld.o
 .debug_ranges  0x0000000000001020       0xe8 build/obj/can_lld.o
 .debug_ranges  0x0000000000001108       0x68 build/obj/icu_lld.o
 .debug_ranges  0x0000000000001170       0x58 build/obj/pwm_lld.o
 .debug_ranges  0x00000000000011c8       0xc0 build/obj/pal_lld.o
 .debug_ranges  0x0000000000001288       0x88 build/obj/serial_lld.o
 .debug_ranges  0x0000000000001310      0x1b0 build/obj/usb_lld.o
 .debug_ranges  0x00000000000014c0       0x18 build/obj/board.o
 .debug_ranges  0x00000000000014d8       0xe0 build/obj/shell.o
 .debug_ranges  0x00000000000015b8       0x50 build/obj/chprintf.o
 .debug_ranges  0x0000000000001608       0x18 build/obj/usbcfg.o
 .debug_ranges  0x0000000000001620       0x38 build/obj/main.o
 .debug_ranges  0x0000000000001658      0x150 build/obj/stm32f30x_can.o
 .debug_ranges  0x00000000000017a8       0x70 build/obj/stm32f30x_gpio.o
 .debug_ranges  0x0000000000001818       0x10 /usr/lib/gcc/arm-none-eabi/4.8/../../../arm-none-eabi/lib/armv7e-m/libc.a(lib_a-memset.o)
 .debug_ranges  0x0000000000001828       0x10 /usr/lib/gcc/arm-none-eabi/4.8/../../../arm-none-eabi/lib/armv7e-m/libc.a(lib_a-strcasecmp.o)
 .debug_ranges  0x0000000000001838       0x10 /usr/lib/gcc/arm-none-eabi/4.8/../../../arm-none-eabi/lib/armv7e-m/libc.a(lib_a-strpbrk.o)
 .debug_ranges  0x0000000000001848       0x10 /usr/lib/gcc/arm-none-eabi/4.8/../../../arm-none-eabi/lib/armv7e-m/libc.a(lib_a-strspn.o)

.debug_line     0x0000000000000000     0x8710
 .debug_line    0x0000000000000000      0x11a build/obj/crt0.o
 .debug_line    0x000000000000011a       0xb4 build/obj/vectors.o
 .debug_line    0x00000000000001ce       0x59 build/obj/chcore.o
 .debug_line    0x0000000000000227      0x20b build/obj/chcore_v7m.o
 .debug_line    0x0000000000000432       0xf0 build/obj/nvic.o
 .debug_line    0x0000000000000522      0x1e6 build/obj/chsys.o
 .debug_line    0x0000000000000708      0x2de build/obj/chdebug.o
 .debug_line    0x00000000000009e6      0x181 build/obj/chvt.o
 .debug_line    0x0000000000000b67      0x349 build/obj/chschd.o
 .debug_line    0x0000000000000eb0      0x3ba build/obj/chthreads.o
 .debug_line    0x000000000000126a      0x227 build/obj/chdynamic.o
 .debug_line    0x0000000000001491      0x1ba build/obj/chregistry.o
 .debug_line    0x000000000000164b      0x3fa build/obj/chsem.o
 .debug_line    0x0000000000001a45      0x368 build/obj/chmtx.o
 .debug_line    0x0000000000001dad      0x35a build/obj/chevents.o
 .debug_line    0x0000000000002107      0x392 build/obj/chqueues.o
 .debug_line    0x0000000000002499      0x14c build/obj/chmemcore.o
 .debug_line    0x00000000000025e5      0x280 build/obj/chheap.o
 .debug_line    0x0000000000002865      0x1d7 build/obj/chmempools.o
 .debug_line    0x0000000000002a3c      0x296 build/obj/hal.o
 .debug_line    0x0000000000002cd2      0x3a3 build/obj/adc.o
 .debug_line    0x0000000000003075      0x371 build/obj/can.o
 .debug_line    0x00000000000033e6      0x215 build/obj/icu.o
 .debug_line    0x00000000000035fb      0x24b build/obj/pwm.o
 .debug_line    0x0000000000003846      0x38f build/obj/serial.o
 .debug_line    0x0000000000003bd5      0x434 build/obj/serial_usb.o
 .debug_line    0x0000000000004009      0x1d4 build/obj/tm.o
 .debug_line    0x00000000000041dd      0x5e5 build/obj/usb.o
 .debug_line    0x00000000000047c2      0x37a build/obj/stm32_dma.o
 .debug_line    0x0000000000004b3c      0x1b0 build/obj/hal_lld.o
 .debug_line    0x0000000000004cec      0x3eb build/obj/adc_lld.o
 .debug_line    0x00000000000050d7      0x470 build/obj/can_lld.o
 .debug_line    0x0000000000005547      0x3a5 build/obj/icu_lld.o
 .debug_line    0x00000000000058ec      0x2de build/obj/pwm_lld.o
 .debug_line    0x0000000000005bca      0x1af build/obj/pal_lld.o
 .debug_line    0x0000000000005d79      0x3b8 build/obj/serial_lld.o
 .debug_line    0x0000000000006131      0x612 build/obj/usb_lld.o
 .debug_line    0x0000000000006743      0x163 build/obj/board.o
 .debug_line    0x00000000000068a6      0x3ab build/obj/shell.o
 .debug_line    0x0000000000006c51      0x283 build/obj/chprintf.o
 .debug_line    0x0000000000006ed4      0x238 build/obj/usbcfg.o
 .debug_line    0x000000000000710c      0x487 build/obj/main.o
 .debug_line    0x0000000000007593      0x57b build/obj/stm32f30x_can.o
 .debug_line    0x0000000000007b0e      0x2c6 build/obj/stm32f30x_gpio.o
 .debug_line    0x0000000000007dd4      0x1fc /usr/lib/gcc/arm-none-eabi/4.8/armv7e-m/libgcc.a(_arm_addsubdf3.o)
 .debug_line    0x0000000000007fd0      0x21d /usr/lib/gcc/arm-none-eabi/4.8/armv7e-m/libgcc.a(_arm_muldivdf3.o)
 .debug_line    0x00000000000081ed       0x7d /usr/lib/gcc/arm-none-eabi/4.8/armv7e-m/libgcc.a(_arm_fixdfsi.o)
 .debug_line    0x000000000000826a       0x91 /usr/lib/gcc/arm-none-eabi/4.8/armv7e-m/libgcc.a(_arm_truncdfsf2.o)
 .debug_line    0x00000000000082fb      0x11a /usr/lib/gcc/arm-none-eabi/4.8/../../../arm-none-eabi/lib/armv7e-m/libc.a(lib_a-memset.o)
 .debug_line    0x0000000000008415       0xd8 /usr/lib/gcc/arm-none-eabi/4.8/../../../arm-none-eabi/lib/armv7e-m/libc.a(lib_a-strcasecmp.o)
 .debug_line    0x00000000000084ed       0xc9 /usr/lib/gcc/arm-none-eabi/4.8/../../../arm-none-eabi/lib/armv7e-m/libc.a(lib_a-strpbrk.o)
 .debug_line    0x00000000000085b6       0xef /usr/lib/gcc/arm-none-eabi/4.8/../../../arm-none-eabi/lib/armv7e-m/libc.a(lib_a-strspn.o)
 .debug_line    0x00000000000086a5       0x6b /usr/lib/gcc/arm-none-eabi/4.8/../../../arm-none-eabi/lib/armv7e-m/libc.a(lib_a-ctype_.o)

.debug_str      0x0000000000000000     0x5575
 .debug_str     0x0000000000000000      0x2f2 build/obj/crt0.o
                                        0x33d (size before relaxing)
 .debug_str     0x00000000000002f2      0x14b build/obj/vectors.o
                                        0x35e (size before relaxing)
 .debug_str     0x000000000000043d       0x33 build/obj/chcore.o
                                        0x226 (size before relaxing)
 .debug_str     0x0000000000000470      0x3aa build/obj/chcore_v7m.o
                                        0x5f1 (size before relaxing)
 .debug_str     0x000000000000081a       0x9c build/obj/nvic.o
                                        0x330 (size before relaxing)
 .debug_str     0x00000000000008b6      0x242 build/obj/chsys.o
                                        0x68e (size before relaxing)
 .debug_str     0x0000000000000af8      0x101 build/obj/chdebug.o
                                        0x5fa (size before relaxing)
 .debug_str     0x0000000000000bf9       0x52 build/obj/chvt.o
                                        0x2e9 (size before relaxing)
 .debug_str     0x0000000000000c4b       0xd4 build/obj/chschd.o
                                        0x5ba (size before relaxing)
 .debug_str     0x0000000000000d1f       0xf5 build/obj/chthreads.o
                                        0x614 (size before relaxing)
 .debug_str     0x0000000000000e14      0x113 build/obj/chdynamic.o
                                        0x55a (size before relaxing)
 .debug_str     0x0000000000000f27       0x48 build/obj/chregistry.o
                                        0x575 (size before relaxing)
 .debug_str     0x0000000000000f6f       0xce build/obj/chsem.o
                                        0x582 (size before relaxing)
 .debug_str     0x000000000000103d       0x90 build/obj/chmtx.o
                                        0x512 (size before relaxing)
 .debug_str     0x00000000000010cd      0x1bf build/obj/chevents.o
                                        0x636 (size before relaxing)
 .debug_str     0x000000000000128c      0x11f build/obj/chqueues.o
                                        0x59d (size before relaxing)
 .debug_str     0x00000000000013ab       0x76 build/obj/chmemcore.o
                                        0x2d7 (size before relaxing)
 .debug_str     0x0000000000001421       0x4e build/obj/chheap.o
                                        0x4b1 (size before relaxing)
 .debug_str     0x000000000000146f       0x5b build/obj/chmempools.o
                                        0x330 (size before relaxing)
 .debug_str     0x00000000000014ca      0x18e build/obj/hal.o
                                        0x3bc (size before relaxing)
 .debug_str     0x0000000000001658      0x3c5 build/obj/adc.o
                                        0x88d (size before relaxing)
 .debug_str     0x0000000000001a1d      0x293 build/obj/can.o
                                        0x7cc (size before relaxing)
 .debug_str     0x0000000000001cb0      0x259 build/obj/icu.o
                                        0x4e0 (size before relaxing)
 .debug_str     0x0000000000001f09      0x15d build/obj/pwm.o
                                        0x4bd (size before relaxing)
 .debug_str     0x0000000000002066      0x146 build/obj/serial.o
                                        0x724 (size before relaxing)
 .debug_str     0x00000000000021ac      0x4eb build/obj/serial_usb.o
                                        0xb18 (size before relaxing)
 .debug_str     0x0000000000002697       0x6d build/obj/tm.o
                                        0x2f7 (size before relaxing)
 .debug_str     0x0000000000002704      0x2b6 build/obj/usb.o
                                        0xb4f (size before relaxing)
 .debug_str     0x00000000000029ba      0x5c3 build/obj/stm32_dma.o
                                        0x8e9 (size before relaxing)
 .debug_str     0x0000000000002f7d       0xd8 build/obj/hal_lld.o
                                        0x3cf (size before relaxing)
 .debug_str     0x0000000000003055       0xed build/obj/adc_lld.o
                                        0xd84 (size before relaxing)
 .debug_str     0x0000000000003142      0x102 build/obj/can_lld.o
                                        0x908 (size before relaxing)
 .debug_str     0x0000000000003244       0xa2 build/obj/icu_lld.o
                                        0x5c8 (size before relaxing)
 .debug_str     0x00000000000032e6       0x5e build/obj/pwm_lld.o
                                        0x543 (size before relaxing)
 .debug_str     0x0000000000003344       0xc8 build/obj/pal_lld.o
                                        0x3e0 (size before relaxing)
 .debug_str     0x000000000000340c       0x8d build/obj/serial_lld.o
                                        0x78d (size before relaxing)
 .debug_str     0x0000000000003499      0x18d build/obj/usb_lld.o
                                        0xc29 (size before relaxing)
 .debug_str     0x0000000000003626       0x30 build/obj/board.o
                                        0x2fd (size before relaxing)
 .debug_str     0x0000000000003656      0x1ae build/obj/shell.o
                                        0x734 (size before relaxing)
 .debug_str     0x0000000000003804       0xc8 build/obj/chprintf.o
                                        0x37c (size before relaxing)
 .debug_str     0x00000000000038cc      0x12e build/obj/usbcfg.o
                                        0xa50 (size before relaxing)
 .debug_str     0x00000000000039fa     0x150d build/obj/main.o
                                       0x21e9 (size before relaxing)
 .debug_str     0x0000000000004f07      0x2b9 build/obj/stm32f30x_can.o
                                        0x818 (size before relaxing)
 .debug_str     0x00000000000051c0      0x16d build/obj/stm32f30x_gpio.o
                                        0x58c (size before relaxing)
 .debug_str     0x000000000000532d      0x10e /usr/lib/gcc/arm-none-eabi/4.8/../../../arm-none-eabi/lib/armv7e-m/libc.a(lib_a-memset.o)
                                        0x1b5 (size before relaxing)
 .debug_str     0x000000000000543b       0x4a /usr/lib/gcc/arm-none-eabi/4.8/../../../arm-none-eabi/lib/armv7e-m/libc.a(lib_a-strcasecmp.o)
                                        0x1ba (size before relaxing)
 .debug_str     0x0000000000005485       0x2f /usr/lib/gcc/arm-none-eabi/4.8/../../../arm-none-eabi/lib/armv7e-m/libc.a(lib_a-strpbrk.o)
                                        0x19c (size before relaxing)
 .debug_str     0x00000000000054b4       0x2e /usr/lib/gcc/arm-none-eabi/4.8/../../../arm-none-eabi/lib/armv7e-m/libc.a(lib_a-strspn.o)
                                        0x1a1 (size before relaxing)
 .debug_str     0x00000000000054e2       0x93 /usr/lib/gcc/arm-none-eabi/4.8/../../../arm-none-eabi/lib/armv7e-m/libc.a(lib_a-ctype_.o)
                                        0x123 (size before relaxing)

.comment        0x0000000000000000       0x3f
 .comment       0x0000000000000000       0x20 build/obj/crt0.o
                                         0x21 (size before relaxing)
 .comment       0x0000000000000020       0x21 build/obj/vectors.o
 .comment       0x0000000000000020       0x21 build/obj/chcore.o
 .comment       0x0000000000000020       0x21 build/obj/chcore_v7m.o
 .comment       0x0000000000000020       0x21 build/obj/nvic.o
 .comment       0x0000000000000020       0x21 build/obj/chsys.o
 .comment       0x0000000000000020       0x21 build/obj/chdebug.o
 .comment       0x0000000000000020       0x21 build/obj/chvt.o
 .comment       0x0000000000000020       0x21 build/obj/chschd.o
 .comment       0x0000000000000020       0x21 build/obj/chthreads.o
 .comment       0x0000000000000020       0x21 build/obj/chdynamic.o
 .comment       0x0000000000000020       0x21 build/obj/chregistry.o
 .comment       0x0000000000000020       0x21 build/obj/chsem.o
 .comment       0x0000000000000020       0x21 build/obj/chmtx.o
 .comment       0x0000000000000020       0x21 build/obj/chevents.o
 .comment       0x0000000000000020       0x21 build/obj/chqueues.o
 .comment       0x0000000000000020       0x21 build/obj/chmemcore.o
 .comment       0x0000000000000020       0x21 build/obj/chheap.o
 .comment       0x0000000000000020       0x21 build/obj/chmempools.o
 .comment       0x0000000000000020       0x21 build/obj/hal.o
 .comment       0x0000000000000020       0x21 build/obj/adc.o
 .comment       0x0000000000000020       0x21 build/obj/can.o
 .comment       0x0000000000000020       0x21 build/obj/icu.o
 .comment       0x0000000000000020       0x21 build/obj/pwm.o
 .comment       0x0000000000000020       0x21 build/obj/serial.o
 .comment       0x0000000000000020       0x21 build/obj/serial_usb.o
 .comment       0x0000000000000020       0x21 build/obj/tm.o
 .comment       0x0000000000000020       0x21 build/obj/usb.o
 .comment       0x0000000000000020       0x21 build/obj/stm32_dma.o
 .comment       0x0000000000000020       0x21 build/obj/hal_lld.o
 .comment       0x0000000000000020       0x21 build/obj/adc_lld.o
 .comment       0x0000000000000020       0x21 build/obj/can_lld.o
 .comment       0x0000000000000020       0x21 build/obj/icu_lld.o
 .comment       0x0000000000000020       0x21 build/obj/pwm_lld.o
 .comment       0x0000000000000020       0x21 build/obj/pal_lld.o
 .comment       0x0000000000000020       0x21 build/obj/serial_lld.o
 .comment       0x0000000000000020       0x21 build/obj/usb_lld.o
 .comment       0x0000000000000020       0x21 build/obj/board.o
 .comment       0x0000000000000020       0x21 build/obj/shell.o
 .comment       0x0000000000000020       0x21 build/obj/chprintf.o
 .comment       0x0000000000000020       0x21 build/obj/usbcfg.o
 .comment       0x0000000000000020       0x21 build/obj/main.o
 .comment       0x0000000000000020       0x21 build/obj/stm32f30x_can.o
 .comment       0x0000000000000020       0x21 build/obj/stm32f30x_gpio.o
 .comment       0x0000000000000020       0x1f /usr/lib/gcc/arm-none-eabi/4.8/../../../arm-none-eabi/lib/armv7e-m/libc.a(lib_a-memset.o)
                                         0x20 (size before relaxing)
 .comment       0x000000000000003f       0x20 /usr/lib/gcc/arm-none-eabi/4.8/../../../arm-none-eabi/lib/armv7e-m/libc.a(lib_a-strcasecmp.o)
 .comment       0x000000000000003f       0x20 /usr/lib/gcc/arm-none-eabi/4.8/../../../arm-none-eabi/lib/armv7e-m/libc.a(lib_a-strpbrk.o)
 .comment       0x000000000000003f       0x20 /usr/lib/gcc/arm-none-eabi/4.8/../../../arm-none-eabi/lib/armv7e-m/libc.a(lib_a-strspn.o)
 .comment       0x000000000000003f       0x20 /usr/lib/gcc/arm-none-eabi/4.8/../../../arm-none-eabi/lib/armv7e-m/libc.a(lib_a-ctype_.o)

.ARM.attributes
                0x0000000000000000       0x35
 .ARM.attributes
                0x0000000000000000       0x37 build/obj/crt0.o
 .ARM.attributes
                0x0000000000000037       0x37 build/obj/vectors.o
 .ARM.attributes
                0x000000000000006e       0x37 build/obj/chcore.o
 .ARM.attributes
                0x00000000000000a5       0x37 build/obj/chcore_v7m.o
 .ARM.attributes
                0x00000000000000dc       0x37 build/obj/nvic.o
 .ARM.attributes
                0x0000000000000113       0x37 build/obj/chsys.o
 .ARM.attributes
                0x000000000000014a       0x37 build/obj/chdebug.o
 .ARM.attributes
                0x0000000000000181       0x37 build/obj/chvt.o
 .ARM.attributes
                0x00000000000001b8       0x37 build/obj/chschd.o
 .ARM.attributes
                0x00000000000001ef       0x37 build/obj/chthreads.o
 .ARM.attributes
                0x0000000000000226       0x37 build/obj/chdynamic.o
 .ARM.attributes
                0x000000000000025d       0x37 build/obj/chregistry.o
 .ARM.attributes
                0x0000000000000294       0x37 build/obj/chsem.o
 .ARM.attributes
                0x00000000000002cb       0x37 build/obj/chmtx.o
 .ARM.attributes
                0x0000000000000302       0x37 build/obj/chevents.o
 .ARM.attributes
                0x0000000000000339       0x37 build/obj/chqueues.o
 .ARM.attributes
                0x0000000000000370       0x37 build/obj/chmemcore.o
 .ARM.attributes
                0x00000000000003a7       0x37 build/obj/chheap.o
 .ARM.attributes
                0x00000000000003de       0x37 build/obj/chmempools.o
 .ARM.attributes
                0x0000000000000415       0x37 build/obj/hal.o
 .ARM.attributes
                0x000000000000044c       0x37 build/obj/adc.o
 .ARM.attributes
                0x0000000000000483       0x37 build/obj/can.o
 .ARM.attributes
                0x00000000000004ba       0x37 build/obj/icu.o
 .ARM.attributes
                0x00000000000004f1       0x37 build/obj/pwm.o
 .ARM.attributes
                0x0000000000000528       0x37 build/obj/serial.o
 .ARM.attributes
                0x000000000000055f       0x37 build/obj/serial_usb.o
 .ARM.attributes
                0x0000000000000596       0x37 build/obj/tm.o
 .ARM.attributes
                0x00000000000005cd       0x37 build/obj/usb.o
 .ARM.attributes
                0x0000000000000604       0x37 build/obj/stm32_dma.o
 .ARM.attributes
                0x000000000000063b       0x37 build/obj/hal_lld.o
 .ARM.attributes
                0x0000000000000672       0x37 build/obj/adc_lld.o
 .ARM.attributes
                0x00000000000006a9       0x37 build/obj/can_lld.o
 .ARM.attributes
                0x00000000000006e0       0x37 build/obj/icu_lld.o
 .ARM.attributes
                0x0000000000000717       0x37 build/obj/pwm_lld.o
 .ARM.attributes
                0x000000000000074e       0x37 build/obj/pal_lld.o
 .ARM.attributes
                0x0000000000000785       0x37 build/obj/serial_lld.o
 .ARM.attributes
                0x00000000000007bc       0x37 build/obj/usb_lld.o
 .ARM.attributes
                0x00000000000007f3       0x37 build/obj/board.o
 .ARM.attributes
                0x000000000000082a       0x37 build/obj/shell.o
 .ARM.attributes
                0x0000000000000861       0x37 build/obj/chprintf.o
 .ARM.attributes
                0x0000000000000898       0x37 build/obj/usbcfg.o
 .ARM.attributes
                0x00000000000008cf       0x37 build/obj/main.o
 .ARM.attributes